Archive member included to satisfy reference by file (symbol)

../../../libopencm3/lib/libopencm3_stm32f4.a(adc.o)
                              HAL.o (adc_set_sample_time_on_all_channels)
../../../libopencm3/lib/libopencm3_stm32f4.a(adc_common_v1.o)
                              HAL.o (adc_power_off)
../../../libopencm3/lib/libopencm3_stm32f4.a(rcc.o)
                              HAL.o (rcc_clock_setup_hse_3v3)
../../../libopencm3/lib/libopencm3_stm32f4.a(gpio_common_f0234.o)
                              HAL.o (gpio_mode_setup)
../../../libopencm3/lib/libopencm3_stm32f4.a(timer_common_all.o)
                              HAL.o (timer_set_mode)
../../../libopencm3/lib/libopencm3_stm32f4.a(usart_common_all.o)
                              HAL.o (usart_set_baudrate)
../../../libopencm3/lib/libopencm3_stm32f4.a(usart_common_f124.o)
                              ../../../libopencm3/lib/libopencm3_stm32f4.a(usart_common_all.o) (usart_send)
../../../libopencm3/lib/libopencm3_stm32f4.a(flash_common_f234.o)
                              ../../../libopencm3/lib/libopencm3_stm32f4.a(rcc.o) (flash_set_ws)
../../../libopencm3/lib/libopencm3_stm32f4.a(rcc_common_all.o)
                              HAL.o (rcc_periph_clock_enable)
../../../libopencm3/lib/libopencm3_stm32f4.a(vector.o)
                              (reset_handler)
../../../libopencm3/lib/libopencm3_stm32f4.a(systick.o)
                              HAL.o (systick_set_reload)
../../../libopencm3/lib/libopencm3_stm32f4.a(nvic.o)
                              HAL.o (nvic_enable_irq)
../../../libopencm3/lib/libopencm3_stm32f4.a(pwr.o)
                              ../../../libopencm3/lib/libopencm3_stm32f4.a(rcc.o) (pwr_set_vos_scale)
/usr/lib/gcc/arm-none-eabi/4.9.3/../../../arm-none-eabi/lib/armv7e-m/fpu/libc.a(lib_a-malloc.o)
                              kiss_fft.o (malloc)
/usr/lib/gcc/arm-none-eabi/4.9.3/../../../arm-none-eabi/lib/armv7e-m/fpu/libc.a(lib_a-mallocr.o)
                              /usr/lib/gcc/arm-none-eabi/4.9.3/../../../arm-none-eabi/lib/armv7e-m/fpu/libc.a(lib_a-malloc.o) (_malloc_r)
/usr/lib/gcc/arm-none-eabi/4.9.3/../../../arm-none-eabi/lib/armv7e-m/fpu/libc.a(lib_a-memcpy.o)
                              kiss_fft.o (memcpy)
/usr/lib/gcc/arm-none-eabi/4.9.3/../../../arm-none-eabi/lib/armv7e-m/fpu/libc.a(lib_a-mlock.o)
                              /usr/lib/gcc/arm-none-eabi/4.9.3/../../../arm-none-eabi/lib/armv7e-m/fpu/libc.a(lib_a-mallocr.o) (__malloc_lock)
/usr/lib/gcc/arm-none-eabi/4.9.3/../../../arm-none-eabi/lib/armv7e-m/fpu/libc.a(lib_a-sbrkr.o)
                              /usr/lib/gcc/arm-none-eabi/4.9.3/../../../arm-none-eabi/lib/armv7e-m/fpu/libc.a(lib_a-mallocr.o) (_sbrk_r)
/usr/lib/gcc/arm-none-eabi/4.9.3/../../../arm-none-eabi/lib/armv7e-m/fpu/libc.a(lib_a-strlen.o)
                              HAL.o (strlen)
/usr/lib/gcc/arm-none-eabi/4.9.3/../../../arm-none-eabi/lib/armv7e-m/fpu/libc.a(lib_a-freer.o)
                              /usr/lib/gcc/arm-none-eabi/4.9.3/../../../arm-none-eabi/lib/armv7e-m/fpu/libc.a(lib_a-malloc.o) (_free_r)
/usr/lib/gcc/arm-none-eabi/4.9.3/../../../arm-none-eabi/lib/armv7e-m/fpu/libc.a(lib_a-impure.o)
                              /usr/lib/gcc/arm-none-eabi/4.9.3/../../../arm-none-eabi/lib/armv7e-m/fpu/libc.a(lib_a-malloc.o) (_impure_ptr)
/usr/lib/gcc/arm-none-eabi/4.9.3/../../../arm-none-eabi/lib/armv7e-m/fpu/libc.a(lib_a-reent.o)
                              /usr/lib/gcc/arm-none-eabi/4.9.3/../../../arm-none-eabi/lib/armv7e-m/fpu/libc.a(lib_a-sbrkr.o) (errno)
/usr/lib/gcc/arm-none-eabi/4.9.3/armv7e-m/fpu/libgcc.a(_arm_addsubdf3.o)
                              kiss_fft.o (__aeabi_dsub)
/usr/lib/gcc/arm-none-eabi/4.9.3/armv7e-m/fpu/libgcc.a(_arm_muldivdf3.o)
                              kiss_fft.o (__aeabi_dmul)
/usr/lib/gcc/arm-none-eabi/4.9.3/armv7e-m/fpu/libgcc.a(_arm_cmpdf2.o)
                              kiss_fft.o (__aeabi_dcmpgt)
/usr/lib/gcc/arm-none-eabi/4.9.3/armv7e-m/fpu/libgcc.a(_arm_fixunsdfsi.o)
                              main.o (__aeabi_d2uiz)
/usr/lib/gcc/arm-none-eabi/4.9.3/../../../arm-none-eabi/lib/armv7e-m/fpu/libnosys.a(sbrk.o)
                              /usr/lib/gcc/arm-none-eabi/4.9.3/../../../arm-none-eabi/lib/armv7e-m/fpu/libc.a(lib_a-sbrkr.o) (_sbrk)
/usr/lib/gcc/arm-none-eabi/4.9.3/../../../arm-none-eabi/lib/armv7e-m/fpu/libm.a(lib_a-s_cos.o)
                              kiss_fft.o (cos)
/usr/lib/gcc/arm-none-eabi/4.9.3/../../../arm-none-eabi/lib/armv7e-m/fpu/libm.a(lib_a-s_floor.o)
                              kiss_fft.o (floor)
/usr/lib/gcc/arm-none-eabi/4.9.3/../../../arm-none-eabi/lib/armv7e-m/fpu/libm.a(lib_a-s_sin.o)
                              kiss_fft.o (sin)
/usr/lib/gcc/arm-none-eabi/4.9.3/../../../arm-none-eabi/lib/armv7e-m/fpu/libm.a(lib_a-w_sqrt.o)
                              kiss_fft.o (sqrt)
/usr/lib/gcc/arm-none-eabi/4.9.3/../../../arm-none-eabi/lib/armv7e-m/fpu/libm.a(lib_a-e_rem_pio2.o)
[...]
Memory Configuration

Name             Origin             Length             Attributes
rom              0x0000000008000000 0x0000000000100000 xr
ram              0x0000000020000000 0x0000000000020000 xrw
*default*        0x0000000000000000 0xffffffffffffffff

Linker script and memory map

LOAD /usr/lib/gcc/arm-none-eabi/4.9.3/../../../arm-none-eabi/lib/armv7e-m/fpu/libm.a
LOAD HAL.o
LOAD kiss_fft.o
LOAD mini-printf.o
LOAD main.o
LOAD ../../../libopencm3/lib/libopencm3_stm32f4.a
START GROUP
LOAD /usr/lib/gcc/arm-none-eabi/4.9.3/../../../arm-none-eabi/lib/armv7e-m/fpu/libc.a
LOAD /usr/lib/gcc/arm-none-eabi/4.9.3/armv7e-m/fpu/libgcc.a
LOAD /usr/lib/gcc/arm-none-eabi/4.9.3/../../../arm-none-eabi/lib/armv7e-m/fpu/libnosys.a
END GROUP
LOAD /usr/lib/gcc/arm-none-eabi/4.9.3/../../../arm-none-eabi/lib/armv7e-m/fpu/libm.a
START GROUP
LOAD /usr/lib/gcc/arm-none-eabi/4.9.3/armv7e-m/fpu/libgcc.a
LOAD /usr/lib/gcc/arm-none-eabi/4.9.3/../../../arm-none-eabi/lib/armv7e-m/fpu/libc.a
END GROUP

.text           0x0000000008000000     0x138c
 *(.vectors)
 .vectors       0x0000000008000000      0x1ac ../../../libopencm3/lib/libopencm3_stm32f4.a(vector.o)
                0x0000000008000000                vector_table
 *(.text*)
 .text.clock_setup
                0x00000000080001ac       0x30 HAL.o
                0x00000000080001ac                clock_setup
 .text.sys_tick_handler
                0x00000000080001dc       0x64 HAL.o
                0x00000000080001dc                sys_tick_handler
 .text.usart_setup
                0x0000000008000240       0x44 HAL.o
                0x0000000008000240                usart_setup
 .text.systick_setup
                0x0000000008000284       0x1c HAL.o
                0x0000000008000284                systick_setup
 .text.tim_setup
                0x00000000080002a0       0xb0 HAL.o
                0x00000000080002a0                tim_setup
 .text.adc_setup
                0x0000000008000350       0x44 HAL.o
                0x0000000008000350                adc_setup
 .text.gpio_setup
                0x0000000008000394       0x90 HAL.o
                0x0000000008000394                gpio_setup
 .text.usart_print
                0x0000000008000424       0x24 HAL.o
                0x0000000008000424                usart_print
 .text._putc.4318
                0x0000000008000448       0x2c mini-printf.o
 .text._puts.4322
                0x0000000008000474       0x3a mini-printf.o
 .text.mini_itoa.part.0
                0x00000000080004ae       0x82 mini-printf.o
 .text.mini_vsnprintf
                0x0000000008000530       0xf0 mini-printf.o
                0x0000000008000530                mini_vsnprintf
 .text.mini_snprintf
                0x0000000008000620       0x1a mini-printf.o
                0x0000000008000620                mini_snprintf
 *fill*         0x000000000800063a        0x2 
 .text.startup.main
                0x000000000800063c       0x98 main.o
                0x000000000800063c                main
 .text.adc_set_sample_time_on_all_channels
                0x00000000080006d4       0x2a ../../../libopencm3/lib/libopencm3_stm32f4.a(adc.o)
                0x00000000080006d4                adc_set_sample_time_on_all_channels
 .text.adc_power_on
                0x00000000080006fe        0xa ../../../libopencm3/lib/libopencm3_stm32f4.a(adc.o)
                0x00000000080006fe                adc_power_on
 .text.adc_power_off
                0x0000000008000708        0xa ../../../libopencm3/lib/libopencm3_stm32f4.a(adc_common_v1.o)
                0x0000000008000708                adc_power_off
 .text.adc_disable_scan_mode
                0x0000000008000712        0xa ../../../libopencm3/lib/libopencm3_stm32f4.a(adc_common_v1.o)
                0x0000000008000712                adc_disable_scan_mode
 .text.adc_eoc  0x000000000800071c        0x8 ../../../libopencm3/lib/libopencm3_stm32f4.a(adc_common_v1.o)
                0x000000000800071c                adc_eoc
 .text.adc_read_regular
                0x0000000008000724        0x4 ../../../libopencm3/lib/libopencm3_stm32f4.a(adc_common_v1.o)
                0x0000000008000724                adc_read_regular
 .text.adc_set_regular_sequence
                0x0000000008000728       0x74 ../../../libopencm3/lib/libopencm3_stm32f4.a(adc_common_v1.o)
                0x0000000008000728                adc_set_regular_sequence
 .text.adc_start_conversion_regular
                0x000000000800079c       0x14 ../../../libopencm3/lib/libopencm3_stm32f4.a(adc_common_v1.o)
                0x000000000800079c                adc_start_conversion_regular
 .text.rcc_is_osc_ready
                0x00000000080007b0       0x5c ../../../libopencm3/lib/libopencm3_stm32f4.a(rcc.o)
                0x00000000080007b0                rcc_is_osc_ready
 .text.rcc_wait_for_osc_ready
                0x000000000800080c       0x10 ../../../libopencm3/lib/libopencm3_stm32f4.a(rcc.o)
                0x000000000800080c                rcc_wait_for_osc_ready
 .text.rcc_osc_on
                0x000000000800081c       0x58 ../../../libopencm3/lib/libopencm3_stm32f4.a(rcc.o)
                0x000000000800081c                rcc_osc_on
 .text.rcc_osc_off
                0x0000000008000874       0x58 ../../../libopencm3/lib/libopencm3_stm32f4.a(rcc.o)
                0x0000000008000874                rcc_osc_off
 .text.rcc_set_sysclk_source
                0x00000000080008cc       0x14 ../../../libopencm3/lib/libopencm3_stm32f4.a(rcc.o)
                0x00000000080008cc                rcc_set_sysclk_source
 .text.rcc_set_ppre2
                0x00000000080008e0       0x14 ../../../libopencm3/lib/libopencm3_stm32f4.a(rcc.o)
                0x00000000080008e0                rcc_set_ppre2
 .text.rcc_set_ppre1
                0x00000000080008f4       0x14 ../../../libopencm3/lib/libopencm3_stm32f4.a(rcc.o)
                0x00000000080008f4                rcc_set_ppre1
 .text.rcc_set_hpre
                0x0000000008000908       0x14 ../../../libopencm3/lib/libopencm3_stm32f4.a(rcc.o)
                0x0000000008000908                rcc_set_hpre
 .text.rcc_set_main_pll_hse
                0x000000000800091c       0x44 ../../../libopencm3/lib/libopencm3_stm32f4.a(rcc.o)
                0x000000000800091c                rcc_set_main_pll_hse
 .text.rcc_clock_setup_hse_3v3
                0x0000000008000960       0xa8 ../../../libopencm3/lib/libopencm3_stm32f4.a(rcc.o)
                0x0000000008000960                rcc_clock_setup_hse_3v3
 .text.gpio_mode_setup
                0x0000000008000a08       0x3a ../../../libopencm3/lib/libopencm3_stm32f4.a(gpio_common_f0234.o)
                0x0000000008000a08                gpio_mode_setup
 .text.gpio_set_output_options
                0x0000000008000a42       0x36 ../../../libopencm3/lib/libopencm3_stm32f4.a(gpio_common_f0234.o)
                0x0000000008000a42                gpio_set_output_options
 .text.gpio_set_af
                0x0000000008000a78       0x54 ../../../libopencm3/lib/libopencm3_stm32f4.a(gpio_common_f0234.o)
                0x0000000008000a78                gpio_set_af
 .text.timer_set_mode
                0x0000000008000acc       0x12 ../../../libopencm3/lib/libopencm3_stm32f4.a(timer_common_all.o)
                0x0000000008000acc                timer_set_mode
 .text.timer_enable_counter
                0x0000000008000ade        0xa ../../../libopencm3/lib/libopencm3_stm32f4.a(timer_common_all.o)
                0x0000000008000ade                timer_enable_counter
 .text.timer_set_prescaler
                0x0000000008000ae8        0x4 ../../../libopencm3/lib/libopencm3_stm32f4.a(timer_common_all.o)
                0x0000000008000ae8                timer_set_prescaler
 .text.timer_set_period
                0x0000000008000aec        0x4 ../../../libopencm3/lib/libopencm3_stm32f4.a(timer_common_all.o)
                0x0000000008000aec                timer_set_period
 .text.timer_set_oc_mode
                0x0000000008000af0      0x198 ../../../libopencm3/lib/libopencm3_stm32f4.a(timer_common_all.o)
                0x0000000008000af0                timer_set_oc_mode
 .text.timer_enable_oc_output
                0x0000000008000c88       0x74 ../../../libopencm3/lib/libopencm3_stm32f4.a(timer_common_all.o)
                0x0000000008000c88                timer_enable_oc_output
 .text.timer_set_oc_value
                0x0000000008000cfc       0x20 ../../../libopencm3/lib/libopencm3_stm32f4.a(timer_common_all.o)
                0x0000000008000cfc                timer_set_oc_value
 .text.usart_set_baudrate
                0x0000000008000d1c       0x30 ../../../libopencm3/lib/libopencm3_stm32f4.a(usart_common_all.o)
                0x0000000008000d1c                usart_set_baudrate
 .text.usart_set_databits
                0x0000000008000d4c       0x12 ../../../libopencm3/lib/libopencm3_stm32f4.a(usart_common_all.o)
                0x0000000008000d4c                usart_set_databits
 .text.usart_set_stopbits
                0x0000000008000d5e        0xc ../../../libopencm3/lib/libopencm3_stm32f4.a(usart_common_all.o)
                0x0000000008000d5e                usart_set_stopbits
 .text.usart_set_parity
                0x0000000008000d6a        0xc ../../../libopencm3/lib/libopencm3_stm32f4.a(usart_common_all.o)
                0x0000000008000d6a                usart_set_parity
 .text.usart_set_mode
                0x0000000008000d76        0xc ../../../libopencm3/lib/libopencm3_stm32f4.a(usart_common_all.o)
                0x0000000008000d76                usart_set_mode
 .text.usart_set_flow_control
                0x0000000008000d82        0xc ../../../libopencm3/lib/libopencm3_stm32f4.a(usart_common_all.o)
                0x0000000008000d82                usart_set_flow_control
 .text.usart_enable
                0x0000000008000d8e        0xa ../../../libopencm3/lib/libopencm3_stm32f4.a(usart_common_all.o)
                0x0000000008000d8e                usart_enable
 .text.usart_send_blocking
                0x0000000008000d98       0x16 ../../../libopencm3/lib/libopencm3_stm32f4.a(usart_common_all.o)
                0x0000000008000d98                usart_send_blocking
 .text.usart_send
                0x0000000008000dae        0x8 ../../../libopencm3/lib/libopencm3_stm32f4.a(usart_common_f124.o)
                0x0000000008000dae                usart_send
 .text.usart_wait_send_ready
                0x0000000008000db6        0x8 ../../../libopencm3/lib/libopencm3_stm32f4.a(usart_common_f124.o)
                0x0000000008000db6                usart_wait_send_ready
 *fill*         0x0000000008000dbe        0x2 
 .text.flash_set_ws
                0x0000000008000dc0       0x14 ../../../libopencm3/lib/libopencm3_stm32f4.a(flash_common_f234.o)
                0x0000000008000dc0                flash_set_ws
 .text.rcc_periph_clock_enable
                0x0000000008000dd4       0x1a ../../../libopencm3/lib/libopencm3_stm32f4.a(rcc_common_all.o)
                0x0000000008000dd4                rcc_periph_clock_enable
 .text.blocking_handler
                0x0000000008000dee        0x2 ../../../libopencm3/lib/libopencm3_stm32f4.a(vector.o)
                0x0000000008000dee                dma2_stream1_isr
                0x0000000008000dee                tim8_brk_tim12_isr
                0x0000000008000dee                dma1_stream7_isr
                0x0000000008000dee                usart3_isr
                0x0000000008000dee                tim7_isr
                0x0000000008000dee                dma2d_isr
                0x0000000008000dee                uart8_isr
                0x0000000008000dee                dma1_stream2_isr
                0x0000000008000dee                otg_hs_isr
                0x0000000008000dee                blocking_handler
                0x0000000008000dee                tim5_isr
                0x0000000008000dee                rtc_wkup_isr
                0x0000000008000dee                otg_fs_isr
                0x0000000008000dee                spi1_isr
                0x0000000008000dee                i2c3_er_isr
                0x0000000008000dee                exti2_isr
                0x0000000008000dee                spi5_isr
                0x0000000008000dee                usb_fs_wkup_isr
                0x0000000008000dee                tamp_stamp_isr
                0x0000000008000dee                can1_rx1_isr
                0x0000000008000dee                dma2_stream0_isr
                0x0000000008000dee                usart1_isr
                0x0000000008000dee                i2c3_ev_isr
                0x0000000008000dee                usage_fault_handler
                0x0000000008000dee                can2_rx0_isr
                0x0000000008000dee                dma1_stream6_isr
                0x0000000008000dee                can2_rx1_isr
                0x0000000008000dee                can1_sce_isr
                0x0000000008000dee                tim1_cc_isr
                0x0000000008000dee                can1_tx_isr
                0x0000000008000dee                tim1_up_tim10_isr
                0x0000000008000dee                sdio_isr
                0x0000000008000dee                eth_isr
                0x0000000008000dee                spi6_isr
                0x0000000008000dee                dma2_stream5_isr
                0x0000000008000dee                pvd_isr
                0x0000000008000dee                can1_rx0_isr
                0x0000000008000dee                rcc_isr
                0x0000000008000dee                dma2_stream3_isr
                0x0000000008000dee                flash_isr
                0x0000000008000dee                uart4_isr
                0x0000000008000dee                lcd_tft_isr
                0x0000000008000dee                rtc_alarm_isr
                0x0000000008000dee                exti15_10_isr
                0x0000000008000dee                hash_rng_isr
                0x0000000008000dee                tim1_trg_com_tim11_isr
                0x0000000008000dee                hard_fault_handler
                0x0000000008000dee                exti1_isr
                0x0000000008000dee                i2c1_ev_isr
                0x0000000008000dee                usart6_isr
                0x0000000008000dee                spi2_isr
                0x0000000008000dee                cryp_isr
                0x0000000008000dee                nvic_wwdg_isr
                0x0000000008000dee                dma1_stream1_isr
                0x0000000008000dee                dma2_stream4_isr
                0x0000000008000dee                exti3_isr
                0x0000000008000dee                tim3_isr
                0x0000000008000dee                usart2_isr
                0x0000000008000dee                sai1_isr
                0x0000000008000dee                fpu_isr
                0x0000000008000dee                dma1_stream4_isr
                0x0000000008000dee                i2c2_er_isr
                0x0000000008000dee                i2c2_ev_isr
                0x0000000008000dee                uart5_isr
                0x0000000008000dee                dma2_stream6_isr
                0x0000000008000dee                spi4_isr
                0x0000000008000dee                adc_isr
                0x0000000008000dee                dma2_stream7_isr
                0x0000000008000dee                tim8_up_tim13_isr
                0x0000000008000dee                fsmc_isr
                0x0000000008000dee                exti4_isr
                0x0000000008000dee                tim6_dac_isr
                0x0000000008000dee                dma1_stream3_isr
                0x0000000008000dee                tim8_trg_com_tim14_isr
                0x0000000008000dee                mem_manage_handler
                0x0000000008000dee                lcd_tft_err_isr
                0x0000000008000dee                can2_tx_isr
                0x0000000008000dee                exti9_5_isr
                0x0000000008000dee                tim1_brk_tim9_isr
                0x0000000008000dee                uart7_isr
                0x0000000008000dee                can2_sce_isr
                0x0000000008000dee                tim4_isr
                0x0000000008000dee                otg_hs_wkup_isr
                0x0000000008000dee                i2c1_er_isr
                0x0000000008000dee                dma1_stream0_isr
                0x0000000008000dee                tim8_cc_isr
                0x0000000008000dee                dcmi_isr
                0x0000000008000dee                dma2_stream2_isr
                0x0000000008000dee                eth_wkup_isr
                0x0000000008000dee                bus_fault_handler
                0x0000000008000dee                otg_hs_ep1_out_isr
                0x0000000008000dee                spi3_isr
                0x0000000008000dee                dma1_stream5_isr
                0x0000000008000dee                otg_hs_ep1_in_isr
                0x0000000008000dee                tim2_isr
                0x0000000008000dee                exti0_isr
 .text.null_handler
                0x0000000008000df0        0x2 ../../../libopencm3/lib/libopencm3_stm32f4.a(vector.o)
                0x0000000008000df0                null_handler
                0x0000000008000df0                sv_call_handler
                0x0000000008000df0                pend_sv_handler
                0x0000000008000df0                debug_monitor_handler
                0x0000000008000df0                nmi_handler
 *fill*         0x0000000008000df2        0x2 
 .text.reset_handler
                0x0000000008000df4       0x98 ../../../libopencm3/lib/libopencm3_stm32f4.a(vector.o)
                0x0000000008000df4                reset_handler
 .text.systick_set_reload
                0x0000000008000e8c       0x10 ../../../libopencm3/lib/libopencm3_stm32f4.a(systick.o)
                0x0000000008000e8c                systick_set_reload
 .text.systick_set_clocksource
                0x0000000008000e9c       0x18 ../../../libopencm3/lib/libopencm3_stm32f4.a(systick.o)
                0x0000000008000e9c                systick_set_clocksource
 .text.systick_interrupt_enable
                0x0000000008000eb4       0x10 ../../../libopencm3/lib/libopencm3_stm32f4.a(systick.o)
                0x0000000008000eb4                systick_interrupt_enable
 .text.systick_counter_enable
                0x0000000008000ec4       0x10 ../../../libopencm3/lib/libopencm3_stm32f4.a(systick.o)
                0x0000000008000ec4                systick_counter_enable
 .text.nvic_enable_irq
                0x0000000008000ed4       0x18 ../../../libopencm3/lib/libopencm3_stm32f4.a(nvic.o)
                0x0000000008000ed4                nvic_enable_irq
 .text.pwr_set_vos_scale
                0x0000000008000eec       0x20 ../../../libopencm3/lib/libopencm3_stm32f4.a(pwr.o)
                0x0000000008000eec                pwr_set_vos_scale
 .text.strlen   0x0000000008000f0c       0x5c /usr/lib/gcc/arm-none-eabi/4.9.3/../../../arm-none-eabi/lib/armv7e-m/fpu/libc.a(lib_a-strlen.o)
                0x0000000008000f0c                strlen
 .text          0x0000000008000f68      0x370 /usr/lib/gcc/arm-none-eabi/4.9.3/armv7e-m/fpu/libgcc.a(_arm_addsubdf3.o)
                0x0000000008000f68                __aeabi_drsub
                0x0000000008000f70                __aeabi_dsub
                0x0000000008000f70                __subdf3
                0x0000000008000f74                __adddf3
                0x0000000008000f74                __aeabi_dadd
                0x00000000080011ec                __aeabi_ui2d
                0x00000000080011ec                __floatunsidf
                0x000000000800120c                __floatsidf
                0x000000000800120c                __aeabi_i2d
                0x0000000008001230                __extendsfdf2
                0x0000000008001230                __aeabi_f2d
                0x000000000800126c                __aeabi_ul2d
                0x000000000800126c                __floatundidf
                0x000000000800127c                __floatdidf
                0x000000000800127c                __aeabi_l2d
 .text          0x00000000080012d8       0x40 /usr/lib/gcc/arm-none-eabi/4.9.3/armv7e-m/fpu/libgcc.a(_arm_fixunsdfsi.o)
                0x00000000080012d8                __fixunsdfsi
                0x00000000080012d8                __aeabi_d2uiz
                0x0000000008001318                . = ALIGN (0x4)
 *(.rodata*)
 .rodata.str1.1
                0x0000000008001318        0x3 main.o
 *fill*         0x000000000800131b        0x1 
 .rodata.rcc_hse_8mhz_3v3
                0x000000000800131c       0x70 ../../../libopencm3/lib/libopencm3_stm32f4.a(rcc.o)
                0x000000000800131c                rcc_hse_8mhz_3v3
                0x000000000800138c                . = ALIGN (0x4)

.glue_7         0x000000000800138c        0x0
 .glue_7        0x000000000800138c        0x0 linker stubs

.glue_7t        0x000000000800138c        0x0
 .glue_7t       0x000000000800138c        0x0 linker stubs

.vfp11_veneer   0x000000000800138c        0x0
 .vfp11_veneer  0x000000000800138c        0x0 linker stubs

.v4_bx          0x000000000800138c        0x0
 .v4_bx         0x000000000800138c        0x0 linker stubs

.iplt           0x000000000800138c        0x0
 .iplt          0x000000000800138c        0x0 HAL.o

.rel.dyn        0x000000000800138c        0x0
 .rel.iplt      0x000000000800138c        0x0 HAL.o

.preinit_array  0x000000000800138c        0x0
                0x000000000800138c                . = ALIGN (0x4)
                0x000000000800138c                __preinit_array_start = .
 *(.preinit_array)
                0x000000000800138c                __preinit_array_end = .

.init_array     0x000000000800138c        0x0
                0x000000000800138c                . = ALIGN (0x4)
                0x000000000800138c                __init_array_start = .
 *(SORT(.init_array.*))
 *(.init_array)
                0x000000000800138c                __init_array_end = .

.fini_array     0x000000000800138c        0x0
                0x000000000800138c                . = ALIGN (0x4)
                0x000000000800138c                __fini_array_start = .
 *(.fini_array)
 *(SORT(.fini_array.*))
                0x000000000800138c                __fini_array_end = .

.ARM.extab
 *(.ARM.extab*)

.ARM.exidx      0x000000000800138c        0x0
                0x000000000800138c                __exidx_start = .
 *(.ARM.exidx*)
                0x000000000800138c                __exidx_end = .
                0x000000000800138c                . = ALIGN (0x4)
                0x000000000800138c                _etext = .

.data           0x0000000020000000        0xc load address 0x000000000800138c
                0x0000000020000000                _data = .
 *(.data*)
 .data.rcc_ahb_frequency
                0x0000000020000000        0x4 ../../../libopencm3/lib/libopencm3_stm32f4.a(rcc.o)
                0x0000000020000000                rcc_ahb_frequency
 .data.rcc_apb1_frequency
                0x0000000020000004        0x4 ../../../libopencm3/lib/libopencm3_stm32f4.a(rcc.o)
                0x0000000020000004                rcc_apb1_frequency
 .data.rcc_apb2_frequency
                0x0000000020000008        0x4 ../../../libopencm3/lib/libopencm3_stm32f4.a(rcc.o)
                0x0000000020000008                rcc_apb2_frequency
                0x000000002000000c                . = ALIGN (0x4)
                0x000000002000000c                _edata = .
                0x000000000800138c                _data_loadaddr = LOADADDR (.data)

.igot.plt       0x000000002000000c        0x0 load address 0x0000000008001398
 .igot.plt      0x000000002000000c        0x0 HAL.o

.bss            0x0000000020000010     0x401c load address 0x0000000008001398
 *(.bss*)
 .bss.data_ready_flag
                0x0000000020000010        0x1 HAL.o
                0x0000000020000010                data_ready_flag
 .bss.channel_array
                0x0000000020000011       0x10 HAL.o
                0x0000000020000011                channel_array
 *fill*         0x0000000020000021        0x7 
 .bss.timedata  0x0000000020000028     0x4000 HAL.o
                0x0000000020000028                timedata
 .bss.sample_count
                0x0000000020004028        0x4 HAL.o
                0x0000000020004028                sample_count
 *(COMMON)
                0x000000002000402c                . = ALIGN (0x4)
                0x000000002000402c                _ebss = .

/DISCARD/
 *(.eh_frame)
                0x000000002000402c                . = ALIGN (0x4)
                0x000000002000402c                end = .
                0x0000000020020000                PROVIDE (_stack, (ORIGIN (ram) + LENGTH (ram)))
OUTPUT(main.elf elf32-littlearm)

.debug_info     0x0000000000000000     0x5d82
 .debug_info    0x0000000000000000     0x11fc HAL.o
 .debug_info    0x00000000000011fc      0x554 mini-printf.o
 .debug_info    0x0000000000001750      0x319 main.o
 .debug_info    0x0000000000001a69      0x459 ../../../libopencm3/lib/libopencm3_stm32f4.a(adc.o)
 .debug_info    0x0000000000001ec2      0x7b4 ../../../libopencm3/lib/libopencm3_stm32f4.a(adc_common_v1.o)
 .debug_info    0x0000000000002676      0x953 ../../../libopencm3/lib/libopencm3_stm32f4.a(rcc.o)
 .debug_info    0x0000000000002fc9      0x1eb ../../../libopencm3/lib/libopencm3_stm32f4.a(gpio_common_f0234.o)
 .debug_info    0x00000000000031b4     0x11ff ../../../libopencm3/lib/libopencm3_stm32f4.a(timer_common_all.o)
 .debug_info    0x00000000000043b3      0x4cf ../../../libopencm3/lib/libopencm3_stm32f4.a(usart_common_all.o)
 .debug_info    0x0000000000004882      0x17a ../../../libopencm3/lib/libopencm3_stm32f4.a(usart_common_f124.o)
 .debug_info    0x00000000000049fc      0x11f ../../../libopencm3/lib/libopencm3_stm32f4.a(flash_common_f234.o)
 .debug_info    0x0000000000004b1b      0x858 ../../../libopencm3/lib/libopencm3_stm32f4.a(rcc_common_all.o)
 .debug_info    0x0000000000005373      0x2af ../../../libopencm3/lib/libopencm3_stm32f4.a(vector.o)
 .debug_info    0x0000000000005622      0x255 ../../../libopencm3/lib/libopencm3_stm32f4.a(systick.o)
 .debug_info    0x0000000000005877      0x214 ../../../libopencm3/lib/libopencm3_stm32f4.a(nvic.o)
 .debug_info    0x0000000000005a8b       0xbe ../../../libopencm3/lib/libopencm3_stm32f4.a(pwr.o)
 .debug_info    0x0000000000005b49       0xb5 /usr/lib/gcc/arm-none-eabi/4.9.3/../../../arm-none-eabi/lib/armv7e-m/fpu/libc.a(lib_a-strlen.o)
 .debug_info    0x0000000000005bfe       0xc2 /usr/lib/gcc/arm-none-eabi/4.9.3/armv7e-m/fpu/libgcc.a(_arm_addsubdf3.o)
 .debug_info    0x0000000000005cc0       0xc2 /usr/lib/gcc/arm-none-eabi/4.9.3/armv7e-m/fpu/libgcc.a(_arm_fixunsdfsi.o)

.debug_abbrev   0x0000000000000000     0x13de
 .debug_abbrev  0x0000000000000000      0x21e HAL.o
 .debug_abbrev  0x000000000000021e      0x24a mini-printf.o
 .debug_abbrev  0x0000000000000468      0x16d main.o
 .debug_abbrev  0x00000000000005d5      0x138 ../../../libopencm3/lib/libopencm3_stm32f4.a(adc.o)
 .debug_abbrev  0x000000000000070d      0x149 ../../../libopencm3/lib/libopencm3_stm32f4.a(adc_common_v1.o)
 .debug_abbrev  0x0000000000000856      0x241 ../../../libopencm3/lib/libopencm3_stm32f4.a(rcc.o)
 .debug_abbrev  0x0000000000000a97       0xb7 ../../../libopencm3/lib/libopencm3_stm32f4.a(gpio_common_f0234.o)
 .debug_abbrev  0x0000000000000b4e      0x15c ../../../libopencm3/lib/libopencm3_stm32f4.a(timer_common_all.o)
 .debug_abbrev  0x0000000000000caa      0x12b ../../../libopencm3/lib/libopencm3_stm32f4.a(usart_common_all.o)
 .debug_abbrev  0x0000000000000dd5       0x8e ../../../libopencm3/lib/libopencm3_stm32f4.a(usart_common_f124.o)
 .debug_abbrev  0x0000000000000e63       0x8a ../../../libopencm3/lib/libopencm3_stm32f4.a(flash_common_f234.o)
 .debug_abbrev  0x0000000000000eed       0xc1 ../../../libopencm3/lib/libopencm3_stm32f4.a(rcc_common_all.o)
 .debug_abbrev  0x0000000000000fae      0x147 ../../../libopencm3/lib/libopencm3_stm32f4.a(vector.o)
 .debug_abbrev  0x00000000000010f5      0x132 ../../../libopencm3/lib/libopencm3_stm32f4.a(systick.o)
 .debug_abbrev  0x0000000000001227       0xa6 ../../../libopencm3/lib/libopencm3_stm32f4.a(nvic.o)
 .debug_abbrev  0x00000000000012cd       0x79 ../../../libopencm3/lib/libopencm3_stm32f4.a(pwr.o)
 .debug_abbrev  0x0000000000001346       0x70 /usr/lib/gcc/arm-none-eabi/4.9.3/../../../arm-none-eabi/lib/armv7e-m/fpu/libc.a(lib_a-strlen.o)
 .debug_abbrev  0x00000000000013b6       0x14 /usr/lib/gcc/arm-none-eabi/4.9.3/armv7e-m/fpu/libgcc.a(_arm_addsubdf3.o)
 .debug_abbrev  0x00000000000013ca       0x14 /usr/lib/gcc/arm-none-eabi/4.9.3/armv7e-m/fpu/libgcc.a(_arm_fixunsdfsi.o)

.debug_loc      0x0000000000000000     0x1ee8
 .debug_loc     0x0000000000000000      0x164 HAL.o
 .debug_loc     0x0000000000000164      0x4d5 mini-printf.o
 .debug_loc     0x0000000000000639       0x4e main.o
 .debug_loc     0x0000000000000687      0x202 ../../../libopencm3/lib/libopencm3_stm32f4.a(adc.o)
 .debug_loc     0x0000000000000889      0x343 ../../../libopencm3/lib/libopencm3_stm32f4.a(adc_common_v1.o)
 .debug_loc     0x0000000000000bcc      0x5c0 ../../../libopencm3/lib/libopencm3_stm32f4.a(rcc.o)
 .debug_loc     0x000000000000118c       0xcd ../../../libopencm3/lib/libopencm3_stm32f4.a(gpio_common_f0234.o)
 .debug_loc     0x0000000000001259      0x551 ../../../libopencm3/lib/libopencm3_stm32f4.a(timer_common_all.o)
 .debug_loc     0x00000000000017aa      0x1ca ../../../libopencm3/lib/libopencm3_stm32f4.a(usart_common_all.o)
 .debug_loc     0x0000000000001974       0x63 ../../../libopencm3/lib/libopencm3_stm32f4.a(usart_common_f124.o)
 .debug_loc     0x00000000000019d7       0x3f ../../../libopencm3/lib/libopencm3_stm32f4.a(flash_common_f234.o)
 .debug_loc     0x0000000000001a16      0x14a ../../../libopencm3/lib/libopencm3_stm32f4.a(rcc_common_all.o)
 .debug_loc     0x0000000000001b60       0xac ../../../libopencm3/lib/libopencm3_stm32f4.a(vector.o)
 .debug_loc     0x0000000000001c0c      0x192 ../../../libopencm3/lib/libopencm3_stm32f4.a(systick.o)
 .debug_loc     0x0000000000001d9e      0x129 ../../../libopencm3/lib/libopencm3_stm32f4.a(nvic.o)
 .debug_loc     0x0000000000001ec7       0x21 /usr/lib/gcc/arm-none-eabi/4.9.3/../../../arm-none-eabi/lib/armv7e-m/fpu/libc.a(lib_a-strlen.o)

.debug_aranges  0x0000000000000000      0x998
 .debug_aranges
                0x0000000000000000       0x60 HAL.o
 .debug_aranges
                0x0000000000000060       0x40 mini-printf.o
 .debug_aranges
                0x00000000000000a0       0x20 main.o
 .debug_aranges
                0x00000000000000c0       0xc0 ../../../libopencm3/lib/libopencm3_stm32f4.a(adc.o)
 .debug_aranges
                0x0000000000000180      0x148 ../../../libopencm3/lib/libopencm3_stm32f4.a(adc_common_v1.o)
 .debug_aranges
                0x00000000000002c8       0xf0 ../../../libopencm3/lib/libopencm3_stm32f4.a(rcc.o)
 .debug_aranges
                0x00000000000003b8       0x30 ../../../libopencm3/lib/libopencm3_stm32f4.a(gpio_common_f0234.o)
 .debug_aranges
                0x00000000000003e8      0x278 ../../../libopencm3/lib/libopencm3_stm32f4.a(timer_common_all.o)
 .debug_aranges
                0x0000000000000660       0xb8 ../../../libopencm3/lib/libopencm3_stm32f4.a(usart_common_all.o)
 .debug_aranges
                0x0000000000000718       0x40 ../../../libopencm3/lib/libopencm3_stm32f4.a(usart_common_f124.o)
 .debug_aranges
                0x0000000000000758       0x50 ../../../libopencm3/lib/libopencm3_stm32f4.a(flash_common_f234.o)
 .debug_aranges
                0x00000000000007a8       0x68 ../../../libopencm3/lib/libopencm3_stm32f4.a(rcc_common_all.o)
 .debug_aranges
                0x0000000000000810       0x30 ../../../libopencm3/lib/libopencm3_stm32f4.a(vector.o)
 .debug_aranges
                0x0000000000000840       0x78 ../../../libopencm3/lib/libopencm3_stm32f4.a(systick.o)
 .debug_aranges
                0x00000000000008b8       0x60 ../../../libopencm3/lib/libopencm3_stm32f4.a(nvic.o)
 .debug_aranges
                0x0000000000000918       0x20 ../../../libopencm3/lib/libopencm3_stm32f4.a(pwr.o)
 .debug_aranges
                0x0000000000000938       0x20 /usr/lib/gcc/arm-none-eabi/4.9.3/../../../arm-none-eabi/lib/armv7e-m/fpu/libc.a(lib_a-strlen.o)
 .debug_aranges
                0x0000000000000958       0x20 /usr/lib/gcc/arm-none-eabi/4.9.3/armv7e-m/fpu/libgcc.a(_arm_addsubdf3.o)
 .debug_aranges
                0x0000000000000978       0x20 /usr/lib/gcc/arm-none-eabi/4.9.3/armv7e-m/fpu/libgcc.a(_arm_fixunsdfsi.o)

.debug_ranges   0x0000000000000000      0x8a8
 .debug_ranges  0x0000000000000000       0x50 HAL.o
 .debug_ranges  0x0000000000000050       0x90 mini-printf.o
 .debug_ranges  0x00000000000000e0       0x10 main.o
 .debug_ranges  0x00000000000000f0       0xb0 ../../../libopencm3/lib/libopencm3_stm32f4.a(adc.o)
 .debug_ranges  0x00000000000001a0      0x138 ../../../libopencm3/lib/libopencm3_stm32f4.a(adc_common_v1.o)
 .debug_ranges  0x00000000000002d8       0xe0 ../../../libopencm3/lib/libopencm3_stm32f4.a(rcc.o)
 .debug_ranges  0x00000000000003b8       0x20 ../../../libopencm3/lib/libopencm3_stm32f4.a(gpio_common_f0234.o)
 .debug_ranges  0x00000000000003d8      0x268 ../../../libopencm3/lib/libopencm3_stm32f4.a(timer_common_all.o)
 .debug_ranges  0x0000000000000640       0xa8 ../../../libopencm3/lib/libopencm3_stm32f4.a(usart_common_all.o)
 .debug_ranges  0x00000000000006e8       0x30 ../../../libopencm3/lib/libopencm3_stm32f4.a(usart_common_f124.o)
 .debug_ranges  0x0000000000000718       0x40 ../../../libopencm3/lib/libopencm3_stm32f4.a(flash_common_f234.o)
 .debug_ranges  0x0000000000000758       0x58 ../../../libopencm3/lib/libopencm3_stm32f4.a(rcc_common_all.o)
 .debug_ranges  0x00000000000007b0       0x20 ../../../libopencm3/lib/libopencm3_stm32f4.a(vector.o)
 .debug_ranges  0x00000000000007d0       0x68 ../../../libopencm3/lib/libopencm3_stm32f4.a(systick.o)
 .debug_ranges  0x0000000000000838       0x50 ../../../libopencm3/lib/libopencm3_stm32f4.a(nvic.o)
 .debug_ranges  0x0000000000000888       0x10 ../../../libopencm3/lib/libopencm3_stm32f4.a(pwr.o)
 .debug_ranges  0x0000000000000898       0x10 /usr/lib/gcc/arm-none-eabi/4.9.3/../../../arm-none-eabi/lib/armv7e-m/fpu/libc.a(lib_a-strlen.o)

.debug_line     0x0000000000000000     0x35bb
 .debug_line    0x0000000000000000      0x30d HAL.o
 .debug_line    0x000000000000030d      0x132 mini-printf.o
 .debug_line    0x000000000000043f      0x17e main.o
 .debug_line    0x00000000000005bd      0x38f ../../../libopencm3/lib/libopencm3_stm32f4.a(adc.o)
 .debug_line    0x000000000000094c      0x4d0 ../../../libopencm3/lib/libopencm3_stm32f4.a(adc_common_v1.o)
 .debug_line    0x0000000000000e1c      0x4d0 ../../../libopencm3/lib/libopencm3_stm32f4.a(rcc.o)
 .debug_line    0x00000000000012ec      0x28c ../../../libopencm3/lib/libopencm3_stm32f4.a(gpio_common_f0234.o)
 .debug_line    0x0000000000001578      0x879 ../../../libopencm3/lib/libopencm3_stm32f4.a(timer_common_all.o)
 .debug_line    0x0000000000001df1      0x3c5 ../../../libopencm3/lib/libopencm3_stm32f4.a(usart_common_all.o)
 .debug_line    0x00000000000021b6      0x2b7 ../../../libopencm3/lib/libopencm3_stm32f4.a(usart_common_f124.o)
 .debug_line    0x000000000000246d      0x29b ../../../libopencm3/lib/libopencm3_stm32f4.a(flash_common_f234.o)
 .debug_line    0x0000000000002708      0x2a5 ../../../libopencm3/lib/libopencm3_stm32f4.a(rcc_common_all.o)
 .debug_line    0x00000000000029ad      0x2ae ../../../libopencm3/lib/libopencm3_stm32f4.a(vector.o)
 .debug_line    0x0000000000002c5b      0x233 ../../../libopencm3/lib/libopencm3_stm32f4.a(systick.o)
 .debug_line    0x0000000000002e8e      0x250 ../../../libopencm3/lib/libopencm3_stm32f4.a(nvic.o)
 .debug_line    0x00000000000030de      0x1f9 ../../../libopencm3/lib/libopencm3_stm32f4.a(pwr.o)
 .debug_line    0x00000000000032d7       0xf5 /usr/lib/gcc/arm-none-eabi/4.9.3/../../../arm-none-eabi/lib/armv7e-m/fpu/libc.a(lib_a-strlen.o)
 .debug_line    0x00000000000033cc      0x179 /usr/lib/gcc/arm-none-eabi/4.9.3/armv7e-m/fpu/libgcc.a(_arm_addsubdf3.o)
 .debug_line    0x0000000000003545       0x76 /usr/lib/gcc/arm-none-eabi/4.9.3/armv7e-m/fpu/libgcc.a(_arm_fixunsdfsi.o)

.debug_str      0x0000000000000000    0x17607
 .debug_str     0x0000000000000000      0xc07 HAL.o
                                        0xd00 (size before relaxing)
 .debug_str     0x0000000000000c07       0xac mini-printf.o
                                        0x234 (size before relaxing)
 .debug_str     0x0000000000000cb3        0xf main.o
                                        0x287 (size before relaxing)
 .debug_str     0x0000000000000cc2     0x75f7 ../../../libopencm3/lib/libopencm3_stm32f4.a(adc.o)
                                       0x77e6 (size before relaxing)
 .debug_str     0x00000000000082b9      0x429 ../../../libopencm3/lib/libopencm3_stm32f4.a(adc_common_v1.o)
                                       0x7a86 (size before relaxing)
 .debug_str     0x00000000000086e2     0x3edb ../../../libopencm3/lib/libopencm3_stm32f4.a(rcc.o)
                                       0x8656 (size before relaxing)
 .debug_str     0x000000000000c5bd     0x1406 ../../../libopencm3/lib/libopencm3_stm32f4.a(gpio_common_f0234.o)
                                       0x5a7f (size before relaxing)
 .debug_str     0x000000000000d9c3     0x4eac ../../../libopencm3/lib/libopencm3_stm32f4.a(timer_common_all.o)
                                       0xc761 (size before relaxing)
 .debug_str     0x000000000001286f     0x1301 ../../../libopencm3/lib/libopencm3_stm32f4.a(usart_common_all.o)
                                       0x8af0 (size before relaxing)
 .debug_str     0x0000000000013b70       0x2d ../../../libopencm3/lib/libopencm3_stm32f4.a(usart_common_f124.o)
                                       0x8904 (size before relaxing)
 .debug_str     0x0000000000013b9d       0x96 ../../../libopencm3/lib/libopencm3_stm32f4.a(flash_common_f234.o)
                                       0x4db8 (size before relaxing)
 .debug_str     0x0000000000013c33      0x13b ../../../libopencm3/lib/libopencm3_stm32f4.a(rcc_common_all.o)
                                       0x80f2 (size before relaxing)
 .debug_str     0x0000000000013d6e     0x2a4b ../../../libopencm3/lib/libopencm3_stm32f4.a(vector.o)
                                       0x60c9 (size before relaxing)
 .debug_str     0x00000000000167b9      0x2f0 ../../../libopencm3/lib/libopencm3_stm32f4.a(systick.o)
                                       0x39df (size before relaxing)
 .debug_str     0x0000000000016aa9      0x9e0 ../../../libopencm3/lib/libopencm3_stm32f4.a(nvic.o)
                                       0x4a72 (size before relaxing)
 .debug_str     0x0000000000017489        0x6 ../../../libopencm3/lib/libopencm3_stm32f4.a(pwr.o)
                                       0x498e (size before relaxing)
 .debug_str     0x000000000001748f      0x178 /usr/lib/gcc/arm-none-eabi/4.9.3/../../../arm-none-eabi/lib/armv7e-m/fpu/libc.a(lib_a-strlen.o)
                                        0x218 (size before relaxing)

.comment        0x0000000000000000       0x70
 .comment       0x0000000000000000       0x38 HAL.o
                                         0x39 (size before relaxing)
 .comment       0x0000000000000038       0x39 mini-printf.o
 .comment       0x0000000000000038       0x39 main.o
 .comment       0x0000000000000038       0x39 ../../../libopencm3/lib/libopencm3_stm32f4.a(adc.o)
 .comment       0x0000000000000038       0x39 ../../../libopencm3/lib/libopencm3_stm32f4.a(adc_common_v1.o)
 .comment       0x0000000000000038       0x39 ../../../libopencm3/lib/libopencm3_stm32f4.a(rcc.o)
 .comment       0x0000000000000038       0x39 ../../../libopencm3/lib/libopencm3_stm32f4.a(gpio_common_f0234.o)
 .comment       0x0000000000000038       0x39 ../../../libopencm3/lib/libopencm3_stm32f4.a(timer_common_all.o)
 .comment       0x0000000000000038       0x39 ../../../libopencm3/lib/libopencm3_stm32f4.a(usart_common_all.o)
 .comment       0x0000000000000038       0x39 ../../../libopencm3/lib/libopencm3_stm32f4.a(usart_common_f124.o)
 .comment       0x0000000000000038       0x39 ../../../libopencm3/lib/libopencm3_stm32f4.a(flash_common_f234.o)
 .comment       0x0000000000000038       0x39 ../../../libopencm3/lib/libopencm3_stm32f4.a(rcc_common_all.o)
 .comment       0x0000000000000038       0x39 ../../../libopencm3/lib/libopencm3_stm32f4.a(vector.o)
 .comment       0x0000000000000038       0x39 ../../../libopencm3/lib/libopencm3_stm32f4.a(systick.o)
 .comment       0x0000000000000038       0x39 ../../../libopencm3/lib/libopencm3_stm32f4.a(nvic.o)
 .comment       0x0000000000000038       0x39 ../../../libopencm3/lib/libopencm3_stm32f4.a(pwr.o)
 .comment       0x0000000000000038       0x38 /usr/lib/gcc/arm-none-eabi/4.9.3/../../../arm-none-eabi/lib/armv7e-m/fpu/libc.a(lib_a-strlen.o)
                                         0x39 (size before relaxing)

.ARM.attributes
                0x0000000000000000       0x37
 .ARM.attributes
                0x0000000000000000       0x39 HAL.o
 .ARM.attributes
                0x0000000000000039       0x39 mini-printf.o
 .ARM.attributes
                0x0000000000000072       0x39 main.o
 .ARM.attributes
                0x00000000000000ab       0x39 ../../../libopencm3/lib/libopencm3_stm32f4.a(adc.o)
 .ARM.attributes
                0x00000000000000e4       0x39 ../../../libopencm3/lib/libopencm3_stm32f4.a(adc_common_v1.o)
 .ARM.attributes
                0x000000000000011d       0x39 ../../../libopencm3/lib/libopencm3_stm32f4.a(rcc.o)
 .ARM.attributes
                0x0000000000000156       0x39 ../../../libopencm3/lib/libopencm3_stm32f4.a(gpio_common_f0234.o)
 .ARM.attributes
                0x000000000000018f       0x39 ../../../libopencm3/lib/libopencm3_stm32f4.a(timer_common_all.o)
 .ARM.attributes
                0x00000000000001c8       0x39 ../../../libopencm3/lib/libopencm3_stm32f4.a(usart_common_all.o)
 .ARM.attributes
                0x0000000000000201       0x39 ../../../libopencm3/lib/libopencm3_stm32f4.a(usart_common_f124.o)
 .ARM.attributes
                0x000000000000023a       0x39 ../../../libopencm3/lib/libopencm3_stm32f4.a(flash_common_f234.o)
 .ARM.attributes
                0x0000000000000273       0x39 ../../../libopencm3/lib/libopencm3_stm32f4.a(rcc_common_all.o)
 .ARM.attributes
                0x00000000000002ac       0x39 ../../../libopencm3/lib/libopencm3_stm32f4.a(vector.o)
 .ARM.attributes
                0x00000000000002e5       0x39 ../../../libopencm3/lib/libopencm3_stm32f4.a(systick.o)
 .ARM.attributes
                0x000000000000031e       0x39 ../../../libopencm3/lib/libopencm3_stm32f4.a(nvic.o)
 .ARM.attributes
                0x0000000000000357       0x39 ../../../libopencm3/lib/libopencm3_stm32f4.a(pwr.o)
 .ARM.attributes
                0x0000000000000390       0x34 /usr/lib/gcc/arm-none-eabi/4.9.3/../../../arm-none-eabi/lib/armv7e-m/fpu/libc.a(lib_a-strlen.o)
 .ARM.attributes
                0x00000000000003c4       0x22 /usr/lib/gcc/arm-none-eabi/4.9.3/armv7e-m/fpu/libgcc.a(_arm_addsubdf3.o)
 .ARM.attributes
                0x00000000000003e6       0x22 /usr/lib/gcc/arm-none-eabi/4.9.3/armv7e-m/fpu/libgcc.a(_arm_fixunsdfsi.o)

.debug_frame    0x0000000000000000     0x1228
 .debug_frame   0x0000000000000000      0x124 HAL.o
 .debug_frame   0x0000000000000124       0xa4 mini-printf.o
 .debug_frame   0x00000000000001c8       0x2c main.o
 .debug_frame   0x00000000000001f4      0x170 ../../../libopencm3/lib/libopencm3_stm32f4.a(adc.o)
 .debug_frame   0x0000000000000364      0x294 ../../../libopencm3/lib/libopencm3_stm32f4.a(adc_common_v1.o)
 .debug_frame   0x00000000000005f8      0x1ec ../../../libopencm3/lib/libopencm3_stm32f4.a(rcc.o)
 .debug_frame   0x00000000000007e4       0x6c ../../../libopencm3/lib/libopencm3_stm32f4.a(gpio_common_f0234.o)
 .debug_frame   0x0000000000000850      0x4d8 ../../../libopencm3/lib/libopencm3_stm32f4.a(timer_common_all.o)
 .debug_frame   0x0000000000000d28      0x178 ../../../libopencm3/lib/libopencm3_stm32f4.a(usart_common_all.o)
 .debug_frame   0x0000000000000ea0       0x60 ../../../libopencm3/lib/libopencm3_stm32f4.a(usart_common_f124.o)
 .debug_frame   0x0000000000000f00       0x80 ../../../libopencm3/lib/libopencm3_stm32f4.a(flash_common_f234.o)
 .debug_frame   0x0000000000000f80       0xb0 ../../../libopencm3/lib/libopencm3_stm32f4.a(rcc_common_all.o)
 .debug_frame   0x0000000000001030       0x40 ../../../libopencm3/lib/libopencm3_stm32f4.a(vector.o)
 .debug_frame   0x0000000000001070       0xd8 ../../../libopencm3/lib/libopencm3_stm32f4.a(systick.o)
 .debug_frame   0x0000000000001148       0xa0 ../../../libopencm3/lib/libopencm3_stm32f4.a(nvic.o)
 .debug_frame   0x00000000000011e8       0x20 ../../../libopencm3/lib/libopencm3_stm32f4.a(pwr.o)
 .debug_frame   0x0000000000001208       0x20 /usr/lib/gcc/arm-none-eabi/4.9.3/../../../arm-none-eabi/lib/armv7e-m/fpu/libc.a(lib_a-strlen.o)

.debug_macro    0x0000000000000000     0x5250
 .debug_macro   0x0000000000000000       0xaa ../../../libopencm3/lib/libopencm3_stm32f4.a(adc.o)
 .debug_macro   0x00000000000000aa      0x886 ../../../libopencm3/lib/libopencm3_stm32f4.a(adc.o)
 .debug_macro   0x0000000000000930       0x22 ../../../libopencm3/lib/libopencm3_stm32f4.a(adc.o)
 .debug_macro   0x0000000000000952       0x44 ../../../libopencm3/lib/libopencm3_stm32f4.a(adc.o)
 .debug_macro   0x0000000000000996       0xe3 ../../../libopencm3/lib/libopencm3_stm32f4.a(adc.o)
 .debug_macro   0x0000000000000a79       0x22 ../../../libopencm3/lib/libopencm3_stm32f4.a(adc.o)
 .debug_macro   0x0000000000000a9b      0x1df ../../../libopencm3/lib/libopencm3_stm32f4.a(adc.o)
 .debug_macro   0x0000000000000c7a       0x22 ../../../libopencm3/lib/libopencm3_stm32f4.a(adc.o)
 .debug_macro   0x0000000000000c9c       0xfa ../../../libopencm3/lib/libopencm3_stm32f4.a(adc.o)
 .debug_macro   0x0000000000000d96       0x58 ../../../libopencm3/lib/libopencm3_stm32f4.a(adc.o)
 .debug_macro   0x0000000000000dee      0x26d ../../../libopencm3/lib/libopencm3_stm32f4.a(adc.o)
 .debug_macro   0x000000000000105b      0x449 ../../../libopencm3/lib/libopencm3_stm32f4.a(adc.o)
 .debug_macro   0x00000000000014a4      0x682 ../../../libopencm3/lib/libopencm3_stm32f4.a(adc.o)
 .debug_macro   0x0000000000001b26       0xaa ../../../libopencm3/lib/libopencm3_stm32f4.a(adc_common_v1.o)
 .debug_macro   0x0000000000001bd0       0xf7 ../../../libopencm3/lib/libopencm3_stm32f4.a(rcc.o)
 .debug_macro   0x0000000000001cc7       0x16 ../../../libopencm3/lib/libopencm3_stm32f4.a(rcc.o)
 .debug_macro   0x0000000000001cdd      0xb3f ../../../libopencm3/lib/libopencm3_stm32f4.a(rcc.o)
 .debug_macro   0x000000000000281c       0x8e ../../../libopencm3/lib/libopencm3_stm32f4.a(rcc.o)
 .debug_macro   0x00000000000028aa       0x22 ../../../libopencm3/lib/libopencm3_stm32f4.a(rcc.o)
 .debug_macro   0x00000000000028cc       0x6a ../../../libopencm3/lib/libopencm3_stm32f4.a(rcc.o)
 .debug_macro   0x0000000000002936       0xf4 ../../../libopencm3/lib/libopencm3_stm32f4.a(rcc.o)
 .debug_macro   0x0000000000002a2a       0xc3 ../../../libopencm3/lib/libopencm3_stm32f4.a(gpio_common_f0234.o)
 .debug_macro   0x0000000000002aed       0x76 ../../../libopencm3/lib/libopencm3_stm32f4.a(gpio_common_f0234.o)
 .debug_macro   0x0000000000002b63      0x2e6 ../../../libopencm3/lib/libopencm3_stm32f4.a(gpio_common_f0234.o)
 .debug_macro   0x0000000000002e49      0x14e ../../../libopencm3/lib/libopencm3_stm32f4.a(gpio_common_f0234.o)
 .debug_macro   0x0000000000002f97       0xd8 ../../../libopencm3/lib/libopencm3_stm32f4.a(timer_common_all.o)
 .debug_macro   0x000000000000306f      0xf7d ../../../libopencm3/lib/libopencm3_stm32f4.a(timer_common_all.o)
 .debug_macro   0x0000000000003fec       0x52 ../../../libopencm3/lib/libopencm3_stm32f4.a(timer_common_all.o)
 .debug_macro   0x000000000000403e       0xdb ../../../libopencm3/lib/libopencm3_stm32f4.a(usart_common_all.o)
 .debug_macro   0x0000000000004119       0x8e ../../../libopencm3/lib/libopencm3_stm32f4.a(usart_common_all.o)
 .debug_macro   0x00000000000041a7      0x273 ../../../libopencm3/lib/libopencm3_stm32f4.a(usart_common_all.o)
 .debug_macro   0x000000000000441a       0xa0 ../../../libopencm3/lib/libopencm3_stm32f4.a(usart_common_all.o)
 .debug_macro   0x00000000000044ba       0xdb ../../../libopencm3/lib/libopencm3_stm32f4.a(usart_common_f124.o)
 .debug_macro   0x0000000000004595       0xb4 ../../../libopencm3/lib/libopencm3_stm32f4.a(flash_common_f234.o)
 .debug_macro   0x0000000000004649       0xc0 ../../../libopencm3/lib/libopencm3_stm32f4.a(rcc_common_all.o)
 .debug_macro   0x0000000000004709       0xc5 ../../../libopencm3/lib/libopencm3_stm32f4.a(vector.o)
 .debug_macro   0x00000000000047ce      0x3a1 ../../../libopencm3/lib/libopencm3_stm32f4.a(vector.o)
 .debug_macro   0x0000000000004b6f       0x6a ../../../libopencm3/lib/libopencm3_stm32f4.a(vector.o)
 .debug_macro   0x0000000000004bd9      0x22c ../../../libopencm3/lib/libopencm3_stm32f4.a(vector.o)
 .debug_macro   0x0000000000004e05       0x84 ../../../libopencm3/lib/libopencm3_stm32f4.a(systick.o)
 .debug_macro   0x0000000000004e89       0x64 ../../../libopencm3/lib/libopencm3_stm32f4.a(systick.o)
 .debug_macro   0x0000000000004eed       0xa5 ../../../libopencm3/lib/libopencm3_stm32f4.a(nvic.o)
 .debug_macro   0x0000000000004f92       0x64 ../../../libopencm3/lib/libopencm3_stm32f4.a(nvic.o)
 .debug_macro   0x0000000000004ff6      0x1b0 ../../../libopencm3/lib/libopencm3_stm32f4.a(nvic.o)
 .debug_macro   0x00000000000051a6       0xaa ../../../libopencm3/lib/libopencm3_stm32f4.a(pwr.o)
