Archive member included to satisfy reference by file (symbol)

../../libopencm3/lib/libopencm3_stm32f4.a(adc.o)
                              HAL.o (adc_set_sample_time_on_all_channels)
../../libopencm3/lib/libopencm3_stm32f4.a(adc_common_v1.o)
                              HAL.o (adc_power_off)
../../libopencm3/lib/libopencm3_stm32f4.a(rcc.o)
                              HAL.o (rcc_clock_setup_hse_3v3)
../../libopencm3/lib/libopencm3_stm32f4.a(gpio_common_f0234.o)
                              HAL.o (gpio_mode_setup)
../../libopencm3/lib/libopencm3_stm32f4.a(timer_common_all.o)
                              HAL.o (timer_set_mode)
../../libopencm3/lib/libopencm3_stm32f4.a(usart_common_all.o)
                              HAL.o (usart_set_baudrate)
../../libopencm3/lib/libopencm3_stm32f4.a(usart_common_f124.o)
                              ../../libopencm3/lib/libopencm3_stm32f4.a(usart_common_all.o) (usart_send)
../../libopencm3/lib/libopencm3_stm32f4.a(flash_common_f234.o)
                              ../../libopencm3/lib/libopencm3_stm32f4.a(rcc.o) (flash_set_ws)
../../libopencm3/lib/libopencm3_stm32f4.a(rcc_common_all.o)
                              HAL.o (rcc_periph_clock_enable)
../../libopencm3/lib/libopencm3_stm32f4.a(vector.o)
                              (reset_handler)
../../libopencm3/lib/libopencm3_stm32f4.a(systick.o)
                              HAL.o (systick_set_reload)
../../libopencm3/lib/libopencm3_stm32f4.a(nvic.o)
                              HAL.o (nvic_enable_irq)
../../libopencm3/lib/libopencm3_stm32f4.a(pwr.o)
                              ../../libopencm3/lib/libopencm3_stm32f4.a(rcc.o) (pwr_set_vos_scale)
/usr/lib/gcc/arm-none-eabi/4.9.3/../../../arm-none-eabi/lib/armv7e-m/fpu/libc.a(lib_a-errno.o)
                              HAL.o (__errno)
/usr/lib/gcc/arm-none-eabi/4.9.3/../../../arm-none-eabi/lib/armv7e-m/fpu/libc.a(lib_a-impure.o)
                              /usr/lib/gcc/arm-none-eabi/4.9.3/../../../arm-none-eabi/lib/armv7e-m/fpu/libc.a(lib_a-errno.o) (_impure_ptr)
/usr/lib/gcc/arm-none-eabi/4.9.3/../../../arm-none-eabi/lib/armv7e-m/fpu/libc.a(lib_a-malloc.o)
                              kiss_fft.o (malloc)
/usr/lib/gcc/arm-none-eabi/4.9.3/../../../arm-none-eabi/lib/armv7e-m/fpu/libc.a(lib_a-mallocr.o)
                              /usr/lib/gcc/arm-none-eabi/4.9.3/../../../arm-none-eabi/lib/armv7e-m/fpu/libc.a(lib_a-malloc.o) (_malloc_r)
/usr/lib/gcc/arm-none-eabi/4.9.3/../../../arm-none-eabi/lib/armv7e-m/fpu/libc.a(lib_a-memcpy.o)
                              kiss_fft.o (memcpy)
/usr/lib/gcc/arm-none-eabi/4.9.3/../../../arm-none-eabi/lib/armv7e-m/fpu/libc.a(lib_a-mlock.o)
                              /usr/lib/gcc/arm-none-eabi/4.9.3/../../../arm-none-eabi/lib/armv7e-m/fpu/libc.a(lib_a-mallocr.o) (__malloc_lock)
/usr/lib/gcc/arm-none-eabi/4.9.3/../../../arm-none-eabi/lib/armv7e-m/fpu/libc.a(lib_a-printf.o)
                              main.o (printf)
/usr/lib/gcc/arm-none-eabi/4.9.3/../../../arm-none-eabi/lib/armv7e-m/fpu/libc.a(lib_a-puts.o)
                              main.o (puts)
/usr/lib/gcc/arm-none-eabi/4.9.3/../../../arm-none-eabi/lib/armv7e-m/fpu/libc.a(lib_a-sbrkr.o)
                              /usr/lib/gcc/arm-none-eabi/4.9.3/../../../arm-none-eabi/lib/armv7e-m/fpu/libc.a(lib_a-mallocr.o) (_sbrk_r)
/usr/lib/gcc/arm-none-eabi/4.9.3/../../../arm-none-eabi/lib/armv7e-m/fpu/libc.a(lib_a-strlen.o)
                              /usr/lib/gcc/arm-none-eabi/4.9.3/../../../arm-none-eabi/lib/armv7e-m/fpu/libc.a(lib_a-puts.o) (strlen)
/usr/lib/gcc/arm-none-eabi/4.9.3/../../../arm-none-eabi/lib/armv7e-m/fpu/libc.a(lib_a-vfprintf.o)
                              /usr/lib/gcc/arm-none-eabi/4.9.3/../../../arm-none-eabi/lib/armv7e-m/fpu/libc.a(lib_a-printf.o) (_vfprintf_r)
/usr/lib/gcc/arm-none-eabi/4.9.3/../../../arm-none-eabi/lib/armv7e-m/fpu/libc.a(lib_a-wsetup.o)
                              /usr/lib/gcc/arm-none-eabi/4.9.3/../../../arm-none-eabi/lib/armv7e-m/fpu/libc.a(lib_a-vfprintf.o) (__swsetup_r)
/usr/lib/gcc/arm-none-eabi/4.9.3/../../../arm-none-eabi/lib/armv7e-m/fpu/libc.a(lib_a-dtoa.o)
                              /usr/lib/gcc/arm-none-eabi/4.9.3/../../../arm-none-eabi/lib/armv7e-m/fpu/libc.a(lib_a-vfprintf.o) (_dtoa_r)
/usr/lib/gcc/arm-none-eabi/4.9.3/../../../arm-none-eabi/lib/armv7e-m/fpu/libc.a(lib_a-fflush.o)
                              /usr/lib/gcc/arm-none-eabi/4.9.3/../../../arm-none-eabi/lib/armv7e-m/fpu/libc.a(lib_a-vfprintf.o) (_fflush_r)
/usr/lib/gcc/arm-none-eabi/4.9.3/../../../arm-none-eabi/lib/armv7e-m/fpu/libc.a(lib_a-findfp.o)
                              /usr/lib/gcc/arm-none-eabi/4.9.3/../../../arm-none-eabi/lib/armv7e-m/fpu/libc.a(lib_a-puts.o) (__sinit)
/usr/lib/gcc/arm-none-eabi/4.9.3/../../../arm-none-eabi/lib/armv7e-m/fpu/libc.a(lib_a-freer.o)
                              /usr/lib/gcc/arm-none-eabi/4.9.3/../../../arm-none-eabi/lib/armv7e-m/fpu/libc.a(lib_a-malloc.o) (_free_r)
[...]
Memory Configuration

Name             Origin             Length             Attributes
rom              0x0000000008000000 0x0000000000100000 xr
ram              0x0000000020000000 0x0000000000020000 xrw
*default*        0x0000000000000000 0xffffffffffffffff

Linker script and memory map

LOAD /usr/lib/gcc/arm-none-eabi/4.9.3/../../../arm-none-eabi/lib/armv7e-m/fpu/libm.a
LOAD HAL.o
LOAD kiss_fft.o
LOAD mini-printf.o
LOAD main.o
LOAD ../../libopencm3/lib/libopencm3_stm32f4.a
START GROUP
LOAD /usr/lib/gcc/arm-none-eabi/4.9.3/../../../arm-none-eabi/lib/armv7e-m/fpu/libc.a
LOAD /usr/lib/gcc/arm-none-eabi/4.9.3/armv7e-m/fpu/libgcc.a
LOAD /usr/lib/gcc/arm-none-eabi/4.9.3/../../../arm-none-eabi/lib/armv7e-m/fpu/libnosys.a
END GROUP
LOAD /usr/lib/gcc/arm-none-eabi/4.9.3/../../../arm-none-eabi/lib/armv7e-m/fpu/libm.a
START GROUP
LOAD /usr/lib/gcc/arm-none-eabi/4.9.3/armv7e-m/fpu/libgcc.a
LOAD /usr/lib/gcc/arm-none-eabi/4.9.3/../../../arm-none-eabi/lib/armv7e-m/fpu/libc.a
END GROUP

.text           0x0000000008000000     0x9748
 *(.vectors)
 .vectors       0x0000000008000000      0x1ac ../../libopencm3/lib/libopencm3_stm32f4.a(vector.o)
                0x0000000008000000                vector_table
 *(.text*)
 .text.systick_setup
                0x00000000080001ac       0x1c HAL.o
                0x00000000080001ac                systick_setup
 .text.clock_setup
                0x00000000080001c8       0x60 HAL.o
                0x00000000080001c8                clock_setup
 .text.usart_setup
                0x0000000008000228       0x60 HAL.o
                0x0000000008000228                usart_setup
 .text._write   0x0000000008000288       0x48 HAL.o
                0x0000000008000288                _write
 .text.adc_setup
                0x00000000080002d0       0x44 HAL.o
                0x00000000080002d0                adc_setup
 .text.read_adc
                0x0000000008000314       0x34 HAL.o
                0x0000000008000314                read_adc
 .text.sys_tick_handler
                0x0000000008000348       0x7c HAL.o
                0x0000000008000348                sys_tick_handler
 .text.gpio_setup
                0x00000000080003c4       0x90 HAL.o
                0x00000000080003c4                gpio_setup
 .text.tim_setup
                0x0000000008000454       0xb0 HAL.o
                0x0000000008000454                tim_setup
 .text.setLED   0x0000000008000504       0x84 HAL.o
                0x0000000008000504                setLED
 .text.kf_work  0x0000000008000588      0xdb0 kiss_fft.o
 .text.kiss_fft_alloc
                0x0000000008001338      0x100 kiss_fft.o
                0x0000000008001338                kiss_fft_alloc
 .text.kiss_fft_stride
                0x0000000008001438       0x54 kiss_fft.o
                0x0000000008001438                kiss_fft_stride
 .text.kiss_fft
                0x000000000800148c        0x6 kiss_fft.o
                0x000000000800148c                kiss_fft
 *fill*         0x0000000008001492        0x2 
 .text.startup.main
                0x0000000008001494      0x1bc main.o
                0x0000000008001494                main
 .text.adc_set_sample_time_on_all_channels
                0x0000000008001650       0x2a ../../libopencm3/lib/libopencm3_stm32f4.a(adc.o)
                0x0000000008001650                adc_set_sample_time_on_all_channels
 .text.adc_power_on
                0x000000000800167a        0xa ../../libopencm3/lib/libopencm3_stm32f4.a(adc.o)
                0x000000000800167a                adc_power_on
 .text.adc_power_off
                0x0000000008001684        0xa ../../libopencm3/lib/libopencm3_stm32f4.a(adc_common_v1.o)
                0x0000000008001684                adc_power_off
 .text.adc_disable_scan_mode
                0x000000000800168e        0xa ../../libopencm3/lib/libopencm3_stm32f4.a(adc_common_v1.o)
                0x000000000800168e                adc_disable_scan_mode
 .text.adc_eoc  0x0000000008001698        0x8 ../../libopencm3/lib/libopencm3_stm32f4.a(adc_common_v1.o)
                0x0000000008001698                adc_eoc
 .text.adc_read_regular
                0x00000000080016a0        0x4 ../../libopencm3/lib/libopencm3_stm32f4.a(adc_common_v1.o)
                0x00000000080016a0                adc_read_regular
 .text.adc_set_regular_sequence
                0x00000000080016a4       0x74 ../../libopencm3/lib/libopencm3_stm32f4.a(adc_common_v1.o)
                0x00000000080016a4                adc_set_regular_sequence
 .text.adc_start_conversion_regular
                0x0000000008001718       0x14 ../../libopencm3/lib/libopencm3_stm32f4.a(adc_common_v1.o)
                0x0000000008001718                adc_start_conversion_regular
 .text.rcc_is_osc_ready
                0x000000000800172c       0x5c ../../libopencm3/lib/libopencm3_stm32f4.a(rcc.o)
                0x000000000800172c                rcc_is_osc_ready
 .text.rcc_wait_for_osc_ready
                0x0000000008001788       0x10 ../../libopencm3/lib/libopencm3_stm32f4.a(rcc.o)
                0x0000000008001788                rcc_wait_for_osc_ready
 .text.rcc_osc_on
                0x0000000008001798       0x58 ../../libopencm3/lib/libopencm3_stm32f4.a(rcc.o)
                0x0000000008001798                rcc_osc_on
 .text.rcc_osc_off
                0x00000000080017f0       0x58 ../../libopencm3/lib/libopencm3_stm32f4.a(rcc.o)
                0x00000000080017f0                rcc_osc_off
 .text.rcc_set_sysclk_source
                0x0000000008001848       0x14 ../../libopencm3/lib/libopencm3_stm32f4.a(rcc.o)
                0x0000000008001848                rcc_set_sysclk_source
 .text.rcc_set_ppre2
                0x000000000800185c       0x14 ../../libopencm3/lib/libopencm3_stm32f4.a(rcc.o)
                0x000000000800185c                rcc_set_ppre2
 .text.rcc_set_ppre1
                0x0000000008001870       0x14 ../../libopencm3/lib/libopencm3_stm32f4.a(rcc.o)
                0x0000000008001870                rcc_set_ppre1
 .text.rcc_set_hpre
                0x0000000008001884       0x14 ../../libopencm3/lib/libopencm3_stm32f4.a(rcc.o)
                0x0000000008001884                rcc_set_hpre
 .text.rcc_set_main_pll_hse
                0x0000000008001898       0x44 ../../libopencm3/lib/libopencm3_stm32f4.a(rcc.o)
                0x0000000008001898                rcc_set_main_pll_hse
 .text.rcc_clock_setup_hse_3v3
                0x00000000080018dc       0xa8 ../../libopencm3/lib/libopencm3_stm32f4.a(rcc.o)
                0x00000000080018dc                rcc_clock_setup_hse_3v3
 .text.gpio_mode_setup
                0x0000000008001984       0x3a ../../libopencm3/lib/libopencm3_stm32f4.a(gpio_common_f0234.o)
                0x0000000008001984                gpio_mode_setup
 .text.gpio_set_output_options
                0x00000000080019be       0x36 ../../libopencm3/lib/libopencm3_stm32f4.a(gpio_common_f0234.o)
                0x00000000080019be                gpio_set_output_options
 .text.gpio_set_af
                0x00000000080019f4       0x54 ../../libopencm3/lib/libopencm3_stm32f4.a(gpio_common_f0234.o)
                0x00000000080019f4                gpio_set_af
 .text.timer_set_mode
                0x0000000008001a48       0x12 ../../libopencm3/lib/libopencm3_stm32f4.a(timer_common_all.o)
                0x0000000008001a48                timer_set_mode
 .text.timer_enable_counter
                0x0000000008001a5a        0xa ../../libopencm3/lib/libopencm3_stm32f4.a(timer_common_all.o)
                0x0000000008001a5a                timer_enable_counter
 .text.timer_set_prescaler
                0x0000000008001a64        0x4 ../../libopencm3/lib/libopencm3_stm32f4.a(timer_common_all.o)
                0x0000000008001a64                timer_set_prescaler
 .text.timer_set_period
                0x0000000008001a68        0x4 ../../libopencm3/lib/libopencm3_stm32f4.a(timer_common_all.o)
                0x0000000008001a68                timer_set_period
 .text.timer_set_oc_mode
                0x0000000008001a6c      0x198 ../../libopencm3/lib/libopencm3_stm32f4.a(timer_common_all.o)
                0x0000000008001a6c                timer_set_oc_mode
 .text.timer_enable_oc_output
                0x0000000008001c04       0x74 ../../libopencm3/lib/libopencm3_stm32f4.a(timer_common_all.o)
                0x0000000008001c04                timer_enable_oc_output
 .text.timer_set_oc_value
                0x0000000008001c78       0x20 ../../libopencm3/lib/libopencm3_stm32f4.a(timer_common_all.o)
                0x0000000008001c78                timer_set_oc_value
 .text.usart_set_baudrate
                0x0000000008001c98       0x30 ../../libopencm3/lib/libopencm3_stm32f4.a(usart_common_all.o)
                0x0000000008001c98                usart_set_baudrate
 .text.usart_set_databits
                0x0000000008001cc8       0x12 ../../libopencm3/lib/libopencm3_stm32f4.a(usart_common_all.o)
                0x0000000008001cc8                usart_set_databits
 .text.usart_set_stopbits
                0x0000000008001cda        0xc ../../libopencm3/lib/libopencm3_stm32f4.a(usart_common_all.o)
                0x0000000008001cda                usart_set_stopbits
 .text.usart_set_parity
                0x0000000008001ce6        0xc ../../libopencm3/lib/libopencm3_stm32f4.a(usart_common_all.o)
                0x0000000008001ce6                usart_set_parity
 .text.usart_set_mode
                0x0000000008001cf2        0xc ../../libopencm3/lib/libopencm3_stm32f4.a(usart_common_all.o)
                0x0000000008001cf2                usart_set_mode
 .text.usart_set_flow_control
                0x0000000008001cfe        0xc ../../libopencm3/lib/libopencm3_stm32f4.a(usart_common_all.o)
                0x0000000008001cfe                usart_set_flow_control
 .text.usart_enable
                0x0000000008001d0a        0xa ../../libopencm3/lib/libopencm3_stm32f4.a(usart_common_all.o)
                0x0000000008001d0a                usart_enable
 .text.usart_send_blocking
                0x0000000008001d14       0x16 ../../libopencm3/lib/libopencm3_stm32f4.a(usart_common_all.o)
                0x0000000008001d14                usart_send_blocking
 .text.usart_send
                0x0000000008001d2a        0x8 ../../libopencm3/lib/libopencm3_stm32f4.a(usart_common_f124.o)
                0x0000000008001d2a                usart_send
 .text.usart_wait_send_ready
                0x0000000008001d32        0x8 ../../libopencm3/lib/libopencm3_stm32f4.a(usart_common_f124.o)
                0x0000000008001d32                usart_wait_send_ready
 *fill*         0x0000000008001d3a        0x2 
 .text.flash_set_ws
                0x0000000008001d3c       0x14 ../../libopencm3/lib/libopencm3_stm32f4.a(flash_common_f234.o)
                0x0000000008001d3c                flash_set_ws
 .text.rcc_periph_clock_enable
                0x0000000008001d50       0x1a ../../libopencm3/lib/libopencm3_stm32f4.a(rcc_common_all.o)
                0x0000000008001d50                rcc_periph_clock_enable
 .text.blocking_handler
                0x0000000008001d6a        0x2 ../../libopencm3/lib/libopencm3_stm32f4.a(vector.o)
                0x0000000008001d6a                dma2_stream1_isr
                0x0000000008001d6a                tim8_brk_tim12_isr
                0x0000000008001d6a                dma1_stream7_isr
                0x0000000008001d6a                usart3_isr
                0x0000000008001d6a                tim7_isr
                0x0000000008001d6a                dma2d_isr
                0x0000000008001d6a                uart8_isr
                0x0000000008001d6a                dma1_stream2_isr
                0x0000000008001d6a                otg_hs_isr
                0x0000000008001d6a                blocking_handler
                0x0000000008001d6a                tim5_isr
                0x0000000008001d6a                rtc_wkup_isr
                0x0000000008001d6a                otg_fs_isr
                0x0000000008001d6a                spi1_isr
                0x0000000008001d6a                i2c3_er_isr
                0x0000000008001d6a                exti2_isr
                0x0000000008001d6a                spi5_isr
                0x0000000008001d6a                usb_fs_wkup_isr
                0x0000000008001d6a                tamp_stamp_isr
                0x0000000008001d6a                can1_rx1_isr
                0x0000000008001d6a                dma2_stream0_isr
                0x0000000008001d6a                usart1_isr
                0x0000000008001d6a                i2c3_ev_isr
                0x0000000008001d6a                usage_fault_handler
                0x0000000008001d6a                can2_rx0_isr
                0x0000000008001d6a                dma1_stream6_isr
                0x0000000008001d6a                can2_rx1_isr
                0x0000000008001d6a                can1_sce_isr
                0x0000000008001d6a                tim1_cc_isr
                0x0000000008001d6a                can1_tx_isr
                0x0000000008001d6a                tim1_up_tim10_isr
                0x0000000008001d6a                sdio_isr
                0x0000000008001d6a                eth_isr
                0x0000000008001d6a                spi6_isr
                0x0000000008001d6a                dma2_stream5_isr
                0x0000000008001d6a                pvd_isr
                0x0000000008001d6a                can1_rx0_isr
                0x0000000008001d6a                rcc_isr
                0x0000000008001d6a                dma2_stream3_isr
                0x0000000008001d6a                flash_isr
                0x0000000008001d6a                uart4_isr
                0x0000000008001d6a                lcd_tft_isr
                0x0000000008001d6a                rtc_alarm_isr
                0x0000000008001d6a                exti15_10_isr
                0x0000000008001d6a                hash_rng_isr
                0x0000000008001d6a                tim1_trg_com_tim11_isr
                0x0000000008001d6a                hard_fault_handler
                0x0000000008001d6a                exti1_isr
                0x0000000008001d6a                i2c1_ev_isr
                0x0000000008001d6a                usart6_isr
                0x0000000008001d6a                spi2_isr
                0x0000000008001d6a                cryp_isr
                0x0000000008001d6a                nvic_wwdg_isr
                0x0000000008001d6a                dma1_stream1_isr
                0x0000000008001d6a                dma2_stream4_isr
                0x0000000008001d6a                exti3_isr
                0x0000000008001d6a                tim3_isr
                0x0000000008001d6a                usart2_isr
                0x0000000008001d6a                sai1_isr
                0x0000000008001d6a                fpu_isr
                0x0000000008001d6a                dma1_stream4_isr
                0x0000000008001d6a                i2c2_er_isr
                0x0000000008001d6a                i2c2_ev_isr
                0x0000000008001d6a                uart5_isr
                0x0000000008001d6a                dma2_stream6_isr
                0x0000000008001d6a                spi4_isr
                0x0000000008001d6a                adc_isr
                0x0000000008001d6a                dma2_stream7_isr
                0x0000000008001d6a                tim8_up_tim13_isr
                0x0000000008001d6a                fsmc_isr
                0x0000000008001d6a                exti4_isr
                0x0000000008001d6a                tim6_dac_isr
                0x0000000008001d6a                dma1_stream3_isr
                0x0000000008001d6a                tim8_trg_com_tim14_isr
                0x0000000008001d6a                mem_manage_handler
                0x0000000008001d6a                lcd_tft_err_isr
                0x0000000008001d6a                can2_tx_isr
                0x0000000008001d6a                exti9_5_isr
                0x0000000008001d6a                tim1_brk_tim9_isr
                0x0000000008001d6a                uart7_isr
                0x0000000008001d6a                can2_sce_isr
                0x0000000008001d6a                tim4_isr
                0x0000000008001d6a                otg_hs_wkup_isr
                0x0000000008001d6a                i2c1_er_isr
                0x0000000008001d6a                dma1_stream0_isr
                0x0000000008001d6a                tim8_cc_isr
                0x0000000008001d6a                dcmi_isr
                0x0000000008001d6a                dma2_stream2_isr
                0x0000000008001d6a                eth_wkup_isr
                0x0000000008001d6a                bus_fault_handler
                0x0000000008001d6a                otg_hs_ep1_out_isr
                0x0000000008001d6a                spi3_isr
                0x0000000008001d6a                dma1_stream5_isr
                0x0000000008001d6a                otg_hs_ep1_in_isr
                0x0000000008001d6a                tim2_isr
                0x0000000008001d6a                exti0_isr
 .text.null_handler
                0x0000000008001d6c        0x2 ../../libopencm3/lib/libopencm3_stm32f4.a(vector.o)
                0x0000000008001d6c                null_handler
                0x0000000008001d6c                sv_call_handler
                0x0000000008001d6c                pend_sv_handler
                0x0000000008001d6c                debug_monitor_handler
                0x0000000008001d6c                nmi_handler
 *fill*         0x0000000008001d6e        0x2 
 .text.reset_handler
                0x0000000008001d70       0x98 ../../libopencm3/lib/libopencm3_stm32f4.a(vector.o)
                0x0000000008001d70                reset_handler
 .text.systick_set_reload
                0x0000000008001e08       0x10 ../../libopencm3/lib/libopencm3_stm32f4.a(systick.o)
                0x0000000008001e08                systick_set_reload
 .text.systick_set_clocksource
                0x0000000008001e18       0x18 ../../libopencm3/lib/libopencm3_stm32f4.a(systick.o)
                0x0000000008001e18                systick_set_clocksource
 .text.systick_interrupt_enable
                0x0000000008001e30       0x10 ../../libopencm3/lib/libopencm3_stm32f4.a(systick.o)
                0x0000000008001e30                systick_interrupt_enable
 .text.systick_counter_enable
                0x0000000008001e40       0x10 ../../libopencm3/lib/libopencm3_stm32f4.a(systick.o)
                0x0000000008001e40                systick_counter_enable
 .text.nvic_enable_irq
                0x0000000008001e50       0x18 ../../libopencm3/lib/libopencm3_stm32f4.a(nvic.o)
                0x0000000008001e50                nvic_enable_irq
 .text.pwr_set_vos_scale
                0x0000000008001e68       0x20 ../../libopencm3/lib/libopencm3_stm32f4.a(pwr.o)
                0x0000000008001e68                pwr_set_vos_scale
 .text.__errno  0x0000000008001e88        0xc /usr/lib/gcc/arm-none-eabi/4.9.3/../../../arm-none-eabi/lib/armv7e-m/fpu/libc.a(lib_a-errno.o)
                0x0000000008001e88                __errno
 .text.malloc   0x0000000008001e94       0x10 /usr/lib/gcc/arm-none-eabi/4.9.3/../../../arm-none-eabi/lib/armv7e-m/fpu/libc.a(lib_a-malloc.o)
                0x0000000008001e94                malloc
 .text.free     0x0000000008001ea4       0x10 /usr/lib/gcc/arm-none-eabi/4.9.3/../../../arm-none-eabi/lib/armv7e-m/fpu/libc.a(lib_a-malloc.o)
                0x0000000008001ea4                free
 .text._malloc_r
                0x0000000008001eb4      0x524 /usr/lib/gcc/arm-none-eabi/4.9.3/../../../arm-none-eabi/lib/armv7e-m/fpu/libc.a(lib_a-mallocr.o)
                0x0000000008001eb4                _malloc_r
 .text          0x00000000080023d8      0x134 /usr/lib/gcc/arm-none-eabi/4.9.3/../../../arm-none-eabi/lib/armv7e-m/fpu/libc.a(lib_a-memcpy.o)
                0x00000000080023d8                memcpy
 .text.__malloc_lock
                0x000000000800250c        0x4 /usr/lib/gcc/arm-none-eabi/4.9.3/../../../arm-none-eabi/lib/armv7e-m/fpu/libc.a(lib_a-mlock.o)
                0x000000000800250c                __malloc_lock
 .text.__malloc_unlock
                0x0000000008002510        0x4 /usr/lib/gcc/arm-none-eabi/4.9.3/../../../arm-none-eabi/lib/armv7e-m/fpu/libc.a(lib_a-mlock.o)
                0x0000000008002510                __malloc_unlock
 .text.printf   0x0000000008002514       0x28 /usr/lib/gcc/arm-none-eabi/4.9.3/../../../arm-none-eabi/lib/armv7e-m/fpu/libc.a(lib_a-printf.o)
                0x0000000008002514                printf
 .text._puts_r  0x000000000800253c       0x64 /usr/lib/gcc/arm-none-eabi/4.9.3/../../../arm-none-eabi/lib/armv7e-m/fpu/libc.a(lib_a-puts.o)
                0x000000000800253c                _puts_r
 .text.puts     0x00000000080025a0       0x10 /usr/lib/gcc/arm-none-eabi/4.9.3/../../../arm-none-eabi/lib/armv7e-m/fpu/libc.a(lib_a-puts.o)
                0x00000000080025a0                puts
 .text._sbrk_r  0x00000000080025b0       0x24 /usr/lib/gcc/arm-none-eabi/4.9.3/../../../arm-none-eabi/lib/armv7e-m/fpu/libc.a(lib_a-sbrkr.o)
                0x00000000080025b0                _sbrk_r
 .text.strlen   0x00000000080025d4       0x5c /usr/lib/gcc/arm-none-eabi/4.9.3/../../../arm-none-eabi/lib/armv7e-m/fpu/libc.a(lib_a-strlen.o)
                0x00000000080025d4                strlen
 .text._vfprintf_r
                0x0000000008002630     0x1428 /usr/lib/gcc/arm-none-eabi/4.9.3/../../../arm-none-eabi/lib/armv7e-m/fpu/libc.a(lib_a-vfprintf.o)
                0x0000000008002630                _vfprintf_r
 .text.__sbprintf
                0x0000000008003a58       0x78 /usr/lib/gcc/arm-none-eabi/4.9.3/../../../arm-none-eabi/lib/armv7e-m/fpu/libc.a(lib_a-vfprintf.o)
 .text.__swsetup_r
                0x0000000008003ad0       0xc4 /usr/lib/gcc/arm-none-eabi/4.9.3/../../../arm-none-eabi/lib/armv7e-m/fpu/libc.a(lib_a-wsetup.o)
                0x0000000008003ad0                __swsetup_r
 .text.quorem   0x0000000008003b94      0x12c /usr/lib/gcc/arm-none-eabi/4.9.3/../../../arm-none-eabi/lib/armv7e-m/fpu/libc.a(lib_a-dtoa.o)
 .text._dtoa_r  0x0000000008003cc0      0xea8 /usr/lib/gcc/arm-none-eabi/4.9.3/../../../arm-none-eabi/lib/armv7e-m/fpu/libc.a(lib_a-dtoa.o)
                0x0000000008003cc0                _dtoa_r
 .text.__sflush_r
                0x0000000008004b68      0x154 /usr/lib/gcc/arm-none-eabi/4.9.3/../../../arm-none-eabi/lib/armv7e-m/fpu/libc.a(lib_a-fflush.o)
                0x0000000008004b68                __sflush_r
 .text._fflush_r
                0x0000000008004cbc       0x2c /usr/lib/gcc/arm-none-eabi/4.9.3/../../../arm-none-eabi/lib/armv7e-m/fpu/libc.a(lib_a-fflush.o)
                0x0000000008004cbc                _fflush_r
 .text._cleanup_r
                0x0000000008004ce8        0xc /usr/lib/gcc/arm-none-eabi/4.9.3/../../../arm-none-eabi/lib/armv7e-m/fpu/libc.a(lib_a-findfp.o)
                0x0000000008004ce8                _cleanup_r
 .text.__sinit.part.1
                0x0000000008004cf4       0xf0 /usr/lib/gcc/arm-none-eabi/4.9.3/../../../arm-none-eabi/lib/armv7e-m/fpu/libc.a(lib_a-findfp.o)
 .text.__sinit  0x0000000008004de4        0xc /usr/lib/gcc/arm-none-eabi/4.9.3/../../../arm-none-eabi/lib/armv7e-m/fpu/libc.a(lib_a-findfp.o)
                0x0000000008004de4                __sinit
 .text.__sfp_lock_acquire
                0x0000000008004df0        0x4 /usr/lib/gcc/arm-none-eabi/4.9.3/../../../arm-none-eabi/lib/armv7e-m/fpu/libc.a(lib_a-findfp.o)
                0x0000000008004df0                __sfp_lock_acquire
 .text.__sfp_lock_release
                0x0000000008004df4        0x4 /usr/lib/gcc/arm-none-eabi/4.9.3/../../../arm-none-eabi/lib/armv7e-m/fpu/libc.a(lib_a-findfp.o)
                0x0000000008004df4                __sfp_lock_release
 .text._malloc_trim_r
                0x0000000008004df8       0x9c /usr/lib/gcc/arm-none-eabi/4.9.3/../../../arm-none-eabi/lib/armv7e-m/fpu/libc.a(lib_a-freer.o)
                0x0000000008004df8                _malloc_trim_r
 .text._free_r  0x0000000008004e94      0x1b0 /usr/lib/gcc/arm-none-eabi/4.9.3/../../../arm-none-eabi/lib/armv7e-m/fpu/libc.a(lib_a-freer.o)
                0x0000000008004e94                _free_r
 .text.__sfvwrite_r
                0x0000000008005044      0x318 /usr/lib/gcc/arm-none-eabi/4.9.3/../../../arm-none-eabi/lib/armv7e-m/fpu/libc.a(lib_a-fvwrite.o)
                0x0000000008005044                __sfvwrite_r
 .text._fwalk_reent
                0x000000000800535c       0x54 /usr/lib/gcc/arm-none-eabi/4.9.3/../../../arm-none-eabi/lib/armv7e-m/fpu/libc.a(lib_a-fwalk.o)
                0x000000000800535c                _fwalk_reent
 .text.__locale_charset
                0x00000000080053b0        0x8 /usr/lib/gcc/arm-none-eabi/4.9.3/../../../arm-none-eabi/lib/armv7e-m/fpu/libc.a(lib_a-locale.o)
                0x00000000080053b0                __locale_charset
 .text.__locale_mb_cur_max
                0x00000000080053b8        0xc /usr/lib/gcc/arm-none-eabi/4.9.3/../../../arm-none-eabi/lib/armv7e-m/fpu/libc.a(lib_a-locale.o)
                0x00000000080053b8                __locale_mb_cur_max
 .text._localeconv_r
                0x00000000080053c4        0x8 /usr/lib/gcc/arm-none-eabi/4.9.3/../../../arm-none-eabi/lib/armv7e-m/fpu/libc.a(lib_a-locale.o)
                0x00000000080053c4                _localeconv_r
 .text.__smakebuf_r
                0x00000000080053cc       0xe0 /usr/lib/gcc/arm-none-eabi/4.9.3/../../../arm-none-eabi/lib/armv7e-m/fpu/libc.a(lib_a-makebuf.o)
                0x00000000080053cc                __smakebuf_r
 .text.memchr   0x00000000080054ac       0x94 /usr/lib/gcc/arm-none-eabi/4.9.3/../../../arm-none-eabi/lib/armv7e-m/fpu/libc.a(lib_a-memchr.o)
                0x00000000080054ac                memchr
 .text.memmove  0x0000000008005540       0xc8 /usr/lib/gcc/arm-none-eabi/4.9.3/../../../arm-none-eabi/lib/armv7e-m/fpu/libc.a(lib_a-memmove.o)
                0x0000000008005540                memmove
 .text.memset   0x0000000008005608       0x9c /usr/lib/gcc/arm-none-eabi/4.9.3/../../../arm-none-eabi/lib/armv7e-m/fpu/libc.a(lib_a-memset.o)
                0x0000000008005608                memset
 .text._Balloc  0x00000000080056a4       0x4c /usr/lib/gcc/arm-none-eabi/4.9.3/../../../arm-none-eabi/lib/armv7e-m/fpu/libc.a(lib_a-mprec.o)
                0x00000000080056a4                _Balloc
 .text._Bfree   0x00000000080056f0       0x14 /usr/lib/gcc/arm-none-eabi/4.9.3/../../../arm-none-eabi/lib/armv7e-m/fpu/libc.a(lib_a-mprec.o)
                0x00000000080056f0                _Bfree
 .text.__multadd
                0x0000000008005704       0x84 /usr/lib/gcc/arm-none-eabi/4.9.3/../../../arm-none-eabi/lib/armv7e-m/fpu/libc.a(lib_a-mprec.o)
                0x0000000008005704                __multadd
 .text.__hi0bits
                0x0000000008005788       0x40 /usr/lib/gcc/arm-none-eabi/4.9.3/../../../arm-none-eabi/lib/armv7e-m/fpu/libc.a(lib_a-mprec.o)
                0x0000000008005788                __hi0bits
 .text.__lo0bits
                0x00000000080057c8       0x5c /usr/lib/gcc/arm-none-eabi/4.9.3/../../../arm-none-eabi/lib/armv7e-m/fpu/libc.a(lib_a-mprec.o)
                0x00000000080057c8                __lo0bits
 .text.__i2b    0x0000000008005824       0x14 /usr/lib/gcc/arm-none-eabi/4.9.3/../../../arm-none-eabi/lib/armv7e-m/fpu/libc.a(lib_a-mprec.o)
                0x0000000008005824                __i2b
 .text.__multiply
                0x0000000008005838      0x134 /usr/lib/gcc/arm-none-eabi/4.9.3/../../../arm-none-eabi/lib/armv7e-m/fpu/libc.a(lib_a-mprec.o)
                0x0000000008005838                __multiply
 .text.__pow5mult
                0x000000000800596c       0xa0 /usr/lib/gcc/arm-none-eabi/4.9.3/../../../arm-none-eabi/lib/armv7e-m/fpu/libc.a(lib_a-mprec.o)
                0x000000000800596c                __pow5mult
 .text.__lshift
                0x0000000008005a0c       0xac /usr/lib/gcc/arm-none-eabi/4.9.3/../../../arm-none-eabi/lib/armv7e-m/fpu/libc.a(lib_a-mprec.o)
                0x0000000008005a0c                __lshift
 .text.__mcmp   0x0000000008005ab8       0x48 /usr/lib/gcc/arm-none-eabi/4.9.3/../../../arm-none-eabi/lib/armv7e-m/fpu/libc.a(lib_a-mprec.o)
                0x0000000008005ab8                __mcmp
 .text.__mdiff  0x0000000008005b00       0xd4 /usr/lib/gcc/arm-none-eabi/4.9.3/../../../arm-none-eabi/lib/armv7e-m/fpu/libc.a(lib_a-mprec.o)
                0x0000000008005b00                __mdiff
 .text.__d2b    0x0000000008005bd4       0xbc /usr/lib/gcc/arm-none-eabi/4.9.3/../../../arm-none-eabi/lib/armv7e-m/fpu/libc.a(lib_a-mprec.o)
                0x0000000008005bd4                __d2b
 .text._realloc_r
                0x0000000008005c90      0x3ec /usr/lib/gcc/arm-none-eabi/4.9.3/../../../arm-none-eabi/lib/armv7e-m/fpu/libc.a(lib_a-reallocr.o)
                0x0000000008005c90                _realloc_r
 .text.__fpclassifyd
                0x000000000800607c       0x5c /usr/lib/gcc/arm-none-eabi/4.9.3/../../../arm-none-eabi/lib/armv7e-m/fpu/libc.a(lib_a-s_fpclassify.o)
                0x000000000800607c                __fpclassifyd
 .text.__sread  0x00000000080060d8       0x24 /usr/lib/gcc/arm-none-eabi/4.9.3/../../../arm-none-eabi/lib/armv7e-m/fpu/libc.a(lib_a-stdio.o)
                0x00000000080060d8                __sread
 .text.__swrite
                0x00000000080060fc       0x38 /usr/lib/gcc/arm-none-eabi/4.9.3/../../../arm-none-eabi/lib/armv7e-m/fpu/libc.a(lib_a-stdio.o)
                0x00000000080060fc                __swrite
 .text.__sseek  0x0000000008006134       0x20 /usr/lib/gcc/arm-none-eabi/4.9.3/../../../arm-none-eabi/lib/armv7e-m/fpu/libc.a(lib_a-stdio.o)
                0x0000000008006134                __sseek
 .text.__sclose
                0x0000000008006154        0x8 /usr/lib/gcc/arm-none-eabi/4.9.3/../../../arm-none-eabi/lib/armv7e-m/fpu/libc.a(lib_a-stdio.o)
                0x0000000008006154                __sclose
 .text.__sprint_r.part.0
                0x000000000800615c       0x78 /usr/lib/gcc/arm-none-eabi/4.9.3/../../../arm-none-eabi/lib/armv7e-m/fpu/libc.a(lib_a-vfiprintf.o)
 .text.__sprint_r
                0x00000000080061d4       0x18 /usr/lib/gcc/arm-none-eabi/4.9.3/../../../arm-none-eabi/lib/armv7e-m/fpu/libc.a(lib_a-vfiprintf.o)
                0x00000000080061d4                __sprint_r
 .text._write_r
                0x00000000080061ec       0x28 /usr/lib/gcc/arm-none-eabi/4.9.3/../../../arm-none-eabi/lib/armv7e-m/fpu/libc.a(lib_a-writer.o)
                0x00000000080061ec                _write_r
 .text._calloc_r
                0x0000000008006214       0x60 /usr/lib/gcc/arm-none-eabi/4.9.3/../../../arm-none-eabi/lib/armv7e-m/fpu/libc.a(lib_a-callocr.o)
                0x0000000008006214                _calloc_r
 .text._close_r
                0x0000000008006274       0x24 /usr/lib/gcc/arm-none-eabi/4.9.3/../../../arm-none-eabi/lib/armv7e-m/fpu/libc.a(lib_a-closer.o)
                0x0000000008006274                _close_r
 .text._fclose_r
                0x0000000008006298       0x84 /usr/lib/gcc/arm-none-eabi/4.9.3/../../../arm-none-eabi/lib/armv7e-m/fpu/libc.a(lib_a-fclose.o)
                0x0000000008006298                _fclose_r
 .text.__fputwc
                0x000000000800631c       0xb0 /usr/lib/gcc/arm-none-eabi/4.9.3/../../../arm-none-eabi/lib/armv7e-m/fpu/libc.a(lib_a-fputwc.o)
                0x000000000800631c                __fputwc
 .text._fputwc_r
                0x00000000080063cc       0x24 /usr/lib/gcc/arm-none-eabi/4.9.3/../../../arm-none-eabi/lib/armv7e-m/fpu/libc.a(lib_a-fputwc.o)
                0x00000000080063cc                _fputwc_r
 .text._fstat_r
                0x00000000080063f0       0x28 /usr/lib/gcc/arm-none-eabi/4.9.3/../../../arm-none-eabi/lib/armv7e-m/fpu/libc.a(lib_a-fstatr.o)
                0x00000000080063f0                _fstat_r
 .text._isatty_r
                0x0000000008006418       0x24 /usr/lib/gcc/arm-none-eabi/4.9.3/../../../arm-none-eabi/lib/armv7e-m/fpu/libc.a(lib_a-isattyr.o)
                0x0000000008006418                _isatty_r
 .text._lseek_r
                0x000000000800643c       0x28 /usr/lib/gcc/arm-none-eabi/4.9.3/../../../arm-none-eabi/lib/armv7e-m/fpu/libc.a(lib_a-lseekr.o)
                0x000000000800643c                _lseek_r
 .text._read_r  0x0000000008006464       0x28 /usr/lib/gcc/arm-none-eabi/4.9.3/../../../arm-none-eabi/lib/armv7e-m/fpu/libc.a(lib_a-readr.o)
                0x0000000008006464                _read_r
 .text.__swbuf_r
                0x000000000800648c       0xa8 /usr/lib/gcc/arm-none-eabi/4.9.3/../../../arm-none-eabi/lib/armv7e-m/fpu/libc.a(lib_a-wbuf.o)
                0x000000000800648c                __swbuf_r
 .text._wcrtomb_r
                0x0000000008006534       0x54 /usr/lib/gcc/arm-none-eabi/4.9.3/../../../arm-none-eabi/lib/armv7e-m/fpu/libc.a(lib_a-wcrtomb.o)
                0x0000000008006534                _wcrtomb_r
 .text.__ascii_wctomb
                0x0000000008006588       0x1c /usr/lib/gcc/arm-none-eabi/4.9.3/../../../arm-none-eabi/lib/armv7e-m/fpu/libc.a(lib_a-wctomb_r.o)
                0x0000000008006588                __ascii_wctomb
 .text          0x00000000080065a4      0x370 /usr/lib/gcc/arm-none-eabi/4.9.3/armv7e-m/fpu/libgcc.a(_arm_addsubdf3.o)
                0x00000000080065a4                __aeabi_drsub
                0x00000000080065ac                __aeabi_dsub
                0x00000000080065ac                __subdf3
                0x00000000080065b0                __adddf3
                0x00000000080065b0                __aeabi_dadd
                0x0000000008006828                __aeabi_ui2d
                0x0000000008006828                __floatunsidf
                0x0000000008006848                __floatsidf
                0x0000000008006848                __aeabi_i2d
                0x000000000800686c                __extendsfdf2
                0x000000000800686c                __aeabi_f2d
                0x00000000080068a8                __aeabi_ul2d
                0x00000000080068a8                __floatundidf
                0x00000000080068b8                __floatdidf
                0x00000000080068b8                __aeabi_l2d
 .text          0x0000000008006914      0x424 /usr/lib/gcc/arm-none-eabi/4.9.3/armv7e-m/fpu/libgcc.a(_arm_muldivdf3.o)
                0x0000000008006914                __aeabi_dmul
                0x0000000008006914                __muldf3
                0x0000000008006b68                __aeabi_ddiv
                0x0000000008006b68                __divdf3
 .text          0x0000000008006d38      0x110 /usr/lib/gcc/arm-none-eabi/4.9.3/armv7e-m/fpu/libgcc.a(_arm_cmpdf2.o)
                0x0000000008006d38                __gtdf2
                0x0000000008006d38                __gedf2
                0x0000000008006d40                __ltdf2
                0x0000000008006d40                __ledf2
                0x0000000008006d48                __cmpdf2
                0x0000000008006d48                __eqdf2
                0x0000000008006d48                __nedf2
                0x0000000008006dc4                __aeabi_cdrcmple
                0x0000000008006dd4                __aeabi_cdcmple
                0x0000000008006dd4                __aeabi_cdcmpeq
                0x0000000008006de4                __aeabi_dcmpeq
                0x0000000008006df8                __aeabi_dcmplt
                0x0000000008006e0c                __aeabi_dcmple
                0x0000000008006e20                __aeabi_dcmpge
                0x0000000008006e34                __aeabi_dcmpgt
 .text          0x0000000008006e48       0x50 /usr/lib/gcc/arm-none-eabi/4.9.3/armv7e-m/fpu/libgcc.a(_arm_fixdfsi.o)
                0x0000000008006e48                __fixdfsi
                0x0000000008006e48                __aeabi_d2iz
 .text          0x0000000008006e98       0x40 /usr/lib/gcc/arm-none-eabi/4.9.3/armv7e-m/fpu/libgcc.a(_arm_fixunsdfsi.o)
                0x0000000008006e98                __fixunsdfsi
                0x0000000008006e98                __aeabi_d2uiz
 .text          0x0000000008006ed8       0x30 /usr/lib/gcc/arm-none-eabi/4.9.3/armv7e-m/fpu/libgcc.a(_aeabi_uldivmod.o)
                0x0000000008006ed8                __aeabi_uldivmod
 .text          0x0000000008006f08       0x60 /usr/lib/gcc/arm-none-eabi/4.9.3/armv7e-m/fpu/libgcc.a(bpabi.o)
                0x0000000008006f08                __gnu_ldivmod_helper
                0x0000000008006f38                __gnu_uldivmod_helper
 .text          0x0000000008006f68        0x4 /usr/lib/gcc/arm-none-eabi/4.9.3/armv7e-m/fpu/libgcc.a(_dvmd_tls.o)
                0x0000000008006f68                __aeabi_ldiv0
                0x0000000008006f68                __aeabi_idiv0
 .text          0x0000000008006f6c      0x29c /usr/lib/gcc/arm-none-eabi/4.9.3/armv7e-m/fpu/libgcc.a(_divdi3.o)
                0x0000000008006f6c                __divdi3
 .text          0x0000000008007208      0x26c /usr/lib/gcc/arm-none-eabi/4.9.3/armv7e-m/fpu/libgcc.a(_udivdi3.o)
                0x0000000008007208                __udivdi3
 .text._close   0x0000000008007474       0x10 /usr/lib/gcc/arm-none-eabi/4.9.3/../../../arm-none-eabi/lib/armv7e-m/fpu/libnosys.a(close.o)
                0x0000000008007474                _close
 .text._fstat   0x0000000008007484       0x10 /usr/lib/gcc/arm-none-eabi/4.9.3/../../../arm-none-eabi/lib/armv7e-m/fpu/libnosys.a(fstat.o)
                0x0000000008007484                _fstat
 .text._isatty  0x0000000008007494       0x10 /usr/lib/gcc/arm-none-eabi/4.9.3/../../../arm-none-eabi/lib/armv7e-m/fpu/libnosys.a(isatty.o)
                0x0000000008007494                _isatty
 .text._lseek   0x00000000080074a4       0x10 /usr/lib/gcc/arm-none-eabi/4.9.3/../../../arm-none-eabi/lib/armv7e-m/fpu/libnosys.a(lseek.o)
                0x00000000080074a4                _lseek
 .text._read    0x00000000080074b4       0x10 /usr/lib/gcc/arm-none-eabi/4.9.3/../../../arm-none-eabi/lib/armv7e-m/fpu/libnosys.a(read.o)
                0x00000000080074b4                _read
 .text._sbrk    0x00000000080074c4       0x1c /usr/lib/gcc/arm-none-eabi/4.9.3/../../../arm-none-eabi/lib/armv7e-m/fpu/libnosys.a(sbrk.o)
                0x00000000080074c4                _sbrk
 .text.cos      0x00000000080074e0       0xa8 /usr/lib/gcc/arm-none-eabi/4.9.3/../../../arm-none-eabi/lib/armv7e-m/fpu/libm.a(lib_a-s_cos.o)
                0x00000000080074e0                cos
 .text.floor    0x0000000008007588      0x120 /usr/lib/gcc/arm-none-eabi/4.9.3/../../../arm-none-eabi/lib/armv7e-m/fpu/libm.a(lib_a-s_floor.o)
                0x0000000008007588                floor
 .text.sin      0x00000000080076a8       0xa8 /usr/lib/gcc/arm-none-eabi/4.9.3/../../../arm-none-eabi/lib/armv7e-m/fpu/libm.a(lib_a-s_sin.o)
                0x00000000080076a8                sin
 .text.sqrt     0x0000000008007750       0xbc /usr/lib/gcc/arm-none-eabi/4.9.3/../../../arm-none-eabi/lib/armv7e-m/fpu/libm.a(lib_a-w_sqrt.o)
                0x0000000008007750                sqrt
 *fill*         0x000000000800780c        0x4 
 .text.__ieee754_rem_pio2
                0x0000000008007810      0x450 /usr/lib/gcc/arm-none-eabi/4.9.3/../../../arm-none-eabi/lib/armv7e-m/fpu/libm.a(lib_a-e_rem_pio2.o)
                0x0000000008007810                __ieee754_rem_pio2
 .text.__ieee754_sqrt
                0x0000000008007c60      0x1a8 /usr/lib/gcc/arm-none-eabi/4.9.3/../../../arm-none-eabi/lib/armv7e-m/fpu/libm.a(lib_a-e_sqrt.o)
                0x0000000008007c60                __ieee754_sqrt
 .text.__kernel_cos
                0x0000000008007e08      0x280 /usr/lib/gcc/arm-none-eabi/4.9.3/../../../arm-none-eabi/lib/armv7e-m/fpu/libm.a(lib_a-k_cos.o)
                0x0000000008007e08                __kernel_cos
 .text.__kernel_rem_pio2
                0x0000000008008088      0x7f8 /usr/lib/gcc/arm-none-eabi/4.9.3/../../../arm-none-eabi/lib/armv7e-m/fpu/libm.a(lib_a-k_rem_pio2.o)
                0x0000000008008088                __kernel_rem_pio2
 .text.__kernel_sin
                0x0000000008008880      0x190 /usr/lib/gcc/arm-none-eabi/4.9.3/../../../arm-none-eabi/lib/armv7e-m/fpu/libm.a(lib_a-k_sin.o)
                0x0000000008008880                __kernel_sin
 .text.fabs     0x0000000008008a10       0x10 /usr/lib/gcc/arm-none-eabi/4.9.3/../../../arm-none-eabi/lib/armv7e-m/fpu/libm.a(lib_a-s_fabs.o)
                0x0000000008008a10                fabs
 .text.matherr  0x0000000008008a20        0x4 /usr/lib/gcc/arm-none-eabi/4.9.3/../../../arm-none-eabi/lib/armv7e-m/fpu/libm.a(lib_a-s_matherr.o)
                0x0000000008008a20                matherr
 *fill*         0x0000000008008a24        0x4 
 .text.scalbn   0x0000000008008a28      0x108 /usr/lib/gcc/arm-none-eabi/4.9.3/../../../arm-none-eabi/lib/armv7e-m/fpu/libm.a(lib_a-s_scalbn.o)
                0x0000000008008a28                scalbn
 .text.copysign
                0x0000000008008b30       0x1c /usr/lib/gcc/arm-none-eabi/4.9.3/../../../arm-none-eabi/lib/armv7e-m/fpu/libm.a(lib_a-s_copysign.o)
                0x0000000008008b30                copysign
                0x0000000008008b4c                . = ALIGN (0x4)
 *(.rodata*)
 .rodata.gamma_lookup
                0x0000000008008b4c      0x800 HAL.o
 .rodata        0x000000000800934c        0xa main.o
 .rodata.str1.1
                0x0000000008009356       0x14 main.o
                                         0x16 (size before relaxing)
 *fill*         0x000000000800936a        0x2 
 .rodata.rcc_hse_8mhz_3v3
                0x000000000800936c       0x70 ../../libopencm3/lib/libopencm3_stm32f4.a(rcc.o)
                0x000000000800936c                rcc_hse_8mhz_3v3
 .rodata.str1.4
                0x00000000080093dc        0x2 /usr/lib/gcc/arm-none-eabi/4.9.3/../../../arm-none-eabi/lib/armv7e-m/fpu/libc.a(lib_a-impure.o)
                                          0x4 (size before relaxing)
 *fill*         0x00000000080093de        0x2 
 .rodata.str1.4
                0x00000000080093e0        0x2 /usr/lib/gcc/arm-none-eabi/4.9.3/../../../arm-none-eabi/lib/armv7e-m/fpu/libc.a(lib_a-puts.o)
                                          0x4 (size before relaxing)
 *fill*         0x00000000080093e2        0x2 
 .rodata.zeroes.6926
                0x00000000080093e4       0x10 /usr/lib/gcc/arm-none-eabi/4.9.3/../../../arm-none-eabi/lib/armv7e-m/fpu/libc.a(lib_a-vfprintf.o)
 .rodata.str1.4
                0x00000000080093f4       0x42 /usr/lib/gcc/arm-none-eabi/4.9.3/../../../arm-none-eabi/lib/armv7e-m/fpu/libc.a(lib_a-vfprintf.o)
                                         0x44 (size before relaxing)
 *fill*         0x0000000008009436        0x2 
 .rodata.blanks.6925
                0x0000000008009438       0x10 /usr/lib/gcc/arm-none-eabi/4.9.3/../../../arm-none-eabi/lib/armv7e-m/fpu/libc.a(lib_a-vfprintf.o)
 .rodata.str1.4
                0x0000000008009448       0x10 /usr/lib/gcc/arm-none-eabi/4.9.3/../../../arm-none-eabi/lib/armv7e-m/fpu/libc.a(lib_a-dtoa.o)
                                         0x14 (size before relaxing)
 .rodata.str1.4
                0x0000000008009458        0xa /usr/lib/gcc/arm-none-eabi/4.9.3/../../../arm-none-eabi/lib/armv7e-m/fpu/libc.a(lib_a-locale.o)
                                         0x14 (size before relaxing)
 *fill*         0x0000000008009462        0x6 
 .rodata.__mprec_tens
                0x0000000008009468       0xc8 /usr/lib/gcc/arm-none-eabi/4.9.3/../../../arm-none-eabi/lib/armv7e-m/fpu/libc.a(lib_a-mprec.o)
                0x0000000008009468                __mprec_tens
 .rodata.p05.5302
                0x0000000008009530        0xc /usr/lib/gcc/arm-none-eabi/4.9.3/../../../arm-none-eabi/lib/armv7e-m/fpu/libc.a(lib_a-mprec.o)
 *fill*         0x000000000800953c        0x4 
 .rodata.__mprec_bigtens
                0x0000000008009540       0x28 /usr/lib/gcc/arm-none-eabi/4.9.3/../../../arm-none-eabi/lib/armv7e-m/fpu/libc.a(lib_a-mprec.o)
                0x0000000008009540                __mprec_bigtens
 .rodata.str1.4
                0x0000000008009568        0x8 /usr/lib/gcc/arm-none-eabi/4.9.3/../../../arm-none-eabi/lib/armv7e-m/fpu/libm.a(lib_a-w_sqrt.o)
 .rodata.npio2_hw
                0x0000000008009570       0x80 /usr/lib/gcc/arm-none-eabi/4.9.3/../../../arm-none-eabi/lib/armv7e-m/fpu/libm.a(lib_a-e_rem_pio2.o)
 .rodata.two_over_pi
                0x00000000080095f0      0x108 /usr/lib/gcc/arm-none-eabi/4.9.3/../../../arm-none-eabi/lib/armv7e-m/fpu/libm.a(lib_a-e_rem_pio2.o)
 .rodata.init_jk
                0x00000000080096f8       0x10 /usr/lib/gcc/arm-none-eabi/4.9.3/../../../arm-none-eabi/lib/armv7e-m/fpu/libm.a(lib_a-k_rem_pio2.o)
 .rodata.PIo2   0x0000000008009708       0x40 /usr/lib/gcc/arm-none-eabi/4.9.3/../../../arm-none-eabi/lib/armv7e-m/fpu/libm.a(lib_a-k_rem_pio2.o)
                0x0000000008009748                . = ALIGN (0x4)

.glue_7         0x0000000008009748        0x0
 .glue_7        0x0000000008009748        0x0 linker stubs

.glue_7t        0x0000000008009748        0x0
 .glue_7t       0x0000000008009748        0x0 linker stubs

.vfp11_veneer   0x0000000008009748        0x0
 .vfp11_veneer  0x0000000008009748        0x0 linker stubs

.v4_bx          0x0000000008009748        0x0
 .v4_bx         0x0000000008009748        0x0 linker stubs

.iplt           0x0000000008009748        0x0
 .iplt          0x0000000008009748        0x0 HAL.o

.preinit_array  0x0000000008009748        0x0
                0x0000000008009748                . = ALIGN (0x4)
                0x0000000008009748                __preinit_array_start = .
 *(.preinit_array)
                0x0000000008009748                __preinit_array_end = .

.init_array     0x0000000008009748        0x0
                0x0000000008009748                . = ALIGN (0x4)
                0x0000000008009748                __init_array_start = .
 *(SORT(.init_array.*))
 *(.init_array)
                0x0000000008009748                __init_array_end = .

.fini_array     0x0000000008009748        0x0
                0x0000000008009748                . = ALIGN (0x4)
                0x0000000008009748                __fini_array_start = .
 *(.fini_array)
 *(SORT(.fini_array.*))
                0x0000000008009748                __fini_array_end = .

.ARM.extab
 *(.ARM.extab*)

.ARM.exidx      0x0000000008009748        0x8
                0x0000000008009748                __exidx_start = .
 *(.ARM.exidx*)
 .ARM.exidx     0x0000000008009748        0x8 /usr/lib/gcc/arm-none-eabi/4.9.3/armv7e-m/fpu/libgcc.a(_divdi3.o)
 .ARM.exidx     0x0000000008009750        0x0 /usr/lib/gcc/arm-none-eabi/4.9.3/armv7e-m/fpu/libgcc.a(_udivdi3.o)
                                          0x8 (size before relaxing)
                0x0000000008009750                __exidx_end = .

.rel.dyn        0x0000000008009750        0x0
 .rel.iplt      0x0000000008009750        0x0 HAL.o
                0x0000000008009750                . = ALIGN (0x4)
                0x0000000008009750                _etext = .

.data           0x0000000020000000      0x8b0 load address 0x0000000008009750
                0x0000000020000000                _data = .
 *(.data*)
 .data.rcc_ahb_frequency
                0x0000000020000000        0x4 ../../libopencm3/lib/libopencm3_stm32f4.a(rcc.o)
                0x0000000020000000                rcc_ahb_frequency
 .data.rcc_apb1_frequency
                0x0000000020000004        0x4 ../../libopencm3/lib/libopencm3_stm32f4.a(rcc.o)
                0x0000000020000004                rcc_apb1_frequency
 .data.rcc_apb2_frequency
                0x0000000020000008        0x4 ../../libopencm3/lib/libopencm3_stm32f4.a(rcc.o)
                0x0000000020000008                rcc_apb2_frequency
 *fill*         0x000000002000000c        0x4 
 .data.impure_data
                0x0000000020000010      0x428 /usr/lib/gcc/arm-none-eabi/4.9.3/../../../arm-none-eabi/lib/armv7e-m/fpu/libc.a(lib_a-impure.o)
 .data._impure_ptr
                0x0000000020000438        0x4 /usr/lib/gcc/arm-none-eabi/4.9.3/../../../arm-none-eabi/lib/armv7e-m/fpu/libc.a(lib_a-impure.o)
                0x0000000020000438                _impure_ptr
 .data.__malloc_av_
                0x000000002000043c      0x408 /usr/lib/gcc/arm-none-eabi/4.9.3/../../../arm-none-eabi/lib/armv7e-m/fpu/libc.a(lib_a-mallocr.o)
                0x000000002000043c                __malloc_av_
 .data.__malloc_trim_threshold
                0x0000000020000844        0x4 /usr/lib/gcc/arm-none-eabi/4.9.3/../../../arm-none-eabi/lib/armv7e-m/fpu/libc.a(lib_a-mallocr.o)
                0x0000000020000844                __malloc_trim_threshold
 .data.__malloc_sbrk_base
                0x0000000020000848        0x4 /usr/lib/gcc/arm-none-eabi/4.9.3/../../../arm-none-eabi/lib/armv7e-m/fpu/libc.a(lib_a-mallocr.o)
                0x0000000020000848                __malloc_sbrk_base
 .data.lconv    0x000000002000084c       0x38 /usr/lib/gcc/arm-none-eabi/4.9.3/../../../arm-none-eabi/lib/armv7e-m/fpu/libc.a(lib_a-locale.o)
 .data.lc_ctype_charset
                0x0000000020000884       0x20 /usr/lib/gcc/arm-none-eabi/4.9.3/../../../arm-none-eabi/lib/armv7e-m/fpu/libc.a(lib_a-locale.o)
 .data.__mb_cur_max
                0x00000000200008a4        0x4 /usr/lib/gcc/arm-none-eabi/4.9.3/../../../arm-none-eabi/lib/armv7e-m/fpu/libc.a(lib_a-locale.o)
                0x00000000200008a4                __mb_cur_max
 .data.__wctomb
                0x00000000200008a8        0x4 /usr/lib/gcc/arm-none-eabi/4.9.3/../../../arm-none-eabi/lib/armv7e-m/fpu/libc.a(lib_a-wctomb_r.o)
                0x00000000200008a8                __wctomb
 .data.__fdlib_version
                0x00000000200008ac        0x1 /usr/lib/gcc/arm-none-eabi/4.9.3/../../../arm-none-eabi/lib/armv7e-m/fpu/libm.a(lib_a-s_lib_ver.o)
                0x00000000200008ac                __fdlib_version
                0x00000000200008b0                . = ALIGN (0x4)
 *fill*         0x00000000200008ad        0x3 
                0x00000000200008b0                _edata = .
                0x0000000008009750                _data_loadaddr = LOADADDR (.data)

.igot.plt       0x00000000200008b0        0x0 load address 0x000000000800a000
 .igot.plt      0x00000000200008b0        0x0 HAL.o

.bss            0x00000000200008b0     0x4048 load address 0x000000000800a000
 *(.bss*)
 .bss.tick      0x00000000200008b0        0x2 HAL.o
                0x00000000200008b0                tick
 .bss.main_tick
                0x00000000200008b2        0x1 HAL.o
                0x00000000200008b2                main_tick
 .bss.data_ready_flag
                0x00000000200008b3        0x1 HAL.o
                0x00000000200008b3                data_ready_flag
 *fill*         0x00000000200008b4        0x4 
 .bss.timedata  0x00000000200008b8     0x4000 HAL.o
                0x00000000200008b8                timedata
 .bss.sample_count
                0x00000000200048b8        0x4 HAL.o
                0x00000000200048b8                sample_count
 .bss.__malloc_max_total_mem
                0x00000000200048bc        0x4 /usr/lib/gcc/arm-none-eabi/4.9.3/../../../arm-none-eabi/lib/armv7e-m/fpu/libc.a(lib_a-mallocr.o)
                0x00000000200048bc                __malloc_max_total_mem
 .bss.__malloc_max_sbrked_mem
                0x00000000200048c0        0x4 /usr/lib/gcc/arm-none-eabi/4.9.3/../../../arm-none-eabi/lib/armv7e-m/fpu/libc.a(lib_a-mallocr.o)
                0x00000000200048c0                __malloc_max_sbrked_mem
 .bss.__malloc_top_pad
                0x00000000200048c4        0x4 /usr/lib/gcc/arm-none-eabi/4.9.3/../../../arm-none-eabi/lib/armv7e-m/fpu/libc.a(lib_a-mallocr.o)
                0x00000000200048c4                __malloc_top_pad
 .bss.__malloc_current_mallinfo
                0x00000000200048c8       0x28 /usr/lib/gcc/arm-none-eabi/4.9.3/../../../arm-none-eabi/lib/armv7e-m/fpu/libc.a(lib_a-mallocr.o)
                0x00000000200048c8                __malloc_current_mallinfo
 .bss.heap_end.4079
                0x00000000200048f0        0x4 /usr/lib/gcc/arm-none-eabi/4.9.3/../../../arm-none-eabi/lib/armv7e-m/fpu/libnosys.a(sbrk.o)
 *(COMMON)
 COMMON         0x00000000200048f4        0x4 /usr/lib/gcc/arm-none-eabi/4.9.3/../../../arm-none-eabi/lib/armv7e-m/fpu/libc.a(lib_a-reent.o)
                0x00000000200048f4                errno
                0x00000000200048f8                . = ALIGN (0x4)
                0x00000000200048f8                _ebss = .

/DISCARD/
 *(.eh_frame)
                0x00000000200048f8                . = ALIGN (0x4)
                0x00000000200048f8                end = .
                0x0000000020020000                PROVIDE (_stack, (ORIGIN (ram) + LENGTH (ram)))
OUTPUT(main.elf elf32-littlearm)

.debug_info     0x0000000000000000    0x2332e
 .debug_info    0x0000000000000000     0x133e HAL.o
 .debug_info    0x000000000000133e      0xbc3 kiss_fft.o
 .debug_info    0x0000000000001f01      0x438 main.o
 .debug_info    0x0000000000002339      0x459 ../../libopencm3/lib/libopencm3_stm32f4.a(adc.o)
 .debug_info    0x0000000000002792      0x7b4 ../../libopencm3/lib/libopencm3_stm32f4.a(adc_common_v1.o)
 .debug_info    0x0000000000002f46      0x953 ../../libopencm3/lib/libopencm3_stm32f4.a(rcc.o)
 .debug_info    0x0000000000003899      0x1eb ../../libopencm3/lib/libopencm3_stm32f4.a(gpio_common_f0234.o)
 .debug_info    0x0000000000003a84     0x11ff ../../libopencm3/lib/libopencm3_stm32f4.a(timer_common_all.o)
 .debug_info    0x0000000000004c83      0x4cf ../../libopencm3/lib/libopencm3_stm32f4.a(usart_common_all.o)
 .debug_info    0x0000000000005152      0x17a ../../libopencm3/lib/libopencm3_stm32f4.a(usart_common_f124.o)
 .debug_info    0x00000000000052cc      0x11f ../../libopencm3/lib/libopencm3_stm32f4.a(flash_common_f234.o)
 .debug_info    0x00000000000053eb      0x858 ../../libopencm3/lib/libopencm3_stm32f4.a(rcc_common_all.o)
 .debug_info    0x0000000000005c43      0x2af ../../libopencm3/lib/libopencm3_stm32f4.a(vector.o)
 .debug_info    0x0000000000005ef2      0x255 ../../libopencm3/lib/libopencm3_stm32f4.a(systick.o)
 .debug_info    0x0000000000006147      0x214 ../../libopencm3/lib/libopencm3_stm32f4.a(nvic.o)
 .debug_info    0x000000000000635b       0xbe ../../libopencm3/lib/libopencm3_stm32f4.a(pwr.o)
 .debug_info    0x0000000000006419      0x889 /usr/lib/gcc/arm-none-eabi/4.9.3/../../../arm-none-eabi/lib/armv7e-m/fpu/libc.a(lib_a-errno.o)
 .debug_info    0x0000000000006ca2      0x894 /usr/lib/gcc/arm-none-eabi/4.9.3/../../../arm-none-eabi/lib/armv7e-m/fpu/libc.a(lib_a-impure.o)
 .debug_info    0x0000000000007536      0x915 /usr/lib/gcc/arm-none-eabi/4.9.3/../../../arm-none-eabi/lib/armv7e-m/fpu/libc.a(lib_a-malloc.o)
 .debug_info    0x0000000000007e4b      0xd8b /usr/lib/gcc/arm-none-eabi/4.9.3/../../../arm-none-eabi/lib/armv7e-m/fpu/libc.a(lib_a-mallocr.o)
 .debug_info    0x0000000000008bd6       0xd5 /usr/lib/gcc/arm-none-eabi/4.9.3/../../../arm-none-eabi/lib/armv7e-m/fpu/libc.a(lib_a-memcpy.o)
 .debug_info    0x0000000000008cab      0x8b4 /usr/lib/gcc/arm-none-eabi/4.9.3/../../../arm-none-eabi/lib/armv7e-m/fpu/libc.a(lib_a-mlock.o)
 .debug_info    0x000000000000955f      0x9ab /usr/lib/gcc/arm-none-eabi/4.9.3/../../../arm-none-eabi/lib/armv7e-m/fpu/libc.a(lib_a-printf.o)
 .debug_info    0x0000000000009f0a      0xa4e /usr/lib/gcc/arm-none-eabi/4.9.3/../../../arm-none-eabi/lib/armv7e-m/fpu/libc.a(lib_a-puts.o)
 .debug_info    0x000000000000a958      0x8f4 /usr/lib/gcc/arm-none-eabi/4.9.3/../../../arm-none-eabi/lib/armv7e-m/fpu/libc.a(lib_a-sbrkr.o)
 .debug_info    0x000000000000b24c       0xb5 /usr/lib/gcc/arm-none-eabi/4.9.3/../../../arm-none-eabi/lib/armv7e-m/fpu/libc.a(lib_a-strlen.o)
 .debug_info    0x000000000000b301     0x183c /usr/lib/gcc/arm-none-eabi/4.9.3/../../../arm-none-eabi/lib/armv7e-m/fpu/libc.a(lib_a-vfprintf.o)
 .debug_info    0x000000000000cb3d      0x93b /usr/lib/gcc/arm-none-eabi/4.9.3/../../../arm-none-eabi/lib/armv7e-m/fpu/libc.a(lib_a-wsetup.o)
 .debug_info    0x000000000000d478     0x134e /usr/lib/gcc/arm-none-eabi/4.9.3/../../../arm-none-eabi/lib/armv7e-m/fpu/libc.a(lib_a-dtoa.o)
 .debug_info    0x000000000000e7c6      0xab3 /usr/lib/gcc/arm-none-eabi/4.9.3/../../../arm-none-eabi/lib/armv7e-m/fpu/libc.a(lib_a-fflush.o)
 .debug_info    0x000000000000f279      0xdc0 /usr/lib/gcc/arm-none-eabi/4.9.3/../../../arm-none-eabi/lib/armv7e-m/fpu/libc.a(lib_a-findfp.o)
 .debug_info    0x0000000000010039      0xc1c /usr/lib/gcc/arm-none-eabi/4.9.3/../../../arm-none-eabi/lib/armv7e-m/fpu/libc.a(lib_a-freer.o)
 .debug_info    0x0000000000010c55      0xc63 /usr/lib/gcc/arm-none-eabi/4.9.3/../../../arm-none-eabi/lib/armv7e-m/fpu/libc.a(lib_a-fvwrite.o)
 .debug_info    0x00000000000118b8      0x99e /usr/lib/gcc/arm-none-eabi/4.9.3/../../../arm-none-eabi/lib/armv7e-m/fpu/libc.a(lib_a-fwalk.o)
 .debug_info    0x0000000000012256      0xc24 /usr/lib/gcc/arm-none-eabi/4.9.3/../../../arm-none-eabi/lib/armv7e-m/fpu/libc.a(lib_a-locale.o)
 .debug_info    0x0000000000012e7a      0xae6 /usr/lib/gcc/arm-none-eabi/4.9.3/../../../arm-none-eabi/lib/armv7e-m/fpu/libc.a(lib_a-makebuf.o)
 .debug_info    0x0000000000013960      0x129 /usr/lib/gcc/arm-none-eabi/4.9.3/../../../arm-none-eabi/lib/armv7e-m/fpu/libc.a(lib_a-memchr.o)
 .debug_info    0x0000000000013a89      0x131 /usr/lib/gcc/arm-none-eabi/4.9.3/../../../arm-none-eabi/lib/armv7e-m/fpu/libc.a(lib_a-memmove.o)
 .debug_info    0x0000000000013bba      0x117 /usr/lib/gcc/arm-none-eabi/4.9.3/../../../arm-none-eabi/lib/armv7e-m/fpu/libc.a(lib_a-memset.o)
 .debug_info    0x0000000000013cd1     0x1684 /usr/lib/gcc/arm-none-eabi/4.9.3/../../../arm-none-eabi/lib/armv7e-m/fpu/libc.a(lib_a-mprec.o)
 .debug_info    0x0000000000015355      0xcbc /usr/lib/gcc/arm-none-eabi/4.9.3/../../../arm-none-eabi/lib/armv7e-m/fpu/libc.a(lib_a-reallocr.o)
 .debug_info    0x0000000000016011      0x9fb /usr/lib/gcc/arm-none-eabi/4.9.3/../../../arm-none-eabi/lib/armv7e-m/fpu/libc.a(lib_a-reent.o)
 .debug_info    0x0000000000016a0c       0xde /usr/lib/gcc/arm-none-eabi/4.9.3/../../../arm-none-eabi/lib/armv7e-m/fpu/libc.a(lib_a-s_fpclassify.o)
 .debug_info    0x0000000000016aea      0xb8a /usr/lib/gcc/arm-none-eabi/4.9.3/../../../arm-none-eabi/lib/armv7e-m/fpu/libc.a(lib_a-stdio.o)
 .debug_info    0x0000000000017674     0x152f /usr/lib/gcc/arm-none-eabi/4.9.3/../../../arm-none-eabi/lib/armv7e-m/fpu/libc.a(lib_a-vfiprintf.o)
 .debug_info    0x0000000000018ba3      0x929 /usr/lib/gcc/arm-none-eabi/4.9.3/../../../arm-none-eabi/lib/armv7e-m/fpu/libc.a(lib_a-writer.o)
 .debug_info    0x00000000000194cc      0x9e0 /usr/lib/gcc/arm-none-eabi/4.9.3/../../../arm-none-eabi/lib/armv7e-m/fpu/libc.a(lib_a-callocr.o)
 .debug_info    0x0000000000019eac      0x8e0 /usr/lib/gcc/arm-none-eabi/4.9.3/../../../arm-none-eabi/lib/armv7e-m/fpu/libc.a(lib_a-closer.o)
 .debug_info    0x000000000001a78c      0xa28 /usr/lib/gcc/arm-none-eabi/4.9.3/../../../arm-none-eabi/lib/armv7e-m/fpu/libc.a(lib_a-fclose.o)
 .debug_info    0x000000000001b1b4      0xacc /usr/lib/gcc/arm-none-eabi/4.9.3/../../../arm-none-eabi/lib/armv7e-m/fpu/libc.a(lib_a-fputwc.o)
 .debug_info    0x000000000001bc80      0xa5e /usr/lib/gcc/arm-none-eabi/4.9.3/../../../arm-none-eabi/lib/armv7e-m/fpu/libc.a(lib_a-fstatr.o)
 .debug_info    0x000000000001c6de      0x8e0 /usr/lib/gcc/arm-none-eabi/4.9.3/../../../arm-none-eabi/lib/armv7e-m/fpu/libc.a(lib_a-isattyr.o)
 .debug_info    0x000000000001cfbe      0x90c /usr/lib/gcc/arm-none-eabi/4.9.3/../../../arm-none-eabi/lib/armv7e-m/fpu/libc.a(lib_a-lseekr.o)
 .debug_info    0x000000000001d8ca      0x922 /usr/lib/gcc/arm-none-eabi/4.9.3/../../../arm-none-eabi/lib/armv7e-m/fpu/libc.a(lib_a-readr.o)
 .debug_info    0x000000000001e1ec      0x9cc /usr/lib/gcc/arm-none-eabi/4.9.3/../../../arm-none-eabi/lib/armv7e-m/fpu/libc.a(lib_a-wbuf.o)
 .debug_info    0x000000000001ebb8      0xa75 /usr/lib/gcc/arm-none-eabi/4.9.3/../../../arm-none-eabi/lib/armv7e-m/fpu/libc.a(lib_a-wcrtomb.o)
 .debug_info    0x000000000001f62d      0x9b5 /usr/lib/gcc/arm-none-eabi/4.9.3/../../../arm-none-eabi/lib/armv7e-m/fpu/libc.a(lib_a-wctomb_r.o)
 .debug_info    0x000000000001ffe2       0xc2 /usr/lib/gcc/arm-none-eabi/4.9.3/armv7e-m/fpu/libgcc.a(_arm_addsubdf3.o)
 .debug_info    0x00000000000200a4       0xc2 /usr/lib/gcc/arm-none-eabi/4.9.3/armv7e-m/fpu/libgcc.a(_arm_muldivdf3.o)
 .debug_info    0x0000000000020166       0xc2 /usr/lib/gcc/arm-none-eabi/4.9.3/armv7e-m/fpu/libgcc.a(_arm_cmpdf2.o)
 .debug_info    0x0000000000020228       0xc2 /usr/lib/gcc/arm-none-eabi/4.9.3/armv7e-m/fpu/libgcc.a(_arm_fixdfsi.o)
 .debug_info    0x00000000000202ea       0xc2 /usr/lib/gcc/arm-none-eabi/4.9.3/armv7e-m/fpu/libgcc.a(_arm_fixunsdfsi.o)
 .debug_info    0x00000000000203ac       0xbd /usr/lib/gcc/arm-none-eabi/4.9.3/armv7e-m/fpu/libgcc.a(_aeabi_uldivmod.o)
 .debug_info    0x0000000000020469      0x164 /usr/lib/gcc/arm-none-eabi/4.9.3/armv7e-m/fpu/libgcc.a(bpabi.o)
 .debug_info    0x00000000000205cd       0xc1 /usr/lib/gcc/arm-none-eabi/4.9.3/armv7e-m/fpu/libgcc.a(_dvmd_tls.o)
 .debug_info    0x000000000002068e      0x5bc /usr/lib/gcc/arm-none-eabi/4.9.3/armv7e-m/fpu/libgcc.a(_divdi3.o)
 .debug_info    0x0000000000020c4a      0x57c /usr/lib/gcc/arm-none-eabi/4.9.3/armv7e-m/fpu/libgcc.a(_udivdi3.o)
 .debug_info    0x00000000000211c6       0xae /usr/lib/gcc/arm-none-eabi/4.9.3/../../../arm-none-eabi/lib/armv7e-m/fpu/libnosys.a(close.o)
 .debug_info    0x0000000000021274      0x22d /usr/lib/gcc/arm-none-eabi/4.9.3/../../../arm-none-eabi/lib/armv7e-m/fpu/libnosys.a(fstat.o)
 .debug_info    0x00000000000214a1       0xae /usr/lib/gcc/arm-none-eabi/4.9.3/../../../arm-none-eabi/lib/armv7e-m/fpu/libnosys.a(isatty.o)
 .debug_info    0x000000000002154f       0xca /usr/lib/gcc/arm-none-eabi/4.9.3/../../../arm-none-eabi/lib/armv7e-m/fpu/libnosys.a(lseek.o)
 .debug_info    0x0000000000021619       0xd0 /usr/lib/gcc/arm-none-eabi/4.9.3/../../../arm-none-eabi/lib/armv7e-m/fpu/libnosys.a(read.o)
 .debug_info    0x00000000000216e9       0x99 /usr/lib/gcc/arm-none-eabi/4.9.3/../../../arm-none-eabi/lib/armv7e-m/fpu/libnosys.a(sbrk.o)
 .debug_info    0x0000000000021782      0x1c5 /usr/lib/gcc/arm-none-eabi/4.9.3/../../../arm-none-eabi/lib/armv7e-m/fpu/libm.a(lib_a-s_cos.o)
 .debug_info    0x0000000000021947      0x1a7 /usr/lib/gcc/arm-none-eabi/4.9.3/../../../arm-none-eabi/lib/armv7e-m/fpu/libm.a(lib_a-s_floor.o)
 .debug_info    0x0000000000021aee      0x1d0 /usr/lib/gcc/arm-none-eabi/4.9.3/../../../arm-none-eabi/lib/armv7e-m/fpu/libm.a(lib_a-s_sin.o)
 .debug_info    0x0000000000021cbe      0x21b /usr/lib/gcc/arm-none-eabi/4.9.3/../../../arm-none-eabi/lib/armv7e-m/fpu/libm.a(lib_a-w_sqrt.o)
 .debug_info    0x0000000000021ed9      0x3e9 /usr/lib/gcc/arm-none-eabi/4.9.3/../../../arm-none-eabi/lib/armv7e-m/fpu/libm.a(lib_a-e_rem_pio2.o)
 .debug_info    0x00000000000222c2      0x231 /usr/lib/gcc/arm-none-eabi/4.9.3/../../../arm-none-eabi/lib/armv7e-m/fpu/libm.a(lib_a-e_sqrt.o)
 .debug_info    0x00000000000224f3      0x220 /usr/lib/gcc/arm-none-eabi/4.9.3/../../../arm-none-eabi/lib/armv7e-m/fpu/libm.a(lib_a-k_cos.o)
 .debug_info    0x0000000000022713      0x3b4 /usr/lib/gcc/arm-none-eabi/4.9.3/../../../arm-none-eabi/lib/armv7e-m/fpu/libm.a(lib_a-k_rem_pio2.o)
 .debug_info    0x0000000000022ac7      0x19c /usr/lib/gcc/arm-none-eabi/4.9.3/../../../arm-none-eabi/lib/armv7e-m/fpu/libm.a(lib_a-k_sin.o)
 .debug_info    0x0000000000022c63      0x13a /usr/lib/gcc/arm-none-eabi/4.9.3/../../../arm-none-eabi/lib/armv7e-m/fpu/libm.a(lib_a-s_fabs.o)
 .debug_info    0x0000000000022d9d       0xbe /usr/lib/gcc/arm-none-eabi/4.9.3/../../../arm-none-eabi/lib/armv7e-m/fpu/libm.a(lib_a-s_lib_ver.o)
 .debug_info    0x0000000000022e5b      0x129 /usr/lib/gcc/arm-none-eabi/4.9.3/../../../arm-none-eabi/lib/armv7e-m/fpu/libm.a(lib_a-s_matherr.o)
 .debug_info    0x0000000000022f84      0x254 /usr/lib/gcc/arm-none-eabi/4.9.3/../../../arm-none-eabi/lib/armv7e-m/fpu/libm.a(lib_a-s_scalbn.o)
 .debug_info    0x00000000000231d8      0x156 /usr/lib/gcc/arm-none-eabi/4.9.3/../../../arm-none-eabi/lib/armv7e-m/fpu/libm.a(lib_a-s_copysign.o)

.debug_abbrev   0x0000000000000000     0x7e03
 .debug_abbrev  0x0000000000000000      0x22b HAL.o
 .debug_abbrev  0x000000000000022b      0x36a kiss_fft.o
 .debug_abbrev  0x0000000000000595      0x1a9 main.o
 .debug_abbrev  0x000000000000073e      0x138 ../../libopencm3/lib/libopencm3_stm32f4.a(adc.o)
 .debug_abbrev  0x0000000000000876      0x149 ../../libopencm3/lib/libopencm3_stm32f4.a(adc_common_v1.o)
 .debug_abbrev  0x00000000000009bf      0x241 ../../libopencm3/lib/libopencm3_stm32f4.a(rcc.o)
 .debug_abbrev  0x0000000000000c00       0xb7 ../../libopencm3/lib/libopencm3_stm32f4.a(gpio_common_f0234.o)
 .debug_abbrev  0x0000000000000cb7      0x15c ../../libopencm3/lib/libopencm3_stm32f4.a(timer_common_all.o)
 .debug_abbrev  0x0000000000000e13      0x12b ../../libopencm3/lib/libopencm3_stm32f4.a(usart_common_all.o)
 .debug_abbrev  0x0000000000000f3e       0x8e ../../libopencm3/lib/libopencm3_stm32f4.a(usart_common_f124.o)
 .debug_abbrev  0x0000000000000fcc       0x8a ../../libopencm3/lib/libopencm3_stm32f4.a(flash_common_f234.o)
 .debug_abbrev  0x0000000000001056       0xc1 ../../libopencm3/lib/libopencm3_stm32f4.a(rcc_common_all.o)
 .debug_abbrev  0x0000000000001117      0x147 ../../libopencm3/lib/libopencm3_stm32f4.a(vector.o)
 .debug_abbrev  0x000000000000125e      0x132 ../../libopencm3/lib/libopencm3_stm32f4.a(systick.o)
 .debug_abbrev  0x0000000000001390       0xa6 ../../libopencm3/lib/libopencm3_stm32f4.a(nvic.o)
 .debug_abbrev  0x0000000000001436       0x79 ../../libopencm3/lib/libopencm3_stm32f4.a(pwr.o)
 .debug_abbrev  0x00000000000014af      0x18f /usr/lib/gcc/arm-none-eabi/4.9.3/../../../arm-none-eabi/lib/armv7e-m/fpu/libc.a(lib_a-errno.o)
 .debug_abbrev  0x000000000000163e      0x180 /usr/lib/gcc/arm-none-eabi/4.9.3/../../../arm-none-eabi/lib/armv7e-m/fpu/libc.a(lib_a-impure.o)
 .debug_abbrev  0x00000000000017be      0x1fa /usr/lib/gcc/arm-none-eabi/4.9.3/../../../arm-none-eabi/lib/armv7e-m/fpu/libc.a(lib_a-malloc.o)
 .debug_abbrev  0x00000000000019b8      0x2ad /usr/lib/gcc/arm-none-eabi/4.9.3/../../../arm-none-eabi/lib/armv7e-m/fpu/libc.a(lib_a-mallocr.o)
 .debug_abbrev  0x0000000000001c65       0x14 /usr/lib/gcc/arm-none-eabi/4.9.3/../../../arm-none-eabi/lib/armv7e-m/fpu/libc.a(lib_a-memcpy.o)
 .debug_abbrev  0x0000000000001c79      0x19a /usr/lib/gcc/arm-none-eabi/4.9.3/../../../arm-none-eabi/lib/armv7e-m/fpu/libc.a(lib_a-mlock.o)
 .debug_abbrev  0x0000000000001e13      0x227 /usr/lib/gcc/arm-none-eabi/4.9.3/../../../arm-none-eabi/lib/armv7e-m/fpu/libc.a(lib_a-printf.o)
 .debug_abbrev  0x000000000000203a      0x25e /usr/lib/gcc/arm-none-eabi/4.9.3/../../../arm-none-eabi/lib/armv7e-m/fpu/libc.a(lib_a-puts.o)
 .debug_abbrev  0x0000000000002298      0x1fd /usr/lib/gcc/arm-none-eabi/4.9.3/../../../arm-none-eabi/lib/armv7e-m/fpu/libc.a(lib_a-sbrkr.o)
 .debug_abbrev  0x0000000000002495       0x70 /usr/lib/gcc/arm-none-eabi/4.9.3/../../../arm-none-eabi/lib/armv7e-m/fpu/libc.a(lib_a-strlen.o)
 .debug_abbrev  0x0000000000002505      0x3e0 /usr/lib/gcc/arm-none-eabi/4.9.3/../../../arm-none-eabi/lib/armv7e-m/fpu/libc.a(lib_a-vfprintf.o)
 .debug_abbrev  0x00000000000028e5      0x20b /usr/lib/gcc/arm-none-eabi/4.9.3/../../../arm-none-eabi/lib/armv7e-m/fpu/libc.a(lib_a-wsetup.o)
 .debug_abbrev  0x0000000000002af0      0x2bc /usr/lib/gcc/arm-none-eabi/4.9.3/../../../arm-none-eabi/lib/armv7e-m/fpu/libc.a(lib_a-dtoa.o)
 .debug_abbrev  0x0000000000002dac      0x2a1 /usr/lib/gcc/arm-none-eabi/4.9.3/../../../arm-none-eabi/lib/armv7e-m/fpu/libc.a(lib_a-fflush.o)
 .debug_abbrev  0x000000000000304d      0x36d /usr/lib/gcc/arm-none-eabi/4.9.3/../../../arm-none-eabi/lib/armv7e-m/fpu/libc.a(lib_a-findfp.o)
 .debug_abbrev  0x00000000000033ba      0x27b /usr/lib/gcc/arm-none-eabi/4.9.3/../../../arm-none-eabi/lib/armv7e-m/fpu/libc.a(lib_a-freer.o)
 .debug_abbrev  0x0000000000003635      0x24a /usr/lib/gcc/arm-none-eabi/4.9.3/../../../arm-none-eabi/lib/armv7e-m/fpu/libc.a(lib_a-fvwrite.o)
 .debug_abbrev  0x000000000000387f      0x1c2 /usr/lib/gcc/arm-none-eabi/4.9.3/../../../arm-none-eabi/lib/armv7e-m/fpu/libc.a(lib_a-fwalk.o)
 .debug_abbrev  0x0000000000003a41      0x2ac /usr/lib/gcc/arm-none-eabi/4.9.3/../../../arm-none-eabi/lib/armv7e-m/fpu/libc.a(lib_a-locale.o)
 .debug_abbrev  0x0000000000003ced      0x206 /usr/lib/gcc/arm-none-eabi/4.9.3/../../../arm-none-eabi/lib/armv7e-m/fpu/libc.a(lib_a-makebuf.o)
 .debug_abbrev  0x0000000000003ef3       0xba /usr/lib/gcc/arm-none-eabi/4.9.3/../../../arm-none-eabi/lib/armv7e-m/fpu/libc.a(lib_a-memchr.o)
 .debug_abbrev  0x0000000000003fad       0xab /usr/lib/gcc/arm-none-eabi/4.9.3/../../../arm-none-eabi/lib/armv7e-m/fpu/libc.a(lib_a-memmove.o)
 .debug_abbrev  0x0000000000004058       0x9f /usr/lib/gcc/arm-none-eabi/4.9.3/../../../arm-none-eabi/lib/armv7e-m/fpu/libc.a(lib_a-memset.o)
 .debug_abbrev  0x00000000000040f7      0x39d /usr/lib/gcc/arm-none-eabi/4.9.3/../../../arm-none-eabi/lib/armv7e-m/fpu/libc.a(lib_a-mprec.o)
 .debug_abbrev  0x0000000000004494      0x260 /usr/lib/gcc/arm-none-eabi/4.9.3/../../../arm-none-eabi/lib/armv7e-m/fpu/libc.a(lib_a-reallocr.o)
 .debug_abbrev  0x00000000000046f4      0x25c /usr/lib/gcc/arm-none-eabi/4.9.3/../../../arm-none-eabi/lib/armv7e-m/fpu/libc.a(lib_a-reent.o)
 .debug_abbrev  0x0000000000004950       0x6f /usr/lib/gcc/arm-none-eabi/4.9.3/../../../arm-none-eabi/lib/armv7e-m/fpu/libc.a(lib_a-s_fpclassify.o)
 .debug_abbrev  0x00000000000049bf      0x246 /usr/lib/gcc/arm-none-eabi/4.9.3/../../../arm-none-eabi/lib/armv7e-m/fpu/libc.a(lib_a-stdio.o)
 .debug_abbrev  0x0000000000004c05      0x3c9 /usr/lib/gcc/arm-none-eabi/4.9.3/../../../arm-none-eabi/lib/armv7e-m/fpu/libc.a(lib_a-vfiprintf.o)
 .debug_abbrev  0x0000000000004fce      0x1f4 /usr/lib/gcc/arm-none-eabi/4.9.3/../../../arm-none-eabi/lib/armv7e-m/fpu/libc.a(lib_a-writer.o)
 .debug_abbrev  0x00000000000051c2      0x213 /usr/lib/gcc/arm-none-eabi/4.9.3/../../../arm-none-eabi/lib/armv7e-m/fpu/libc.a(lib_a-callocr.o)
 .debug_abbrev  0x00000000000053d5      0x1ef /usr/lib/gcc/arm-none-eabi/4.9.3/../../../arm-none-eabi/lib/armv7e-m/fpu/libc.a(lib_a-closer.o)
 .debug_abbrev  0x00000000000055c4      0x2aa /usr/lib/gcc/arm-none-eabi/4.9.3/../../../arm-none-eabi/lib/armv7e-m/fpu/libc.a(lib_a-fclose.o)
 .debug_abbrev  0x000000000000586e      0x28e /usr/lib/gcc/arm-none-eabi/4.9.3/../../../arm-none-eabi/lib/armv7e-m/fpu/libc.a(lib_a-fputwc.o)
 .debug_abbrev  0x0000000000005afc      0x1fe /usr/lib/gcc/arm-none-eabi/4.9.3/../../../arm-none-eabi/lib/armv7e-m/fpu/libc.a(lib_a-fstatr.o)
 .debug_abbrev  0x0000000000005cfa      0x1ef /usr/lib/gcc/arm-none-eabi/4.9.3/../../../arm-none-eabi/lib/armv7e-m/fpu/libc.a(lib_a-isattyr.o)
 .debug_abbrev  0x0000000000005ee9      0x1fe /usr/lib/gcc/arm-none-eabi/4.9.3/../../../arm-none-eabi/lib/armv7e-m/fpu/libc.a(lib_a-lseekr.o)
 .debug_abbrev  0x00000000000060e7      0x1ef /usr/lib/gcc/arm-none-eabi/4.9.3/../../../arm-none-eabi/lib/armv7e-m/fpu/libc.a(lib_a-readr.o)
 .debug_abbrev  0x00000000000062d6      0x25b /usr/lib/gcc/arm-none-eabi/4.9.3/../../../arm-none-eabi/lib/armv7e-m/fpu/libc.a(lib_a-wbuf.o)
 .debug_abbrev  0x0000000000006531      0x222 /usr/lib/gcc/arm-none-eabi/4.9.3/../../../arm-none-eabi/lib/armv7e-m/fpu/libc.a(lib_a-wcrtomb.o)
 .debug_abbrev  0x0000000000006753      0x212 /usr/lib/gcc/arm-none-eabi/4.9.3/../../../arm-none-eabi/lib/armv7e-m/fpu/libc.a(lib_a-wctomb_r.o)
 .debug_abbrev  0x0000000000006965       0x14 /usr/lib/gcc/arm-none-eabi/4.9.3/armv7e-m/fpu/libgcc.a(_arm_addsubdf3.o)
 .debug_abbrev  0x0000000000006979       0x14 /usr/lib/gcc/arm-none-eabi/4.9.3/armv7e-m/fpu/libgcc.a(_arm_muldivdf3.o)
 .debug_abbrev  0x000000000000698d       0x14 /usr/lib/gcc/arm-none-eabi/4.9.3/armv7e-m/fpu/libgcc.a(_arm_cmpdf2.o)
 .debug_abbrev  0x00000000000069a1       0x14 /usr/lib/gcc/arm-none-eabi/4.9.3/armv7e-m/fpu/libgcc.a(_arm_fixdfsi.o)
 .debug_abbrev  0x00000000000069b5       0x14 /usr/lib/gcc/arm-none-eabi/4.9.3/armv7e-m/fpu/libgcc.a(_arm_fixunsdfsi.o)
 .debug_abbrev  0x00000000000069c9       0x14 /usr/lib/gcc/arm-none-eabi/4.9.3/armv7e-m/fpu/libgcc.a(_aeabi_uldivmod.o)
 .debug_abbrev  0x00000000000069dd       0xb7 /usr/lib/gcc/arm-none-eabi/4.9.3/armv7e-m/fpu/libgcc.a(bpabi.o)
 .debug_abbrev  0x0000000000006a94       0x14 /usr/lib/gcc/arm-none-eabi/4.9.3/armv7e-m/fpu/libgcc.a(_dvmd_tls.o)
 .debug_abbrev  0x0000000000006aa8      0x169 /usr/lib/gcc/arm-none-eabi/4.9.3/armv7e-m/fpu/libgcc.a(_divdi3.o)
 .debug_abbrev  0x0000000000006c11      0x154 /usr/lib/gcc/arm-none-eabi/4.9.3/armv7e-m/fpu/libgcc.a(_udivdi3.o)
 .debug_abbrev  0x0000000000006d65       0x66 /usr/lib/gcc/arm-none-eabi/4.9.3/../../../arm-none-eabi/lib/armv7e-m/fpu/libnosys.a(close.o)
 .debug_abbrev  0x0000000000006dcb       0xbb /usr/lib/gcc/arm-none-eabi/4.9.3/../../../arm-none-eabi/lib/armv7e-m/fpu/libnosys.a(fstat.o)
 .debug_abbrev  0x0000000000006e86       0x66 /usr/lib/gcc/arm-none-eabi/4.9.3/../../../arm-none-eabi/lib/armv7e-m/fpu/libnosys.a(isatty.o)
 .debug_abbrev  0x0000000000006eec       0x84 /usr/lib/gcc/arm-none-eabi/4.9.3/../../../arm-none-eabi/lib/armv7e-m/fpu/libnosys.a(lseek.o)
 .debug_abbrev  0x0000000000006f70       0x8d /usr/lib/gcc/arm-none-eabi/4.9.3/../../../arm-none-eabi/lib/armv7e-m/fpu/libnosys.a(read.o)
 .debug_abbrev  0x0000000000006ffd       0x83 /usr/lib/gcc/arm-none-eabi/4.9.3/../../../arm-none-eabi/lib/armv7e-m/fpu/libnosys.a(sbrk.o)
 .debug_abbrev  0x0000000000007080       0xfd /usr/lib/gcc/arm-none-eabi/4.9.3/../../../arm-none-eabi/lib/armv7e-m/fpu/libm.a(lib_a-s_cos.o)
 .debug_abbrev  0x000000000000717d      0x107 /usr/lib/gcc/arm-none-eabi/4.9.3/../../../arm-none-eabi/lib/armv7e-m/fpu/libm.a(lib_a-s_floor.o)
 .debug_abbrev  0x0000000000007284      0x108 /usr/lib/gcc/arm-none-eabi/4.9.3/../../../arm-none-eabi/lib/armv7e-m/fpu/libm.a(lib_a-s_sin.o)
 .debug_abbrev  0x000000000000738c      0x13a /usr/lib/gcc/arm-none-eabi/4.9.3/../../../arm-none-eabi/lib/armv7e-m/fpu/libm.a(lib_a-w_sqrt.o)
 .debug_abbrev  0x00000000000074c6      0x186 /usr/lib/gcc/arm-none-eabi/4.9.3/../../../arm-none-eabi/lib/armv7e-m/fpu/libm.a(lib_a-e_rem_pio2.o)
 .debug_abbrev  0x000000000000764c      0x118 /usr/lib/gcc/arm-none-eabi/4.9.3/../../../arm-none-eabi/lib/armv7e-m/fpu/libm.a(lib_a-e_sqrt.o)
 .debug_abbrev  0x0000000000007764       0xe2 /usr/lib/gcc/arm-none-eabi/4.9.3/../../../arm-none-eabi/lib/armv7e-m/fpu/libm.a(lib_a-k_cos.o)
 .debug_abbrev  0x0000000000007846      0x156 /usr/lib/gcc/arm-none-eabi/4.9.3/../../../arm-none-eabi/lib/armv7e-m/fpu/libm.a(lib_a-k_rem_pio2.o)
 .debug_abbrev  0x000000000000799c       0x96 /usr/lib/gcc/arm-none-eabi/4.9.3/../../../arm-none-eabi/lib/armv7e-m/fpu/libm.a(lib_a-k_sin.o)
 .debug_abbrev  0x0000000000007a32       0xca /usr/lib/gcc/arm-none-eabi/4.9.3/../../../arm-none-eabi/lib/armv7e-m/fpu/libm.a(lib_a-s_fabs.o)
 .debug_abbrev  0x0000000000007afc       0x4f /usr/lib/gcc/arm-none-eabi/4.9.3/../../../arm-none-eabi/lib/armv7e-m/fpu/libm.a(lib_a-s_lib_ver.o)
 .debug_abbrev  0x0000000000007b4b       0x9a /usr/lib/gcc/arm-none-eabi/4.9.3/../../../arm-none-eabi/lib/armv7e-m/fpu/libm.a(lib_a-s_matherr.o)
 .debug_abbrev  0x0000000000007be5      0x138 /usr/lib/gcc/arm-none-eabi/4.9.3/../../../arm-none-eabi/lib/armv7e-m/fpu/libm.a(lib_a-s_scalbn.o)
 .debug_abbrev  0x0000000000007d1d       0xe6 /usr/lib/gcc/arm-none-eabi/4.9.3/../../../arm-none-eabi/lib/armv7e-m/fpu/libm.a(lib_a-s_copysign.o)

.debug_loc      0x0000000000000000    0x1419d
 .debug_loc     0x0000000000000000      0x1fb HAL.o
 .debug_loc     0x00000000000001fb     0x12fd kiss_fft.o
 .debug_loc     0x00000000000014f8      0x156 main.o
 .debug_loc     0x000000000000164e      0x202 ../../libopencm3/lib/libopencm3_stm32f4.a(adc.o)
 .debug_loc     0x0000000000001850      0x343 ../../libopencm3/lib/libopencm3_stm32f4.a(adc_common_v1.o)
 .debug_loc     0x0000000000001b93      0x5c0 ../../libopencm3/lib/libopencm3_stm32f4.a(rcc.o)
 .debug_loc     0x0000000000002153       0xcd ../../libopencm3/lib/libopencm3_stm32f4.a(gpio_common_f0234.o)
 .debug_loc     0x0000000000002220      0x551 ../../libopencm3/lib/libopencm3_stm32f4.a(timer_common_all.o)
 .debug_loc     0x0000000000002771      0x1ca ../../libopencm3/lib/libopencm3_stm32f4.a(usart_common_all.o)
 .debug_loc     0x000000000000293b       0x63 ../../libopencm3/lib/libopencm3_stm32f4.a(usart_common_f124.o)
 .debug_loc     0x000000000000299e       0x3f ../../libopencm3/lib/libopencm3_stm32f4.a(flash_common_f234.o)
 .debug_loc     0x00000000000029dd      0x14a ../../libopencm3/lib/libopencm3_stm32f4.a(rcc_common_all.o)
 .debug_loc     0x0000000000002b27       0xac ../../libopencm3/lib/libopencm3_stm32f4.a(vector.o)
 .debug_loc     0x0000000000002bd3      0x192 ../../libopencm3/lib/libopencm3_stm32f4.a(systick.o)
 .debug_loc     0x0000000000002d65      0x129 ../../libopencm3/lib/libopencm3_stm32f4.a(nvic.o)
 .debug_loc     0x0000000000002e8e       0x58 /usr/lib/gcc/arm-none-eabi/4.9.3/../../../arm-none-eabi/lib/armv7e-m/fpu/libc.a(lib_a-malloc.o)
 .debug_loc     0x0000000000002ee6      0xdc4 /usr/lib/gcc/arm-none-eabi/4.9.3/../../../arm-none-eabi/lib/armv7e-m/fpu/libc.a(lib_a-mallocr.o)
 .debug_loc     0x0000000000003caa       0x34 /usr/lib/gcc/arm-none-eabi/4.9.3/../../../arm-none-eabi/lib/armv7e-m/fpu/libc.a(lib_a-printf.o)
 .debug_loc     0x0000000000003cde       0xd2 /usr/lib/gcc/arm-none-eabi/4.9.3/../../../arm-none-eabi/lib/armv7e-m/fpu/libc.a(lib_a-puts.o)
 .debug_loc     0x0000000000003db0       0x4d /usr/lib/gcc/arm-none-eabi/4.9.3/../../../arm-none-eabi/lib/armv7e-m/fpu/libc.a(lib_a-sbrkr.o)
 .debug_loc     0x0000000000003dfd       0x21 /usr/lib/gcc/arm-none-eabi/4.9.3/../../../arm-none-eabi/lib/armv7e-m/fpu/libc.a(lib_a-strlen.o)
 .debug_loc     0x0000000000003e1e     0x2641 /usr/lib/gcc/arm-none-eabi/4.9.3/../../../arm-none-eabi/lib/armv7e-m/fpu/libc.a(lib_a-vfprintf.o)
 .debug_loc     0x000000000000645f       0xa2 /usr/lib/gcc/arm-none-eabi/4.9.3/../../../arm-none-eabi/lib/armv7e-m/fpu/libc.a(lib_a-wsetup.o)
 .debug_loc     0x0000000000006501     0x2a48 /usr/lib/gcc/arm-none-eabi/4.9.3/../../../arm-none-eabi/lib/armv7e-m/fpu/libc.a(lib_a-dtoa.o)
 .debug_loc     0x0000000000008f49      0x257 /usr/lib/gcc/arm-none-eabi/4.9.3/../../../arm-none-eabi/lib/armv7e-m/fpu/libc.a(lib_a-fflush.o)
 .debug_loc     0x00000000000091a0      0x22e /usr/lib/gcc/arm-none-eabi/4.9.3/../../../arm-none-eabi/lib/armv7e-m/fpu/libc.a(lib_a-findfp.o)
 .debug_loc     0x00000000000093ce      0x4fd /usr/lib/gcc/arm-none-eabi/4.9.3/../../../arm-none-eabi/lib/armv7e-m/fpu/libc.a(lib_a-freer.o)
 .debug_loc     0x00000000000098cb      0x674 /usr/lib/gcc/arm-none-eabi/4.9.3/../../../arm-none-eabi/lib/armv7e-m/fpu/libc.a(lib_a-fvwrite.o)
 .debug_loc     0x0000000000009f3f      0x207 /usr/lib/gcc/arm-none-eabi/4.9.3/../../../arm-none-eabi/lib/armv7e-m/fpu/libc.a(lib_a-fwalk.o)
 .debug_loc     0x000000000000a146      0x131 /usr/lib/gcc/arm-none-eabi/4.9.3/../../../arm-none-eabi/lib/armv7e-m/fpu/libc.a(lib_a-locale.o)
 .debug_loc     0x000000000000a277      0x10c /usr/lib/gcc/arm-none-eabi/4.9.3/../../../arm-none-eabi/lib/armv7e-m/fpu/libc.a(lib_a-makebuf.o)
 .debug_loc     0x000000000000a383      0x180 /usr/lib/gcc/arm-none-eabi/4.9.3/../../../arm-none-eabi/lib/armv7e-m/fpu/libc.a(lib_a-memchr.o)
 .debug_loc     0x000000000000a503      0x2d7 /usr/lib/gcc/arm-none-eabi/4.9.3/../../../arm-none-eabi/lib/armv7e-m/fpu/libc.a(lib_a-memmove.o)
 .debug_loc     0x000000000000a7da      0x1ae /usr/lib/gcc/arm-none-eabi/4.9.3/../../../arm-none-eabi/lib/armv7e-m/fpu/libc.a(lib_a-memset.o)
 .debug_loc     0x000000000000a988     0x1d12 /usr/lib/gcc/arm-none-eabi/4.9.3/../../../arm-none-eabi/lib/armv7e-m/fpu/libc.a(lib_a-mprec.o)
 .debug_loc     0x000000000000c69a     0x1218 /usr/lib/gcc/arm-none-eabi/4.9.3/../../../arm-none-eabi/lib/armv7e-m/fpu/libc.a(lib_a-reallocr.o)
 .debug_loc     0x000000000000d8b2      0x11d /usr/lib/gcc/arm-none-eabi/4.9.3/../../../arm-none-eabi/lib/armv7e-m/fpu/libc.a(lib_a-reent.o)
 .debug_loc     0x000000000000d9cf      0x29e /usr/lib/gcc/arm-none-eabi/4.9.3/../../../arm-none-eabi/lib/armv7e-m/fpu/libc.a(lib_a-stdio.o)
 .debug_loc     0x000000000000dc6d     0x19a5 /usr/lib/gcc/arm-none-eabi/4.9.3/../../../arm-none-eabi/lib/armv7e-m/fpu/libc.a(lib_a-vfiprintf.o)
 .debug_loc     0x000000000000f612       0xa5 /usr/lib/gcc/arm-none-eabi/4.9.3/../../../arm-none-eabi/lib/armv7e-m/fpu/libc.a(lib_a-writer.o)
 .debug_loc     0x000000000000f6b7      0x231 /usr/lib/gcc/arm-none-eabi/4.9.3/../../../arm-none-eabi/lib/armv7e-m/fpu/libc.a(lib_a-callocr.o)
 .debug_loc     0x000000000000f8e8       0x4d /usr/lib/gcc/arm-none-eabi/4.9.3/../../../arm-none-eabi/lib/armv7e-m/fpu/libc.a(lib_a-closer.o)
 .debug_loc     0x000000000000f935      0x151 /usr/lib/gcc/arm-none-eabi/4.9.3/../../../arm-none-eabi/lib/armv7e-m/fpu/libc.a(lib_a-fclose.o)
 .debug_loc     0x000000000000fa86      0x1ff /usr/lib/gcc/arm-none-eabi/4.9.3/../../../arm-none-eabi/lib/armv7e-m/fpu/libc.a(lib_a-fputwc.o)
 .debug_loc     0x000000000000fc85       0x79 /usr/lib/gcc/arm-none-eabi/4.9.3/../../../arm-none-eabi/lib/armv7e-m/fpu/libc.a(lib_a-fstatr.o)
 .debug_loc     0x000000000000fcfe       0x4d /usr/lib/gcc/arm-none-eabi/4.9.3/../../../arm-none-eabi/lib/armv7e-m/fpu/libc.a(lib_a-isattyr.o)
 .debug_loc     0x000000000000fd4b       0xa5 /usr/lib/gcc/arm-none-eabi/4.9.3/../../../arm-none-eabi/lib/armv7e-m/fpu/libc.a(lib_a-lseekr.o)
 .debug_loc     0x000000000000fdf0       0xa5 /usr/lib/gcc/arm-none-eabi/4.9.3/../../../arm-none-eabi/lib/armv7e-m/fpu/libc.a(lib_a-readr.o)
 .debug_loc     0x000000000000fe95      0x11d /usr/lib/gcc/arm-none-eabi/4.9.3/../../../arm-none-eabi/lib/armv7e-m/fpu/libc.a(lib_a-wbuf.o)
 .debug_loc     0x000000000000ffb2      0x1fa /usr/lib/gcc/arm-none-eabi/4.9.3/../../../arm-none-eabi/lib/armv7e-m/fpu/libc.a(lib_a-wcrtomb.o)
 .debug_loc     0x00000000000101ac      0x124 /usr/lib/gcc/arm-none-eabi/4.9.3/../../../arm-none-eabi/lib/armv7e-m/fpu/libc.a(lib_a-wctomb_r.o)
 .debug_loc     0x00000000000102d0       0xa0 /usr/lib/gcc/arm-none-eabi/4.9.3/armv7e-m/fpu/libgcc.a(bpabi.o)
 .debug_loc     0x0000000000010370      0xdef /usr/lib/gcc/arm-none-eabi/4.9.3/armv7e-m/fpu/libgcc.a(_divdi3.o)
 .debug_loc     0x000000000001115f      0xd50 /usr/lib/gcc/arm-none-eabi/4.9.3/armv7e-m/fpu/libgcc.a(_udivdi3.o)
 .debug_loc     0x0000000000011eaf       0x21 /usr/lib/gcc/arm-none-eabi/4.9.3/../../../arm-none-eabi/lib/armv7e-m/fpu/libnosys.a(close.o)
 .debug_loc     0x0000000000011ed0       0x21 /usr/lib/gcc/arm-none-eabi/4.9.3/../../../arm-none-eabi/lib/armv7e-m/fpu/libnosys.a(fstat.o)
 .debug_loc     0x0000000000011ef1       0x21 /usr/lib/gcc/arm-none-eabi/4.9.3/../../../arm-none-eabi/lib/armv7e-m/fpu/libnosys.a(isatty.o)
 .debug_loc     0x0000000000011f12       0x42 /usr/lib/gcc/arm-none-eabi/4.9.3/../../../arm-none-eabi/lib/armv7e-m/fpu/libnosys.a(lseek.o)
 .debug_loc     0x0000000000011f54       0x42 /usr/lib/gcc/arm-none-eabi/4.9.3/../../../arm-none-eabi/lib/armv7e-m/fpu/libnosys.a(read.o)
 .debug_loc     0x0000000000011f96       0x21 /usr/lib/gcc/arm-none-eabi/4.9.3/../../../arm-none-eabi/lib/armv7e-m/fpu/libnosys.a(sbrk.o)
 .debug_loc     0x0000000000011fb7       0xd6 /usr/lib/gcc/arm-none-eabi/4.9.3/../../../arm-none-eabi/lib/armv7e-m/fpu/libm.a(lib_a-s_cos.o)
 .debug_loc     0x000000000001208d      0x25e /usr/lib/gcc/arm-none-eabi/4.9.3/../../../arm-none-eabi/lib/armv7e-m/fpu/libm.a(lib_a-s_floor.o)
 .debug_loc     0x00000000000122eb       0xe8 /usr/lib/gcc/arm-none-eabi/4.9.3/../../../arm-none-eabi/lib/armv7e-m/fpu/libm.a(lib_a-s_sin.o)
 .debug_loc     0x00000000000123d3       0xd2 /usr/lib/gcc/arm-none-eabi/4.9.3/../../../arm-none-eabi/lib/armv7e-m/fpu/libm.a(lib_a-w_sqrt.o)
 .debug_loc     0x00000000000124a5      0x660 /usr/lib/gcc/arm-none-eabi/4.9.3/../../../arm-none-eabi/lib/armv7e-m/fpu/libm.a(lib_a-e_rem_pio2.o)
 .debug_loc     0x0000000000012b05      0x48f /usr/lib/gcc/arm-none-eabi/4.9.3/../../../arm-none-eabi/lib/armv7e-m/fpu/libm.a(lib_a-e_sqrt.o)
 .debug_loc     0x0000000000012f94      0x24a /usr/lib/gcc/arm-none-eabi/4.9.3/../../../arm-none-eabi/lib/armv7e-m/fpu/libm.a(lib_a-k_cos.o)
 .debug_loc     0x00000000000131de      0xb43 /usr/lib/gcc/arm-none-eabi/4.9.3/../../../arm-none-eabi/lib/armv7e-m/fpu/libm.a(lib_a-k_rem_pio2.o)
 .debug_loc     0x0000000000013d21      0x1d2 /usr/lib/gcc/arm-none-eabi/4.9.3/../../../arm-none-eabi/lib/armv7e-m/fpu/libm.a(lib_a-k_sin.o)
 .debug_loc     0x0000000000013ef3       0x3d /usr/lib/gcc/arm-none-eabi/4.9.3/../../../arm-none-eabi/lib/armv7e-m/fpu/libm.a(lib_a-s_fabs.o)
 .debug_loc     0x0000000000013f30       0x21 /usr/lib/gcc/arm-none-eabi/4.9.3/../../../arm-none-eabi/lib/armv7e-m/fpu/libm.a(lib_a-s_matherr.o)
 .debug_loc     0x0000000000013f51      0x20f /usr/lib/gcc/arm-none-eabi/4.9.3/../../../arm-none-eabi/lib/armv7e-m/fpu/libm.a(lib_a-s_scalbn.o)
 .debug_loc     0x0000000000014160       0x3d /usr/lib/gcc/arm-none-eabi/4.9.3/../../../arm-none-eabi/lib/armv7e-m/fpu/libm.a(lib_a-s_copysign.o)

.debug_aranges  0x0000000000000000     0x1418
 .debug_aranges
                0x0000000000000000       0x68 HAL.o
 .debug_aranges
                0x0000000000000068       0x48 kiss_fft.o
 .debug_aranges
                0x00000000000000b0       0x20 main.o
 .debug_aranges
                0x00000000000000d0       0xc0 ../../libopencm3/lib/libopencm3_stm32f4.a(adc.o)
 .debug_aranges
                0x0000000000000190      0x148 ../../libopencm3/lib/libopencm3_stm32f4.a(adc_common_v1.o)
 .debug_aranges
                0x00000000000002d8       0xf0 ../../libopencm3/lib/libopencm3_stm32f4.a(rcc.o)
 .debug_aranges
                0x00000000000003c8       0x30 ../../libopencm3/lib/libopencm3_stm32f4.a(gpio_common_f0234.o)
 .debug_aranges
                0x00000000000003f8      0x278 ../../libopencm3/lib/libopencm3_stm32f4.a(timer_common_all.o)
 .debug_aranges
                0x0000000000000670       0xb8 ../../libopencm3/lib/libopencm3_stm32f4.a(usart_common_all.o)
 .debug_aranges
                0x0000000000000728       0x40 ../../libopencm3/lib/libopencm3_stm32f4.a(usart_common_f124.o)
 .debug_aranges
                0x0000000000000768       0x50 ../../libopencm3/lib/libopencm3_stm32f4.a(flash_common_f234.o)
 .debug_aranges
                0x00000000000007b8       0x68 ../../libopencm3/lib/libopencm3_stm32f4.a(rcc_common_all.o)
 .debug_aranges
                0x0000000000000820       0x30 ../../libopencm3/lib/libopencm3_stm32f4.a(vector.o)
 .debug_aranges
                0x0000000000000850       0x78 ../../libopencm3/lib/libopencm3_stm32f4.a(systick.o)
 .debug_aranges
                0x00000000000008c8       0x60 ../../libopencm3/lib/libopencm3_stm32f4.a(nvic.o)
 .debug_aranges
                0x0000000000000928       0x20 ../../libopencm3/lib/libopencm3_stm32f4.a(pwr.o)
 .debug_aranges
                0x0000000000000948       0x20 /usr/lib/gcc/arm-none-eabi/4.9.3/../../../arm-none-eabi/lib/armv7e-m/fpu/libc.a(lib_a-errno.o)
 .debug_aranges
                0x0000000000000968       0x18 /usr/lib/gcc/arm-none-eabi/4.9.3/../../../arm-none-eabi/lib/armv7e-m/fpu/libc.a(lib_a-impure.o)
 .debug_aranges
                0x0000000000000980       0x28 /usr/lib/gcc/arm-none-eabi/4.9.3/../../../arm-none-eabi/lib/armv7e-m/fpu/libc.a(lib_a-malloc.o)
 .debug_aranges
                0x00000000000009a8       0x20 /usr/lib/gcc/arm-none-eabi/4.9.3/../../../arm-none-eabi/lib/armv7e-m/fpu/libc.a(lib_a-mallocr.o)
 .debug_aranges
                0x00000000000009c8       0x20 /usr/lib/gcc/arm-none-eabi/4.9.3/../../../arm-none-eabi/lib/armv7e-m/fpu/libc.a(lib_a-memcpy.o)
 .debug_aranges
                0x00000000000009e8       0x28 /usr/lib/gcc/arm-none-eabi/4.9.3/../../../arm-none-eabi/lib/armv7e-m/fpu/libc.a(lib_a-mlock.o)
 .debug_aranges
                0x0000000000000a10       0x28 /usr/lib/gcc/arm-none-eabi/4.9.3/../../../arm-none-eabi/lib/armv7e-m/fpu/libc.a(lib_a-printf.o)
 .debug_aranges
                0x0000000000000a38       0x28 /usr/lib/gcc/arm-none-eabi/4.9.3/../../../arm-none-eabi/lib/armv7e-m/fpu/libc.a(lib_a-puts.o)
 .debug_aranges
                0x0000000000000a60       0x20 /usr/lib/gcc/arm-none-eabi/4.9.3/../../../arm-none-eabi/lib/armv7e-m/fpu/libc.a(lib_a-sbrkr.o)
 .debug_aranges
                0x0000000000000a80       0x20 /usr/lib/gcc/arm-none-eabi/4.9.3/../../../arm-none-eabi/lib/armv7e-m/fpu/libc.a(lib_a-strlen.o)
 .debug_aranges
                0x0000000000000aa0       0x30 /usr/lib/gcc/arm-none-eabi/4.9.3/../../../arm-none-eabi/lib/armv7e-m/fpu/libc.a(lib_a-vfprintf.o)
 .debug_aranges
                0x0000000000000ad0       0x20 /usr/lib/gcc/arm-none-eabi/4.9.3/../../../arm-none-eabi/lib/armv7e-m/fpu/libc.a(lib_a-wsetup.o)
 .debug_aranges
                0x0000000000000af0       0x28 /usr/lib/gcc/arm-none-eabi/4.9.3/../../../arm-none-eabi/lib/armv7e-m/fpu/libc.a(lib_a-dtoa.o)
 .debug_aranges
                0x0000000000000b18       0x30 /usr/lib/gcc/arm-none-eabi/4.9.3/../../../arm-none-eabi/lib/armv7e-m/fpu/libc.a(lib_a-fflush.o)
 .debug_aranges
                0x0000000000000b48       0x88 /usr/lib/gcc/arm-none-eabi/4.9.3/../../../arm-none-eabi/lib/armv7e-m/fpu/libc.a(lib_a-findfp.o)
 .debug_aranges
                0x0000000000000bd0       0x28 /usr/lib/gcc/arm-none-eabi/4.9.3/../../../arm-none-eabi/lib/armv7e-m/fpu/libc.a(lib_a-freer.o)
 .debug_aranges
                0x0000000000000bf8       0x20 /usr/lib/gcc/arm-none-eabi/4.9.3/../../../arm-none-eabi/lib/armv7e-m/fpu/libc.a(lib_a-fvwrite.o)
 .debug_aranges
                0x0000000000000c18       0x28 /usr/lib/gcc/arm-none-eabi/4.9.3/../../../arm-none-eabi/lib/armv7e-m/fpu/libc.a(lib_a-fwalk.o)
 .debug_aranges
                0x0000000000000c40       0x58 /usr/lib/gcc/arm-none-eabi/4.9.3/../../../arm-none-eabi/lib/armv7e-m/fpu/libc.a(lib_a-locale.o)
 .debug_aranges
                0x0000000000000c98       0x20 /usr/lib/gcc/arm-none-eabi/4.9.3/../../../arm-none-eabi/lib/armv7e-m/fpu/libc.a(lib_a-makebuf.o)
 .debug_aranges
                0x0000000000000cb8       0x20 /usr/lib/gcc/arm-none-eabi/4.9.3/../../../arm-none-eabi/lib/armv7e-m/fpu/libc.a(lib_a-memchr.o)
 .debug_aranges
                0x0000000000000cd8       0x20 /usr/lib/gcc/arm-none-eabi/4.9.3/../../../arm-none-eabi/lib/armv7e-m/fpu/libc.a(lib_a-memmove.o)
 .debug_aranges
                0x0000000000000cf8       0x20 /usr/lib/gcc/arm-none-eabi/4.9.3/../../../arm-none-eabi/lib/armv7e-m/fpu/libc.a(lib_a-memset.o)
 .debug_aranges
                0x0000000000000d18       0xb0 /usr/lib/gcc/arm-none-eabi/4.9.3/../../../arm-none-eabi/lib/armv7e-m/fpu/libc.a(lib_a-mprec.o)
 .debug_aranges
                0x0000000000000dc8       0x20 /usr/lib/gcc/arm-none-eabi/4.9.3/../../../arm-none-eabi/lib/armv7e-m/fpu/libc.a(lib_a-reallocr.o)
 .debug_aranges
                0x0000000000000de8       0x28 /usr/lib/gcc/arm-none-eabi/4.9.3/../../../arm-none-eabi/lib/armv7e-m/fpu/libc.a(lib_a-reent.o)
 .debug_aranges
                0x0000000000000e10       0x20 /usr/lib/gcc/arm-none-eabi/4.9.3/../../../arm-none-eabi/lib/armv7e-m/fpu/libc.a(lib_a-s_fpclassify.o)
 .debug_aranges
                0x0000000000000e30       0x40 /usr/lib/gcc/arm-none-eabi/4.9.3/../../../arm-none-eabi/lib/armv7e-m/fpu/libc.a(lib_a-stdio.o)
 .debug_aranges
                0x0000000000000e70       0x40 /usr/lib/gcc/arm-none-eabi/4.9.3/../../../arm-none-eabi/lib/armv7e-m/fpu/libc.a(lib_a-vfiprintf.o)
 .debug_aranges
                0x0000000000000eb0       0x20 /usr/lib/gcc/arm-none-eabi/4.9.3/../../../arm-none-eabi/lib/armv7e-m/fpu/libc.a(lib_a-writer.o)
 .debug_aranges
                0x0000000000000ed0       0x20 /usr/lib/gcc/arm-none-eabi/4.9.3/../../../arm-none-eabi/lib/armv7e-m/fpu/libc.a(lib_a-callocr.o)
 .debug_aranges
                0x0000000000000ef0       0x20 /usr/lib/gcc/arm-none-eabi/4.9.3/../../../arm-none-eabi/lib/armv7e-m/fpu/libc.a(lib_a-closer.o)
 .debug_aranges
                0x0000000000000f10       0x28 /usr/lib/gcc/arm-none-eabi/4.9.3/../../../arm-none-eabi/lib/armv7e-m/fpu/libc.a(lib_a-fclose.o)
 .debug_aranges
                0x0000000000000f38       0x30 /usr/lib/gcc/arm-none-eabi/4.9.3/../../../arm-none-eabi/lib/armv7e-m/fpu/libc.a(lib_a-fputwc.o)
 .debug_aranges
                0x0000000000000f68       0x20 /usr/lib/gcc/arm-none-eabi/4.9.3/../../../arm-none-eabi/lib/armv7e-m/fpu/libc.a(lib_a-fstatr.o)
 .debug_aranges
                0x0000000000000f88       0x20 /usr/lib/gcc/arm-none-eabi/4.9.3/../../../arm-none-eabi/lib/armv7e-m/fpu/libc.a(lib_a-isattyr.o)
 .debug_aranges
                0x0000000000000fa8       0x20 /usr/lib/gcc/arm-none-eabi/4.9.3/../../../arm-none-eabi/lib/armv7e-m/fpu/libc.a(lib_a-lseekr.o)
 .debug_aranges
                0x0000000000000fc8       0x20 /usr/lib/gcc/arm-none-eabi/4.9.3/../../../arm-none-eabi/lib/armv7e-m/fpu/libc.a(lib_a-readr.o)
 .debug_aranges
                0x0000000000000fe8       0x28 /usr/lib/gcc/arm-none-eabi/4.9.3/../../../arm-none-eabi/lib/armv7e-m/fpu/libc.a(lib_a-wbuf.o)
 .debug_aranges
                0x0000000000001010       0x28 /usr/lib/gcc/arm-none-eabi/4.9.3/../../../arm-none-eabi/lib/armv7e-m/fpu/libc.a(lib_a-wcrtomb.o)
 .debug_aranges
                0x0000000000001038       0x28 /usr/lib/gcc/arm-none-eabi/4.9.3/../../../arm-none-eabi/lib/armv7e-m/fpu/libc.a(lib_a-wctomb_r.o)
 .debug_aranges
                0x0000000000001060       0x20 /usr/lib/gcc/arm-none-eabi/4.9.3/armv7e-m/fpu/libgcc.a(_arm_addsubdf3.o)
 .debug_aranges
                0x0000000000001080       0x20 /usr/lib/gcc/arm-none-eabi/4.9.3/armv7e-m/fpu/libgcc.a(_arm_muldivdf3.o)
 .debug_aranges
                0x00000000000010a0       0x20 /usr/lib/gcc/arm-none-eabi/4.9.3/armv7e-m/fpu/libgcc.a(_arm_cmpdf2.o)
 .debug_aranges
                0x00000000000010c0       0x20 /usr/lib/gcc/arm-none-eabi/4.9.3/armv7e-m/fpu/libgcc.a(_arm_fixdfsi.o)
 .debug_aranges
                0x00000000000010e0       0x20 /usr/lib/gcc/arm-none-eabi/4.9.3/armv7e-m/fpu/libgcc.a(_arm_fixunsdfsi.o)
 .debug_aranges
                0x0000000000001100       0x20 /usr/lib/gcc/arm-none-eabi/4.9.3/armv7e-m/fpu/libgcc.a(_aeabi_uldivmod.o)
 .debug_aranges
                0x0000000000001120       0x20 /usr/lib/gcc/arm-none-eabi/4.9.3/armv7e-m/fpu/libgcc.a(bpabi.o)
 .debug_aranges
                0x0000000000001140       0x20 /usr/lib/gcc/arm-none-eabi/4.9.3/armv7e-m/fpu/libgcc.a(_dvmd_tls.o)
 .debug_aranges
                0x0000000000001160       0x20 /usr/lib/gcc/arm-none-eabi/4.9.3/armv7e-m/fpu/libgcc.a(_divdi3.o)
 .debug_aranges