Archive member included to satisfy reference by file (symbol)

../../../libopencm3/lib/libopencm3_stm32f4.a(adc.o)
                              HAL.o (adc_set_sample_time_on_all_channels)
../../../libopencm3/lib/libopencm3_stm32f4.a(adc_common_v1.o)
                              HAL.o (adc_power_off)
../../../libopencm3/lib/libopencm3_stm32f4.a(rcc.o)
                              HAL.o (rcc_clock_setup_hse_3v3)
../../../libopencm3/lib/libopencm3_stm32f4.a(gpio_common_all.o)
                              main.o (gpio_set)
../../../libopencm3/lib/libopencm3_stm32f4.a(gpio_common_f0234.o)
                              HAL.o (gpio_mode_setup)
../../../libopencm3/lib/libopencm3_stm32f4.a(timer_common_all.o)
                              HAL.o (timer_set_mode)
../../../libopencm3/lib/libopencm3_stm32f4.a(usart_common_all.o)
                              HAL.o (usart_set_baudrate)
../../../libopencm3/lib/libopencm3_stm32f4.a(usart_common_f124.o)
                              ../../../libopencm3/lib/libopencm3_stm32f4.a(usart_common_all.o) (usart_send)
../../../libopencm3/lib/libopencm3_stm32f4.a(flash_common_f234.o)
                              ../../../libopencm3/lib/libopencm3_stm32f4.a(rcc.o) (flash_set_ws)
../../../libopencm3/lib/libopencm3_stm32f4.a(rcc_common_all.o)
                              HAL.o (rcc_periph_clock_enable)
../../../libopencm3/lib/libopencm3_stm32f4.a(vector.o)
                              (reset_handler)
../../../libopencm3/lib/libopencm3_stm32f4.a(systick.o)
                              HAL.o (systick_set_reload)
../../../libopencm3/lib/libopencm3_stm32f4.a(nvic.o)
                              HAL.o (nvic_enable_irq)
../../../libopencm3/lib/libopencm3_stm32f4.a(pwr.o)
                              ../../../libopencm3/lib/libopencm3_stm32f4.a(rcc.o) (pwr_set_vos_scale)
/usr/lib/gcc/arm-none-eabi/4.9.3/../../../arm-none-eabi/lib/armv7e-m/fpu/libc.a(lib_a-malloc.o)
                              kiss_fft.o (malloc)
/usr/lib/gcc/arm-none-eabi/4.9.3/../../../arm-none-eabi/lib/armv7e-m/fpu/libc.a(lib_a-mallocr.o)
                              /usr/lib/gcc/arm-none-eabi/4.9.3/../../../arm-none-eabi/lib/armv7e-m/fpu/libc.a(lib_a-malloc.o) (_malloc_r)
/usr/lib/gcc/arm-none-eabi/4.9.3/../../../arm-none-eabi/lib/armv7e-m/fpu/libc.a(lib_a-memcpy.o)
                              kiss_fft.o (memcpy)
/usr/lib/gcc/arm-none-eabi/4.9.3/../../../arm-none-eabi/lib/armv7e-m/fpu/libc.a(lib_a-mlock.o)
                              /usr/lib/gcc/arm-none-eabi/4.9.3/../../../arm-none-eabi/lib/armv7e-m/fpu/libc.a(lib_a-mallocr.o) (__malloc_lock)
/usr/lib/gcc/arm-none-eabi/4.9.3/../../../arm-none-eabi/lib/armv7e-m/fpu/libc.a(lib_a-sbrkr.o)
                              /usr/lib/gcc/arm-none-eabi/4.9.3/../../../arm-none-eabi/lib/armv7e-m/fpu/libc.a(lib_a-mallocr.o) (_sbrk_r)
/usr/lib/gcc/arm-none-eabi/4.9.3/../../../arm-none-eabi/lib/armv7e-m/fpu/libc.a(lib_a-strlen.o)
                              HAL.o (strlen)
/usr/lib/gcc/arm-none-eabi/4.9.3/../../../arm-none-eabi/lib/armv7e-m/fpu/libc.a(lib_a-freer.o)
                              /usr/lib/gcc/arm-none-eabi/4.9.3/../../../arm-none-eabi/lib/armv7e-m/fpu/libc.a(lib_a-malloc.o) (_free_r)
/usr/lib/gcc/arm-none-eabi/4.9.3/../../../arm-none-eabi/lib/armv7e-m/fpu/libc.a(lib_a-impure.o)
                              /usr/lib/gcc/arm-none-eabi/4.9.3/../../../arm-none-eabi/lib/armv7e-m/fpu/libc.a(lib_a-malloc.o) (_impure_ptr)
/usr/lib/gcc/arm-none-eabi/4.9.3/../../../arm-none-eabi/lib/armv7e-m/fpu/libc.a(lib_a-reent.o)
                              /usr/lib/gcc/arm-none-eabi/4.9.3/../../../arm-none-eabi/lib/armv7e-m/fpu/libc.a(lib_a-sbrkr.o) (errno)
/usr/lib/gcc/arm-none-eabi/4.9.3/armv7e-m/fpu/libgcc.a(_arm_addsubdf3.o)
                              kiss_fft.o (__aeabi_dsub)
/usr/lib/gcc/arm-none-eabi/4.9.3/armv7e-m/fpu/libgcc.a(_arm_muldivdf3.o)
                              kiss_fft.o (__aeabi_dmul)
/usr/lib/gcc/arm-none-eabi/4.9.3/armv7e-m/fpu/libgcc.a(_arm_cmpdf2.o)
                              kiss_fft.o (__aeabi_dcmpgt)
/usr/lib/gcc/arm-none-eabi/4.9.3/armv7e-m/fpu/libgcc.a(_arm_fixunsdfsi.o)
                              main.o (__aeabi_d2uiz)
/usr/lib/gcc/arm-none-eabi/4.9.3/../../../arm-none-eabi/lib/armv7e-m/fpu/libnosys.a(sbrk.o)
                              /usr/lib/gcc/arm-none-eabi/4.9.3/../../../arm-none-eabi/lib/armv7e-m/fpu/libc.a(lib_a-sbrkr.o) (_sbrk)
/usr/lib/gcc/arm-none-eabi/4.9.3/../../../arm-none-eabi/lib/armv7e-m/fpu/libm.a(lib_a-s_cos.o)
                              kiss_fft.o (cos)
/usr/lib/gcc/arm-none-eabi/4.9.3/../../../arm-none-eabi/lib/armv7e-m/fpu/libm.a(lib_a-s_floor.o)
                              kiss_fft.o (floor)
/usr/lib/gcc/arm-none-eabi/4.9.3/../../../arm-none-eabi/lib/armv7e-m/fpu/libm.a(lib_a-s_sin.o)
                              kiss_fft.o (sin)
/usr/lib/gcc/arm-none-eabi/4.9.3/../../../arm-none-eabi/lib/armv7e-m/fpu/libm.a(lib_a-w_sqrt.o)
                              kiss_fft.o (sqrt)
[...]
Memory Configuration

Name             Origin             Length             Attributes
rom              0x0000000008000000 0x0000000000100000 xr
ram              0x0000000020000000 0x0000000000020000 xrw
*default*        0x0000000000000000 0xffffffffffffffff

Linker script and memory map

LOAD /usr/lib/gcc/arm-none-eabi/4.9.3/../../../arm-none-eabi/lib/armv7e-m/fpu/libm.a
LOAD HAL.o
LOAD kiss_fft.o
LOAD mini-printf.o
LOAD main.o
LOAD ../../../libopencm3/lib/libopencm3_stm32f4.a
START GROUP
LOAD /usr/lib/gcc/arm-none-eabi/4.9.3/../../../arm-none-eabi/lib/armv7e-m/fpu/libc.a
LOAD /usr/lib/gcc/arm-none-eabi/4.9.3/armv7e-m/fpu/libgcc.a
LOAD /usr/lib/gcc/arm-none-eabi/4.9.3/../../../arm-none-eabi/lib/armv7e-m/fpu/libnosys.a
END GROUP
LOAD /usr/lib/gcc/arm-none-eabi/4.9.3/../../../arm-none-eabi/lib/armv7e-m/fpu/libm.a
START GROUP
LOAD /usr/lib/gcc/arm-none-eabi/4.9.3/armv7e-m/fpu/libgcc.a
LOAD /usr/lib/gcc/arm-none-eabi/4.9.3/../../../arm-none-eabi/lib/armv7e-m/fpu/libc.a
END GROUP

.text           0x0000000008000000     0x52b8
 *(.vectors)
 .vectors       0x0000000008000000      0x1ac ../../../libopencm3/lib/libopencm3_stm32f4.a(vector.o)
                0x0000000008000000                vector_table
 *(.text*)
 .text.clock_setup
                0x00000000080001ac       0x30 HAL.o
                0x00000000080001ac                clock_setup
 .text.sys_tick_handler
                0x00000000080001dc       0x6c HAL.o
                0x00000000080001dc                sys_tick_handler
 .text.usart_setup
                0x0000000008000248       0x44 HAL.o
                0x0000000008000248                usart_setup
 .text.systick_setup
                0x000000000800028c       0x1c HAL.o
                0x000000000800028c                systick_setup
 .text.tim_setup
                0x00000000080002a8       0xb0 HAL.o
                0x00000000080002a8                tim_setup
 .text.adc_setup
                0x0000000008000358       0x40 HAL.o
                0x0000000008000358                adc_setup
 .text.gpio_setup
                0x0000000008000398       0x90 HAL.o
                0x0000000008000398                gpio_setup
 .text.usart_print
                0x0000000008000428       0x24 HAL.o
                0x0000000008000428                usart_print
 .text.setLED   0x000000000800044c       0x84 HAL.o
                0x000000000800044c                setLED
 .text.kf_work  0x00000000080004d0      0xdb0 kiss_fft.o
 .text.kiss_fft_alloc
                0x0000000008001280      0x100 kiss_fft.o
                0x0000000008001280                kiss_fft_alloc
 .text.kiss_fft_stride
                0x0000000008001380       0x54 kiss_fft.o
                0x0000000008001380                kiss_fft_stride
 .text.kiss_fft
                0x00000000080013d4        0x6 kiss_fft.o
                0x00000000080013d4                kiss_fft
 .text._putc.4318
                0x00000000080013da       0x2c mini-printf.o
 .text._puts.4322
                0x0000000008001406       0x3a mini-printf.o
 .text.mini_itoa.part.0
                0x0000000008001440       0x82 mini-printf.o
 .text.mini_vsnprintf
                0x00000000080014c2       0xf0 mini-printf.o
                0x00000000080014c2                mini_vsnprintf
 .text.mini_snprintf
                0x00000000080015b2       0x1a mini-printf.o
                0x00000000080015b2                mini_snprintf
 .text.startup.main
                0x00000000080015cc       0xe0 main.o
                0x00000000080015cc                main
 .text.adc_set_sample_time_on_all_channels
                0x00000000080016ac       0x2a ../../../libopencm3/lib/libopencm3_stm32f4.a(adc.o)
                0x00000000080016ac                adc_set_sample_time_on_all_channels
 .text.adc_power_on
                0x00000000080016d6        0xa ../../../libopencm3/lib/libopencm3_stm32f4.a(adc.o)
                0x00000000080016d6                adc_power_on
 .text.adc_power_off
                0x00000000080016e0        0xa ../../../libopencm3/lib/libopencm3_stm32f4.a(adc_common_v1.o)
                0x00000000080016e0                adc_power_off
 .text.adc_disable_scan_mode
                0x00000000080016ea        0xa ../../../libopencm3/lib/libopencm3_stm32f4.a(adc_common_v1.o)
                0x00000000080016ea                adc_disable_scan_mode
 .text.adc_eoc  0x00000000080016f4        0x8 ../../../libopencm3/lib/libopencm3_stm32f4.a(adc_common_v1.o)
                0x00000000080016f4                adc_eoc
 .text.adc_read_regular
                0x00000000080016fc        0x4 ../../../libopencm3/lib/libopencm3_stm32f4.a(adc_common_v1.o)
                0x00000000080016fc                adc_read_regular
 .text.adc_set_regular_sequence
                0x0000000008001700       0x74 ../../../libopencm3/lib/libopencm3_stm32f4.a(adc_common_v1.o)
                0x0000000008001700                adc_set_regular_sequence
 .text.adc_start_conversion_regular
                0x0000000008001774       0x14 ../../../libopencm3/lib/libopencm3_stm32f4.a(adc_common_v1.o)
                0x0000000008001774                adc_start_conversion_regular
 .text.rcc_is_osc_ready
                0x0000000008001788       0x5c ../../../libopencm3/lib/libopencm3_stm32f4.a(rcc.o)
                0x0000000008001788                rcc_is_osc_ready
 .text.rcc_wait_for_osc_ready
                0x00000000080017e4       0x10 ../../../libopencm3/lib/libopencm3_stm32f4.a(rcc.o)
                0x00000000080017e4                rcc_wait_for_osc_ready
 .text.rcc_osc_on
                0x00000000080017f4       0x58 ../../../libopencm3/lib/libopencm3_stm32f4.a(rcc.o)
                0x00000000080017f4                rcc_osc_on
 .text.rcc_osc_off
                0x000000000800184c       0x58 ../../../libopencm3/lib/libopencm3_stm32f4.a(rcc.o)
                0x000000000800184c                rcc_osc_off
 .text.rcc_set_sysclk_source
                0x00000000080018a4       0x14 ../../../libopencm3/lib/libopencm3_stm32f4.a(rcc.o)
                0x00000000080018a4                rcc_set_sysclk_source
 .text.rcc_set_ppre2
                0x00000000080018b8       0x14 ../../../libopencm3/lib/libopencm3_stm32f4.a(rcc.o)
                0x00000000080018b8                rcc_set_ppre2
 .text.rcc_set_ppre1
                0x00000000080018cc       0x14 ../../../libopencm3/lib/libopencm3_stm32f4.a(rcc.o)
                0x00000000080018cc                rcc_set_ppre1
 .text.rcc_set_hpre
                0x00000000080018e0       0x14 ../../../libopencm3/lib/libopencm3_stm32f4.a(rcc.o)
                0x00000000080018e0                rcc_set_hpre
 .text.rcc_set_main_pll_hse
                0x00000000080018f4       0x44 ../../../libopencm3/lib/libopencm3_stm32f4.a(rcc.o)
                0x00000000080018f4                rcc_set_main_pll_hse
 .text.rcc_clock_setup_hse_3v3
                0x0000000008001938       0xa8 ../../../libopencm3/lib/libopencm3_stm32f4.a(rcc.o)
                0x0000000008001938                rcc_clock_setup_hse_3v3
 .text.gpio_set
                0x00000000080019e0        0x4 ../../../libopencm3/lib/libopencm3_stm32f4.a(gpio_common_all.o)
                0x00000000080019e0                gpio_set
 .text.gpio_clear
                0x00000000080019e4        0x6 ../../../libopencm3/lib/libopencm3_stm32f4.a(gpio_common_all.o)
                0x00000000080019e4                gpio_clear
 .text.gpio_mode_setup
                0x00000000080019ea       0x3a ../../../libopencm3/lib/libopencm3_stm32f4.a(gpio_common_f0234.o)
                0x00000000080019ea                gpio_mode_setup
 .text.gpio_set_output_options
                0x0000000008001a24       0x36 ../../../libopencm3/lib/libopencm3_stm32f4.a(gpio_common_f0234.o)
                0x0000000008001a24                gpio_set_output_options
 .text.gpio_set_af
                0x0000000008001a5a       0x54 ../../../libopencm3/lib/libopencm3_stm32f4.a(gpio_common_f0234.o)
                0x0000000008001a5a                gpio_set_af
 .text.timer_set_mode
                0x0000000008001aae       0x12 ../../../libopencm3/lib/libopencm3_stm32f4.a(timer_common_all.o)
                0x0000000008001aae                timer_set_mode
 .text.timer_enable_counter
                0x0000000008001ac0        0xa ../../../libopencm3/lib/libopencm3_stm32f4.a(timer_common_all.o)
                0x0000000008001ac0                timer_enable_counter
 .text.timer_set_prescaler
                0x0000000008001aca        0x4 ../../../libopencm3/lib/libopencm3_stm32f4.a(timer_common_all.o)
                0x0000000008001aca                timer_set_prescaler
 .text.timer_set_period
                0x0000000008001ace        0x4 ../../../libopencm3/lib/libopencm3_stm32f4.a(timer_common_all.o)
                0x0000000008001ace                timer_set_period
 .text.timer_set_oc_mode
                0x0000000008001ad2      0x198 ../../../libopencm3/lib/libopencm3_stm32f4.a(timer_common_all.o)
                0x0000000008001ad2                timer_set_oc_mode
 *fill*         0x0000000008001c6a        0x2 
 .text.timer_enable_oc_output
                0x0000000008001c6c       0x74 ../../../libopencm3/lib/libopencm3_stm32f4.a(timer_common_all.o)
                0x0000000008001c6c                timer_enable_oc_output
 .text.timer_set_oc_value
                0x0000000008001ce0       0x20 ../../../libopencm3/lib/libopencm3_stm32f4.a(timer_common_all.o)
                0x0000000008001ce0                timer_set_oc_value
 .text.usart_set_baudrate
                0x0000000008001d00       0x30 ../../../libopencm3/lib/libopencm3_stm32f4.a(usart_common_all.o)
                0x0000000008001d00                usart_set_baudrate
 .text.usart_set_databits
                0x0000000008001d30       0x12 ../../../libopencm3/lib/libopencm3_stm32f4.a(usart_common_all.o)
                0x0000000008001d30                usart_set_databits
 .text.usart_set_stopbits
                0x0000000008001d42        0xc ../../../libopencm3/lib/libopencm3_stm32f4.a(usart_common_all.o)
                0x0000000008001d42                usart_set_stopbits
 .text.usart_set_parity
                0x0000000008001d4e        0xc ../../../libopencm3/lib/libopencm3_stm32f4.a(usart_common_all.o)
                0x0000000008001d4e                usart_set_parity
 .text.usart_set_mode
                0x0000000008001d5a        0xc ../../../libopencm3/lib/libopencm3_stm32f4.a(usart_common_all.o)
                0x0000000008001d5a                usart_set_mode
 .text.usart_set_flow_control
                0x0000000008001d66        0xc ../../../libopencm3/lib/libopencm3_stm32f4.a(usart_common_all.o)
                0x0000000008001d66                usart_set_flow_control
 .text.usart_enable
                0x0000000008001d72        0xa ../../../libopencm3/lib/libopencm3_stm32f4.a(usart_common_all.o)
                0x0000000008001d72                usart_enable
 .text.usart_send_blocking
                0x0000000008001d7c       0x16 ../../../libopencm3/lib/libopencm3_stm32f4.a(usart_common_all.o)
                0x0000000008001d7c                usart_send_blocking
 .text.usart_send
                0x0000000008001d92        0x8 ../../../libopencm3/lib/libopencm3_stm32f4.a(usart_common_f124.o)
                0x0000000008001d92                usart_send
 .text.usart_wait_send_ready
                0x0000000008001d9a        0x8 ../../../libopencm3/lib/libopencm3_stm32f4.a(usart_common_f124.o)
                0x0000000008001d9a                usart_wait_send_ready
 *fill*         0x0000000008001da2        0x2 
 .text.flash_set_ws
                0x0000000008001da4       0x14 ../../../libopencm3/lib/libopencm3_stm32f4.a(flash_common_f234.o)
                0x0000000008001da4                flash_set_ws
 .text.rcc_periph_clock_enable
                0x0000000008001db8       0x1a ../../../libopencm3/lib/libopencm3_stm32f4.a(rcc_common_all.o)
                0x0000000008001db8                rcc_periph_clock_enable
 .text.blocking_handler
                0x0000000008001dd2        0x2 ../../../libopencm3/lib/libopencm3_stm32f4.a(vector.o)
                0x0000000008001dd2                dma2_stream1_isr
                0x0000000008001dd2                tim8_brk_tim12_isr
                0x0000000008001dd2                dma1_stream7_isr
                0x0000000008001dd2                usart3_isr
                0x0000000008001dd2                tim7_isr
                0x0000000008001dd2                dma2d_isr
                0x0000000008001dd2                uart8_isr
                0x0000000008001dd2                dma1_stream2_isr
                0x0000000008001dd2                otg_hs_isr
                0x0000000008001dd2                blocking_handler
                0x0000000008001dd2                tim5_isr
                0x0000000008001dd2                rtc_wkup_isr
                0x0000000008001dd2                otg_fs_isr
                0x0000000008001dd2                spi1_isr
                0x0000000008001dd2                i2c3_er_isr
                0x0000000008001dd2                exti2_isr
                0x0000000008001dd2                spi5_isr
                0x0000000008001dd2                usb_fs_wkup_isr
                0x0000000008001dd2                tamp_stamp_isr
                0x0000000008001dd2                can1_rx1_isr
                0x0000000008001dd2                dma2_stream0_isr
                0x0000000008001dd2                usart1_isr
                0x0000000008001dd2                i2c3_ev_isr
                0x0000000008001dd2                usage_fault_handler
                0x0000000008001dd2                can2_rx0_isr
                0x0000000008001dd2                dma1_stream6_isr
                0x0000000008001dd2                can2_rx1_isr
                0x0000000008001dd2                can1_sce_isr
                0x0000000008001dd2                tim1_cc_isr
                0x0000000008001dd2                can1_tx_isr
                0x0000000008001dd2                tim1_up_tim10_isr
                0x0000000008001dd2                sdio_isr
                0x0000000008001dd2                eth_isr
                0x0000000008001dd2                spi6_isr
                0x0000000008001dd2                dma2_stream5_isr
                0x0000000008001dd2                pvd_isr
                0x0000000008001dd2                can1_rx0_isr
                0x0000000008001dd2                rcc_isr
                0x0000000008001dd2                dma2_stream3_isr
                0x0000000008001dd2                flash_isr
                0x0000000008001dd2                uart4_isr
                0x0000000008001dd2                lcd_tft_isr
                0x0000000008001dd2                rtc_alarm_isr
                0x0000000008001dd2                exti15_10_isr
                0x0000000008001dd2                hash_rng_isr
                0x0000000008001dd2                tim1_trg_com_tim11_isr
                0x0000000008001dd2                hard_fault_handler
                0x0000000008001dd2                exti1_isr
                0x0000000008001dd2                i2c1_ev_isr
                0x0000000008001dd2                usart6_isr
                0x0000000008001dd2                spi2_isr
                0x0000000008001dd2                cryp_isr
                0x0000000008001dd2                nvic_wwdg_isr
                0x0000000008001dd2                dma1_stream1_isr
                0x0000000008001dd2                dma2_stream4_isr
                0x0000000008001dd2                exti3_isr
                0x0000000008001dd2                tim3_isr
                0x0000000008001dd2                usart2_isr
                0x0000000008001dd2                sai1_isr
                0x0000000008001dd2                fpu_isr
                0x0000000008001dd2                dma1_stream4_isr
                0x0000000008001dd2                i2c2_er_isr
                0x0000000008001dd2                i2c2_ev_isr
                0x0000000008001dd2                uart5_isr
                0x0000000008001dd2                dma2_stream6_isr
                0x0000000008001dd2                spi4_isr
                0x0000000008001dd2                adc_isr
                0x0000000008001dd2                dma2_stream7_isr
                0x0000000008001dd2                tim8_up_tim13_isr
                0x0000000008001dd2                fsmc_isr
                0x0000000008001dd2                exti4_isr
                0x0000000008001dd2                tim6_dac_isr
                0x0000000008001dd2                dma1_stream3_isr
                0x0000000008001dd2                tim8_trg_com_tim14_isr
                0x0000000008001dd2                mem_manage_handler
                0x0000000008001dd2                lcd_tft_err_isr
                0x0000000008001dd2                can2_tx_isr
                0x0000000008001dd2                exti9_5_isr
                0x0000000008001dd2                tim1_brk_tim9_isr
                0x0000000008001dd2                uart7_isr
                0x0000000008001dd2                can2_sce_isr
                0x0000000008001dd2                tim4_isr
                0x0000000008001dd2                otg_hs_wkup_isr
                0x0000000008001dd2                i2c1_er_isr
                0x0000000008001dd2                dma1_stream0_isr
                0x0000000008001dd2                tim8_cc_isr
                0x0000000008001dd2                dcmi_isr
                0x0000000008001dd2                dma2_stream2_isr
                0x0000000008001dd2                eth_wkup_isr
                0x0000000008001dd2                bus_fault_handler
                0x0000000008001dd2                otg_hs_ep1_out_isr
                0x0000000008001dd2                spi3_isr
                0x0000000008001dd2                dma1_stream5_isr
                0x0000000008001dd2                otg_hs_ep1_in_isr
                0x0000000008001dd2                tim2_isr
                0x0000000008001dd2                exti0_isr
 .text.null_handler
                0x0000000008001dd4        0x2 ../../../libopencm3/lib/libopencm3_stm32f4.a(vector.o)
                0x0000000008001dd4                null_handler
                0x0000000008001dd4                sv_call_handler
                0x0000000008001dd4                pend_sv_handler
                0x0000000008001dd4                debug_monitor_handler
                0x0000000008001dd4                nmi_handler
 *fill*         0x0000000008001dd6        0x2 
 .text.reset_handler
                0x0000000008001dd8       0x98 ../../../libopencm3/lib/libopencm3_stm32f4.a(vector.o)
                0x0000000008001dd8                reset_handler
 .text.systick_set_reload
                0x0000000008001e70       0x10 ../../../libopencm3/lib/libopencm3_stm32f4.a(systick.o)
                0x0000000008001e70                systick_set_reload
 .text.systick_set_clocksource
                0x0000000008001e80       0x18 ../../../libopencm3/lib/libopencm3_stm32f4.a(systick.o)
                0x0000000008001e80                systick_set_clocksource
 .text.systick_interrupt_enable
                0x0000000008001e98       0x10 ../../../libopencm3/lib/libopencm3_stm32f4.a(systick.o)
                0x0000000008001e98                systick_interrupt_enable
 .text.systick_counter_enable
                0x0000000008001ea8       0x10 ../../../libopencm3/lib/libopencm3_stm32f4.a(systick.o)
                0x0000000008001ea8                systick_counter_enable
 .text.nvic_enable_irq
                0x0000000008001eb8       0x18 ../../../libopencm3/lib/libopencm3_stm32f4.a(nvic.o)
                0x0000000008001eb8                nvic_enable_irq
 .text.pwr_set_vos_scale
                0x0000000008001ed0       0x20 ../../../libopencm3/lib/libopencm3_stm32f4.a(pwr.o)
                0x0000000008001ed0                pwr_set_vos_scale
 .text.malloc   0x0000000008001ef0       0x10 /usr/lib/gcc/arm-none-eabi/4.9.3/../../../arm-none-eabi/lib/armv7e-m/fpu/libc.a(lib_a-malloc.o)
                0x0000000008001ef0                malloc
 .text.free     0x0000000008001f00       0x10 /usr/lib/gcc/arm-none-eabi/4.9.3/../../../arm-none-eabi/lib/armv7e-m/fpu/libc.a(lib_a-malloc.o)
                0x0000000008001f00                free
 .text._malloc_r
                0x0000000008001f10      0x524 /usr/lib/gcc/arm-none-eabi/4.9.3/../../../arm-none-eabi/lib/armv7e-m/fpu/libc.a(lib_a-mallocr.o)
                0x0000000008001f10                _malloc_r
 .text          0x0000000008002434      0x134 /usr/lib/gcc/arm-none-eabi/4.9.3/../../../arm-none-eabi/lib/armv7e-m/fpu/libc.a(lib_a-memcpy.o)
                0x0000000008002434                memcpy
 .text.__malloc_lock
                0x0000000008002568        0x4 /usr/lib/gcc/arm-none-eabi/4.9.3/../../../arm-none-eabi/lib/armv7e-m/fpu/libc.a(lib_a-mlock.o)
                0x0000000008002568                __malloc_lock
 .text.__malloc_unlock
                0x000000000800256c        0x4 /usr/lib/gcc/arm-none-eabi/4.9.3/../../../arm-none-eabi/lib/armv7e-m/fpu/libc.a(lib_a-mlock.o)
                0x000000000800256c                __malloc_unlock
 .text._sbrk_r  0x0000000008002570       0x24 /usr/lib/gcc/arm-none-eabi/4.9.3/../../../arm-none-eabi/lib/armv7e-m/fpu/libc.a(lib_a-sbrkr.o)
                0x0000000008002570                _sbrk_r
 .text.strlen   0x0000000008002594       0x5c /usr/lib/gcc/arm-none-eabi/4.9.3/../../../arm-none-eabi/lib/armv7e-m/fpu/libc.a(lib_a-strlen.o)
                0x0000000008002594                strlen
 .text._malloc_trim_r
                0x00000000080025f0       0x9c /usr/lib/gcc/arm-none-eabi/4.9.3/../../../arm-none-eabi/lib/armv7e-m/fpu/libc.a(lib_a-freer.o)
                0x00000000080025f0                _malloc_trim_r
 .text._free_r  0x000000000800268c      0x1b0 /usr/lib/gcc/arm-none-eabi/4.9.3/../../../arm-none-eabi/lib/armv7e-m/fpu/libc.a(lib_a-freer.o)
                0x000000000800268c                _free_r
 .text          0x000000000800283c      0x370 /usr/lib/gcc/arm-none-eabi/4.9.3/armv7e-m/fpu/libgcc.a(_arm_addsubdf3.o)
                0x000000000800283c                __aeabi_drsub
                0x0000000008002844                __aeabi_dsub
                0x0000000008002844                __subdf3
                0x0000000008002848                __adddf3
                0x0000000008002848                __aeabi_dadd
                0x0000000008002ac0                __aeabi_ui2d
                0x0000000008002ac0                __floatunsidf
                0x0000000008002ae0                __floatsidf
                0x0000000008002ae0                __aeabi_i2d
                0x0000000008002b04                __extendsfdf2
                0x0000000008002b04                __aeabi_f2d
                0x0000000008002b40                __aeabi_ul2d
                0x0000000008002b40                __floatundidf
                0x0000000008002b50                __floatdidf
                0x0000000008002b50                __aeabi_l2d
 .text          0x0000000008002bac      0x424 /usr/lib/gcc/arm-none-eabi/4.9.3/armv7e-m/fpu/libgcc.a(_arm_muldivdf3.o)
                0x0000000008002bac                __aeabi_dmul
                0x0000000008002bac                __muldf3
                0x0000000008002e00                __aeabi_ddiv
                0x0000000008002e00                __divdf3
 .text          0x0000000008002fd0      0x110 /usr/lib/gcc/arm-none-eabi/4.9.3/armv7e-m/fpu/libgcc.a(_arm_cmpdf2.o)
                0x0000000008002fd0                __gtdf2
                0x0000000008002fd0                __gedf2
                0x0000000008002fd8                __ltdf2
                0x0000000008002fd8                __ledf2
                0x0000000008002fe0                __cmpdf2
                0x0000000008002fe0                __eqdf2
                0x0000000008002fe0                __nedf2
                0x000000000800305c                __aeabi_cdrcmple
                0x000000000800306c                __aeabi_cdcmple
                0x000000000800306c                __aeabi_cdcmpeq
                0x000000000800307c                __aeabi_dcmpeq
                0x0000000008003090                __aeabi_dcmplt
                0x00000000080030a4                __aeabi_dcmple
                0x00000000080030b8                __aeabi_dcmpge
                0x00000000080030cc                __aeabi_dcmpgt
 .text          0x00000000080030e0       0x40 /usr/lib/gcc/arm-none-eabi/4.9.3/armv7e-m/fpu/libgcc.a(_arm_fixunsdfsi.o)
                0x00000000080030e0                __fixunsdfsi
                0x00000000080030e0                __aeabi_d2uiz
 .text._sbrk    0x0000000008003120       0x1c /usr/lib/gcc/arm-none-eabi/4.9.3/../../../arm-none-eabi/lib/armv7e-m/fpu/libnosys.a(sbrk.o)
                0x0000000008003120                _sbrk
 *fill*         0x000000000800313c        0x4 
 .text.cos      0x0000000008003140       0xa8 /usr/lib/gcc/arm-none-eabi/4.9.3/../../../arm-none-eabi/lib/armv7e-m/fpu/libm.a(lib_a-s_cos.o)
                0x0000000008003140                cos
 .text.floor    0x00000000080031e8      0x120 /usr/lib/gcc/arm-none-eabi/4.9.3/../../../arm-none-eabi/lib/armv7e-m/fpu/libm.a(lib_a-s_floor.o)
                0x00000000080031e8                floor
 .text.sin      0x0000000008003308       0xa8 /usr/lib/gcc/arm-none-eabi/4.9.3/../../../arm-none-eabi/lib/armv7e-m/fpu/libm.a(lib_a-s_sin.o)
                0x0000000008003308                sin
 .text.sqrt     0x00000000080033b0       0xbc /usr/lib/gcc/arm-none-eabi/4.9.3/../../../arm-none-eabi/lib/armv7e-m/fpu/libm.a(lib_a-w_sqrt.o)
                0x00000000080033b0                sqrt
 *fill*         0x000000000800346c        0x4 
 .text.__ieee754_rem_pio2
                0x0000000008003470      0x450 /usr/lib/gcc/arm-none-eabi/4.9.3/../../../arm-none-eabi/lib/armv7e-m/fpu/libm.a(lib_a-e_rem_pio2.o)
                0x0000000008003470                __ieee754_rem_pio2
 .text.__ieee754_sqrt
                0x00000000080038c0      0x1a8 /usr/lib/gcc/arm-none-eabi/4.9.3/../../../arm-none-eabi/lib/armv7e-m/fpu/libm.a(lib_a-e_sqrt.o)
                0x00000000080038c0                __ieee754_sqrt
 .text.__kernel_cos
                0x0000000008003a68      0x280 /usr/lib/gcc/arm-none-eabi/4.9.3/../../../arm-none-eabi/lib/armv7e-m/fpu/libm.a(lib_a-k_cos.o)
                0x0000000008003a68                __kernel_cos
 .text.__kernel_rem_pio2
                0x0000000008003ce8      0x7f8 /usr/lib/gcc/arm-none-eabi/4.9.3/../../../arm-none-eabi/lib/armv7e-m/fpu/libm.a(lib_a-k_rem_pio2.o)
                0x0000000008003ce8                __kernel_rem_pio2
 .text.__kernel_sin
                0x00000000080044e0      0x190 /usr/lib/gcc/arm-none-eabi/4.9.3/../../../arm-none-eabi/lib/armv7e-m/fpu/libm.a(lib_a-k_sin.o)
                0x00000000080044e0                __kernel_sin
 .text.fabs     0x0000000008004670       0x10 /usr/lib/gcc/arm-none-eabi/4.9.3/../../../arm-none-eabi/lib/armv7e-m/fpu/libm.a(lib_a-s_fabs.o)
                0x0000000008004670                fabs
 .text.__fpclassifyd
                0x0000000008004680       0x5c /usr/lib/gcc/arm-none-eabi/4.9.3/../../../arm-none-eabi/lib/armv7e-m/fpu/libm.a(lib_a-s_fpclassify.o)
                0x0000000008004680                __fpclassifyd
 .text.matherr  0x00000000080046dc        0x4 /usr/lib/gcc/arm-none-eabi/4.9.3/../../../arm-none-eabi/lib/armv7e-m/fpu/libm.a(lib_a-s_matherr.o)
                0x00000000080046dc                matherr
 .text.scalbn   0x00000000080046e0      0x108 /usr/lib/gcc/arm-none-eabi/4.9.3/../../../arm-none-eabi/lib/armv7e-m/fpu/libm.a(lib_a-s_scalbn.o)
                0x00000000080046e0                scalbn
 .text.copysign
                0x00000000080047e8       0x1c /usr/lib/gcc/arm-none-eabi/4.9.3/../../../arm-none-eabi/lib/armv7e-m/fpu/libm.a(lib_a-s_copysign.o)
                0x00000000080047e8                copysign
 .text          0x0000000008004804       0x50 /usr/lib/gcc/arm-none-eabi/4.9.3/armv7e-m/fpu/libgcc.a(_arm_fixdfsi.o)
                0x0000000008004804                __fixdfsi
                0x0000000008004804                __aeabi_d2iz
 .text.__errno  0x0000000008004854        0xc /usr/lib/gcc/arm-none-eabi/4.9.3/../../../arm-none-eabi/lib/armv7e-m/fpu/libc.a(lib_a-errno.o)
                0x0000000008004854                __errno
                0x0000000008004860                . = ALIGN (0x4)
 *(.rodata*)
 .rodata.gamma_lookup
                0x0000000008004860      0x800 HAL.o
 .rodata.str1.1
                0x0000000008005060        0x3 main.o
 *fill*         0x0000000008005063        0x1 
 .rodata.rcc_hse_8mhz_3v3
                0x0000000008005064       0x70 ../../../libopencm3/lib/libopencm3_stm32f4.a(rcc.o)
                0x0000000008005064                rcc_hse_8mhz_3v3
 .rodata.str1.4
                0x00000000080050d4        0x2 /usr/lib/gcc/arm-none-eabi/4.9.3/../../../arm-none-eabi/lib/armv7e-m/fpu/libc.a(lib_a-impure.o)
                                          0x4 (size before relaxing)
 *fill*         0x00000000080050d6        0x2 
 .rodata.str1.4
                0x00000000080050d8        0x8 /usr/lib/gcc/arm-none-eabi/4.9.3/../../../arm-none-eabi/lib/armv7e-m/fpu/libm.a(lib_a-w_sqrt.o)
 .rodata.npio2_hw
                0x00000000080050e0       0x80 /usr/lib/gcc/arm-none-eabi/4.9.3/../../../arm-none-eabi/lib/armv7e-m/fpu/libm.a(lib_a-e_rem_pio2.o)
 .rodata.two_over_pi
                0x0000000008005160      0x108 /usr/lib/gcc/arm-none-eabi/4.9.3/../../../arm-none-eabi/lib/armv7e-m/fpu/libm.a(lib_a-e_rem_pio2.o)
 .rodata.init_jk
                0x0000000008005268       0x10 /usr/lib/gcc/arm-none-eabi/4.9.3/../../../arm-none-eabi/lib/armv7e-m/fpu/libm.a(lib_a-k_rem_pio2.o)
 .rodata.PIo2   0x0000000008005278       0x40 /usr/lib/gcc/arm-none-eabi/4.9.3/../../../arm-none-eabi/lib/armv7e-m/fpu/libm.a(lib_a-k_rem_pio2.o)
                0x00000000080052b8                . = ALIGN (0x4)

.glue_7         0x00000000080052b8        0x0
 .glue_7        0x00000000080052b8        0x0 linker stubs

.glue_7t        0x00000000080052b8        0x0
 .glue_7t       0x00000000080052b8        0x0 linker stubs

.vfp11_veneer   0x00000000080052b8        0x0
 .vfp11_veneer  0x00000000080052b8        0x0 linker stubs

.v4_bx          0x00000000080052b8        0x0
 .v4_bx         0x00000000080052b8        0x0 linker stubs

.iplt           0x00000000080052b8        0x0
 .iplt          0x00000000080052b8        0x0 HAL.o

.rel.dyn        0x00000000080052b8        0x0
 .rel.iplt      0x00000000080052b8        0x0 HAL.o

.preinit_array  0x00000000080052b8        0x0
                0x00000000080052b8                . = ALIGN (0x4)
                0x00000000080052b8                __preinit_array_start = .
 *(.preinit_array)
                0x00000000080052b8                __preinit_array_end = .

.init_array     0x00000000080052b8        0x0
                0x00000000080052b8                . = ALIGN (0x4)
                0x00000000080052b8                __init_array_start = .
 *(SORT(.init_array.*))
 *(.init_array)
                0x00000000080052b8                __init_array_end = .

.fini_array     0x00000000080052b8        0x0
                0x00000000080052b8                . = ALIGN (0x4)
                0x00000000080052b8                __fini_array_start = .
 *(.fini_array)
 *(SORT(.fini_array.*))
                0x00000000080052b8                __fini_array_end = .

.ARM.extab
 *(.ARM.extab*)

.ARM.exidx      0x00000000080052b8        0x0
                0x00000000080052b8                __exidx_start = .
 *(.ARM.exidx*)
                0x00000000080052b8                __exidx_end = .
                0x00000000080052b8                . = ALIGN (0x4)
                0x00000000080052b8                _etext = .

.data           0x0000000020000000      0x850 load address 0x00000000080052b8
                0x0000000020000000                _data = .
 *(.data*)
 .data.rcc_ahb_frequency
                0x0000000020000000        0x4 ../../../libopencm3/lib/libopencm3_stm32f4.a(rcc.o)
                0x0000000020000000                rcc_ahb_frequency
 .data.rcc_apb1_frequency
                0x0000000020000004        0x4 ../../../libopencm3/lib/libopencm3_stm32f4.a(rcc.o)
                0x0000000020000004                rcc_apb1_frequency
 .data.rcc_apb2_frequency
                0x0000000020000008        0x4 ../../../libopencm3/lib/libopencm3_stm32f4.a(rcc.o)
                0x0000000020000008                rcc_apb2_frequency
 .data.__malloc_av_
                0x000000002000000c      0x408 /usr/lib/gcc/arm-none-eabi/4.9.3/../../../arm-none-eabi/lib/armv7e-m/fpu/libc.a(lib_a-mallocr.o)
                0x000000002000000c                __malloc_av_
 .data.__malloc_trim_threshold
                0x0000000020000414        0x4 /usr/lib/gcc/arm-none-eabi/4.9.3/../../../arm-none-eabi/lib/armv7e-m/fpu/libc.a(lib_a-mallocr.o)
                0x0000000020000414                __malloc_trim_threshold
 .data.__malloc_sbrk_base
                0x0000000020000418        0x4 /usr/lib/gcc/arm-none-eabi/4.9.3/../../../arm-none-eabi/lib/armv7e-m/fpu/libc.a(lib_a-mallocr.o)
                0x0000000020000418                __malloc_sbrk_base
 *fill*         0x000000002000041c        0x4 
 .data.impure_data
                0x0000000020000420      0x428 /usr/lib/gcc/arm-none-eabi/4.9.3/../../../arm-none-eabi/lib/armv7e-m/fpu/libc.a(lib_a-impure.o)
 .data._impure_ptr
                0x0000000020000848        0x4 /usr/lib/gcc/arm-none-eabi/4.9.3/../../../arm-none-eabi/lib/armv7e-m/fpu/libc.a(lib_a-impure.o)
                0x0000000020000848                _impure_ptr
 .data.__fdlib_version
                0x000000002000084c        0x1 /usr/lib/gcc/arm-none-eabi/4.9.3/../../../arm-none-eabi/lib/armv7e-m/fpu/libm.a(lib_a-s_lib_ver.o)
                0x000000002000084c                __fdlib_version
                0x0000000020000850                . = ALIGN (0x4)
 *fill*         0x000000002000084d        0x3 
                0x0000000020000850                _edata = .
                0x00000000080052b8                _data_loadaddr = LOADADDR (.data)

.igot.plt       0x0000000020000850        0x0 load address 0x0000000008005b08
 .igot.plt      0x0000000020000850        0x0 HAL.o

.bss            0x0000000020000850     0x4058 load address 0x0000000008005b08
 *(.bss*)
 .bss.data_ready_flag
                0x0000000020000850        0x1 HAL.o
                0x0000000020000850                data_ready_flag
 .bss.channel_array
                0x0000000020000851       0x10 HAL.o
                0x0000000020000851                channel_array
 *fill*         0x0000000020000861        0x7 
 .bss.timedata  0x0000000020000868     0x4000 HAL.o
                0x0000000020000868                timedata
 .bss.sample_count
                0x0000000020004868        0x4 HAL.o
                0x0000000020004868                sample_count
 .bss.__malloc_max_total_mem
                0x000000002000486c        0x4 /usr/lib/gcc/arm-none-eabi/4.9.3/../../../arm-none-eabi/lib/armv7e-m/fpu/libc.a(lib_a-mallocr.o)
                0x000000002000486c                __malloc_max_total_mem
 .bss.__malloc_max_sbrked_mem
                0x0000000020004870        0x4 /usr/lib/gcc/arm-none-eabi/4.9.3/../../../arm-none-eabi/lib/armv7e-m/fpu/libc.a(lib_a-mallocr.o)
                0x0000000020004870                __malloc_max_sbrked_mem
 .bss.__malloc_top_pad
                0x0000000020004874        0x4 /usr/lib/gcc/arm-none-eabi/4.9.3/../../../arm-none-eabi/lib/armv7e-m/fpu/libc.a(lib_a-mallocr.o)
                0x0000000020004874                __malloc_top_pad
 .bss.__malloc_current_mallinfo
                0x0000000020004878       0x28 /usr/lib/gcc/arm-none-eabi/4.9.3/../../../arm-none-eabi/lib/armv7e-m/fpu/libc.a(lib_a-mallocr.o)
                0x0000000020004878                __malloc_current_mallinfo
 .bss.heap_end.4079
                0x00000000200048a0        0x4 /usr/lib/gcc/arm-none-eabi/4.9.3/../../../arm-none-eabi/lib/armv7e-m/fpu/libnosys.a(sbrk.o)
 *(COMMON)
 COMMON         0x00000000200048a4        0x4 /usr/lib/gcc/arm-none-eabi/4.9.3/../../../arm-none-eabi/lib/armv7e-m/fpu/libc.a(lib_a-reent.o)
                0x00000000200048a4                errno
                0x00000000200048a8                . = ALIGN (0x4)
                0x00000000200048a8                _ebss = .

/DISCARD/
 *(.eh_frame)
                0x00000000200048a8                . = ALIGN (0x4)
                0x00000000200048a8                end = .
                0x0000000020020000                PROVIDE (_stack, (ORIGIN (ram) + LENGTH (ram)))
OUTPUT(main.elf elf32-littlearm)

.debug_info     0x0000000000000000     0xdda2
 .debug_info    0x0000000000000000     0x1257 HAL.o
 .debug_info    0x0000000000001257      0xbc3 kiss_fft.o
 .debug_info    0x0000000000001e1a      0x554 mini-printf.o
 .debug_info    0x000000000000236e      0x535 main.o
 .debug_info    0x00000000000028a3      0x459 ../../../libopencm3/lib/libopencm3_stm32f4.a(adc.o)
 .debug_info    0x0000000000002cfc      0x7b4 ../../../libopencm3/lib/libopencm3_stm32f4.a(adc_common_v1.o)
 .debug_info    0x00000000000034b0      0x953 ../../../libopencm3/lib/libopencm3_stm32f4.a(rcc.o)
 .debug_info    0x0000000000003e03      0x22c ../../../libopencm3/lib/libopencm3_stm32f4.a(gpio_common_all.o)
 .debug_info    0x000000000000402f      0x1eb ../../../libopencm3/lib/libopencm3_stm32f4.a(gpio_common_f0234.o)
 .debug_info    0x000000000000421a     0x11ff ../../../libopencm3/lib/libopencm3_stm32f4.a(timer_common_all.o)
 .debug_info    0x0000000000005419      0x4cf ../../../libopencm3/lib/libopencm3_stm32f4.a(usart_common_all.o)
 .debug_info    0x00000000000058e8      0x17a ../../../libopencm3/lib/libopencm3_stm32f4.a(usart_common_f124.o)
 .debug_info    0x0000000000005a62      0x11f ../../../libopencm3/lib/libopencm3_stm32f4.a(flash_common_f234.o)
 .debug_info    0x0000000000005b81      0x858 ../../../libopencm3/lib/libopencm3_stm32f4.a(rcc_common_all.o)
 .debug_info    0x00000000000063d9      0x2af ../../../libopencm3/lib/libopencm3_stm32f4.a(vector.o)
 .debug_info    0x0000000000006688      0x255 ../../../libopencm3/lib/libopencm3_stm32f4.a(systick.o)
 .debug_info    0x00000000000068dd      0x214 ../../../libopencm3/lib/libopencm3_stm32f4.a(nvic.o)
 .debug_info    0x0000000000006af1       0xbe ../../../libopencm3/lib/libopencm3_stm32f4.a(pwr.o)
 .debug_info    0x0000000000006baf      0x915 /usr/lib/gcc/arm-none-eabi/4.9.3/../../../arm-none-eabi/lib/armv7e-m/fpu/libc.a(lib_a-malloc.o)
 .debug_info    0x00000000000074c4      0xd8b /usr/lib/gcc/arm-none-eabi/4.9.3/../../../arm-none-eabi/lib/armv7e-m/fpu/libc.a(lib_a-mallocr.o)
 .debug_info    0x000000000000824f       0xd5 /usr/lib/gcc/arm-none-eabi/4.9.3/../../../arm-none-eabi/lib/armv7e-m/fpu/libc.a(lib_a-memcpy.o)
 .debug_info    0x0000000000008324      0x8b4 /usr/lib/gcc/arm-none-eabi/4.9.3/../../../arm-none-eabi/lib/armv7e-m/fpu/libc.a(lib_a-mlock.o)
 .debug_info    0x0000000000008bd8      0x8f4 /usr/lib/gcc/arm-none-eabi/4.9.3/../../../arm-none-eabi/lib/armv7e-m/fpu/libc.a(lib_a-sbrkr.o)
 .debug_info    0x00000000000094cc       0xb5 /usr/lib/gcc/arm-none-eabi/4.9.3/../../../arm-none-eabi/lib/armv7e-m/fpu/libc.a(lib_a-strlen.o)
 .debug_info    0x0000000000009581      0xc1c /usr/lib/gcc/arm-none-eabi/4.9.3/../../../arm-none-eabi/lib/armv7e-m/fpu/libc.a(lib_a-freer.o)
 .debug_info    0x000000000000a19d      0x894 /usr/lib/gcc/arm-none-eabi/4.9.3/../../../arm-none-eabi/lib/armv7e-m/fpu/libc.a(lib_a-impure.o)
 .debug_info    0x000000000000aa31      0x9fb /usr/lib/gcc/arm-none-eabi/4.9.3/../../../arm-none-eabi/lib/armv7e-m/fpu/libc.a(lib_a-reent.o)
 .debug_info    0x000000000000b42c       0xc2 /usr/lib/gcc/arm-none-eabi/4.9.3/armv7e-m/fpu/libgcc.a(_arm_addsubdf3.o)
 .debug_info    0x000000000000b4ee       0xc2 /usr/lib/gcc/arm-none-eabi/4.9.3/armv7e-m/fpu/libgcc.a(_arm_muldivdf3.o)
 .debug_info    0x000000000000b5b0       0xc2 /usr/lib/gcc/arm-none-eabi/4.9.3/armv7e-m/fpu/libgcc.a(_arm_cmpdf2.o)
 .debug_info    0x000000000000b672       0xc2 /usr/lib/gcc/arm-none-eabi/4.9.3/armv7e-m/fpu/libgcc.a(_arm_fixunsdfsi.o)
 .debug_info    0x000000000000b734       0x99 /usr/lib/gcc/arm-none-eabi/4.9.3/../../../arm-none-eabi/lib/armv7e-m/fpu/libnosys.a(sbrk.o)
 .debug_info    0x000000000000b7cd      0x1c5 /usr/lib/gcc/arm-none-eabi/4.9.3/../../../arm-none-eabi/lib/armv7e-m/fpu/libm.a(lib_a-s_cos.o)
 .debug_info    0x000000000000b992      0x1a7 /usr/lib/gcc/arm-none-eabi/4.9.3/../../../arm-none-eabi/lib/armv7e-m/fpu/libm.a(lib_a-s_floor.o)
 .debug_info    0x000000000000bb39      0x1d0 /usr/lib/gcc/arm-none-eabi/4.9.3/../../../arm-none-eabi/lib/armv7e-m/fpu/libm.a(lib_a-s_sin.o)
 .debug_info    0x000000000000bd09      0x21b /usr/lib/gcc/arm-none-eabi/4.9.3/../../../arm-none-eabi/lib/armv7e-m/fpu/libm.a(lib_a-w_sqrt.o)
 .debug_info    0x000000000000bf24      0x3e9 /usr/lib/gcc/arm-none-eabi/4.9.3/../../../arm-none-eabi/lib/armv7e-m/fpu/libm.a(lib_a-e_rem_pio2.o)
 .debug_info    0x000000000000c30d      0x231 /usr/lib/gcc/arm-none-eabi/4.9.3/../../../arm-none-eabi/lib/armv7e-m/fpu/libm.a(lib_a-e_sqrt.o)
 .debug_info    0x000000000000c53e      0x220 /usr/lib/gcc/arm-none-eabi/4.9.3/../../../arm-none-eabi/lib/armv7e-m/fpu/libm.a(lib_a-k_cos.o)
 .debug_info    0x000000000000c75e      0x3b4 /usr/lib/gcc/arm-none-eabi/4.9.3/../../../arm-none-eabi/lib/armv7e-m/fpu/libm.a(lib_a-k_rem_pio2.o)
 .debug_info    0x000000000000cb12      0x19c /usr/lib/gcc/arm-none-eabi/4.9.3/../../../arm-none-eabi/lib/armv7e-m/fpu/libm.a(lib_a-k_sin.o)
 .debug_info    0x000000000000ccae      0x13a /usr/lib/gcc/arm-none-eabi/4.9.3/../../../arm-none-eabi/lib/armv7e-m/fpu/libm.a(lib_a-s_fabs.o)
 .debug_info    0x000000000000cde8       0xde /usr/lib/gcc/arm-none-eabi/4.9.3/../../../arm-none-eabi/lib/armv7e-m/fpu/libm.a(lib_a-s_fpclassify.o)
 .debug_info    0x000000000000cec6       0xbe /usr/lib/gcc/arm-none-eabi/4.9.3/../../../arm-none-eabi/lib/armv7e-m/fpu/libm.a(lib_a-s_lib_ver.o)
 .debug_info    0x000000000000cf84      0x129 /usr/lib/gcc/arm-none-eabi/4.9.3/../../../arm-none-eabi/lib/armv7e-m/fpu/libm.a(lib_a-s_matherr.o)
 .debug_info    0x000000000000d0ad      0x254 /usr/lib/gcc/arm-none-eabi/4.9.3/../../../arm-none-eabi/lib/armv7e-m/fpu/libm.a(lib_a-s_scalbn.o)
 .debug_info    0x000000000000d301      0x156 /usr/lib/gcc/arm-none-eabi/4.9.3/../../../arm-none-eabi/lib/armv7e-m/fpu/libm.a(lib_a-s_copysign.o)
 .debug_info    0x000000000000d457       0xc2 /usr/lib/gcc/arm-none-eabi/4.9.3/armv7e-m/fpu/libgcc.a(_arm_fixdfsi.o)
 .debug_info    0x000000000000d519      0x889 /usr/lib/gcc/arm-none-eabi/4.9.3/../../../arm-none-eabi/lib/armv7e-m/fpu/libc.a(lib_a-errno.o)

.debug_abbrev   0x0000000000000000     0x3795
 .debug_abbrev  0x0000000000000000      0x23a HAL.o
 .debug_abbrev  0x000000000000023a      0x36a kiss_fft.o
 .debug_abbrev  0x00000000000005a4      0x24a mini-printf.o
 .debug_abbrev  0x00000000000007ee      0x1a7 main.o
 .debug_abbrev  0x0000000000000995      0x138 ../../../libopencm3/lib/libopencm3_stm32f4.a(adc.o)
 .debug_abbrev  0x0000000000000acd      0x149 ../../../libopencm3/lib/libopencm3_stm32f4.a(adc_common_v1.o)
 .debug_abbrev  0x0000000000000c16      0x241 ../../../libopencm3/lib/libopencm3_stm32f4.a(rcc.o)
 .debug_abbrev  0x0000000000000e57      0x10e ../../../libopencm3/lib/libopencm3_stm32f4.a(gpio_common_all.o)
 .debug_abbrev  0x0000000000000f65       0xb7 ../../../libopencm3/lib/libopencm3_stm32f4.a(gpio_common_f0234.o)
 .debug_abbrev  0x000000000000101c      0x15c ../../../libopencm3/lib/libopencm3_stm32f4.a(timer_common_all.o)
 .debug_abbrev  0x0000000000001178      0x12b ../../../libopencm3/lib/libopencm3_stm32f4.a(usart_common_all.o)
 .debug_abbrev  0x00000000000012a3       0x8e ../../../libopencm3/lib/libopencm3_stm32f4.a(usart_common_f124.o)
 .debug_abbrev  0x0000000000001331       0x8a ../../../libopencm3/lib/libopencm3_stm32f4.a(flash_common_f234.o)
 .debug_abbrev  0x00000000000013bb       0xc1 ../../../libopencm3/lib/libopencm3_stm32f4.a(rcc_common_all.o)
 .debug_abbrev  0x000000000000147c      0x147 ../../../libopencm3/lib/libopencm3_stm32f4.a(vector.o)
 .debug_abbrev  0x00000000000015c3      0x132 ../../../libopencm3/lib/libopencm3_stm32f4.a(systick.o)
 .debug_abbrev  0x00000000000016f5       0xa6 ../../../libopencm3/lib/libopencm3_stm32f4.a(nvic.o)
 .debug_abbrev  0x000000000000179b       0x79 ../../../libopencm3/lib/libopencm3_stm32f4.a(pwr.o)
 .debug_abbrev  0x0000000000001814      0x1fa /usr/lib/gcc/arm-none-eabi/4.9.3/../../../arm-none-eabi/lib/armv7e-m/fpu/libc.a(lib_a-malloc.o)
 .debug_abbrev  0x0000000000001a0e      0x2ad /usr/lib/gcc/arm-none-eabi/4.9.3/../../../arm-none-eabi/lib/armv7e-m/fpu/libc.a(lib_a-mallocr.o)
 .debug_abbrev  0x0000000000001cbb       0x14 /usr/lib/gcc/arm-none-eabi/4.9.3/../../../arm-none-eabi/lib/armv7e-m/fpu/libc.a(lib_a-memcpy.o)
 .debug_abbrev  0x0000000000001ccf      0x19a /usr/lib/gcc/arm-none-eabi/4.9.3/../../../arm-none-eabi/lib/armv7e-m/fpu/libc.a(lib_a-mlock.o)
 .debug_abbrev  0x0000000000001e69      0x1fd /usr/lib/gcc/arm-none-eabi/4.9.3/../../../arm-none-eabi/lib/armv7e-m/fpu/libc.a(lib_a-sbrkr.o)
 .debug_abbrev  0x0000000000002066       0x70 /usr/lib/gcc/arm-none-eabi/4.9.3/../../../arm-none-eabi/lib/armv7e-m/fpu/libc.a(lib_a-strlen.o)
 .debug_abbrev  0x00000000000020d6      0x27b /usr/lib/gcc/arm-none-eabi/4.9.3/../../../arm-none-eabi/lib/armv7e-m/fpu/libc.a(lib_a-freer.o)
 .debug_abbrev  0x0000000000002351      0x180 /usr/lib/gcc/arm-none-eabi/4.9.3/../../../arm-none-eabi/lib/armv7e-m/fpu/libc.a(lib_a-impure.o)
 .debug_abbrev  0x00000000000024d1      0x25c /usr/lib/gcc/arm-none-eabi/4.9.3/../../../arm-none-eabi/lib/armv7e-m/fpu/libc.a(lib_a-reent.o)
 .debug_abbrev  0x000000000000272d       0x14 /usr/lib/gcc/arm-none-eabi/4.9.3/armv7e-m/fpu/libgcc.a(_arm_addsubdf3.o)
 .debug_abbrev  0x0000000000002741       0x14 /usr/lib/gcc/arm-none-eabi/4.9.3/armv7e-m/fpu/libgcc.a(_arm_muldivdf3.o)
 .debug_abbrev  0x0000000000002755       0x14 /usr/lib/gcc/arm-none-eabi/4.9.3/armv7e-m/fpu/libgcc.a(_arm_cmpdf2.o)
 .debug_abbrev  0x0000000000002769       0x14 /usr/lib/gcc/arm-none-eabi/4.9.3/armv7e-m/fpu/libgcc.a(_arm_fixunsdfsi.o)
 .debug_abbrev  0x000000000000277d       0x83 /usr/lib/gcc/arm-none-eabi/4.9.3/../../../arm-none-eabi/lib/armv7e-m/fpu/libnosys.a(sbrk.o)
 .debug_abbrev  0x0000000000002800       0xfd /usr/lib/gcc/arm-none-eabi/4.9.3/../../../arm-none-eabi/lib/armv7e-m/fpu/libm.a(lib_a-s_cos.o)
 .debug_abbrev  0x00000000000028fd      0x107 /usr/lib/gcc/arm-none-eabi/4.9.3/../../../arm-none-eabi/lib/armv7e-m/fpu/libm.a(lib_a-s_floor.o)
 .debug_abbrev  0x0000000000002a04      0x108 /usr/lib/gcc/arm-none-eabi/4.9.3/../../../arm-none-eabi/lib/armv7e-m/fpu/libm.a(lib_a-s_sin.o)
 .debug_abbrev  0x0000000000002b0c      0x13a /usr/lib/gcc/arm-none-eabi/4.9.3/../../../arm-none-eabi/lib/armv7e-m/fpu/libm.a(lib_a-w_sqrt.o)
 .debug_abbrev  0x0000000000002c46      0x186 /usr/lib/gcc/arm-none-eabi/4.9.3/../../../arm-none-eabi/lib/armv7e-m/fpu/libm.a(lib_a-e_rem_pio2.o)
 .debug_abbrev  0x0000000000002dcc      0x118 /usr/lib/gcc/arm-none-eabi/4.9.3/../../../arm-none-eabi/lib/armv7e-m/fpu/libm.a(lib_a-e_sqrt.o)
 .debug_abbrev  0x0000000000002ee4       0xe2 /usr/lib/gcc/arm-none-eabi/4.9.3/../../../arm-none-eabi/lib/armv7e-m/fpu/libm.a(lib_a-k_cos.o)
 .debug_abbrev  0x0000000000002fc6      0x156 /usr/lib/gcc/arm-none-eabi/4.9.3/../../../arm-none-eabi/lib/armv7e-m/fpu/libm.a(lib_a-k_rem_pio2.o)
 .debug_abbrev  0x000000000000311c       0x96 /usr/lib/gcc/arm-none-eabi/4.9.3/../../../arm-none-eabi/lib/armv7e-m/fpu/libm.a(lib_a-k_sin.o)
 .debug_abbrev  0x00000000000031b2       0xca /usr/lib/gcc/arm-none-eabi/4.9.3/../../../arm-none-eabi/lib/armv7e-m/fpu/libm.a(lib_a-s_fabs.o)
 .debug_abbrev  0x000000000000327c       0x6f /usr/lib/gcc/arm-none-eabi/4.9.3/../../../arm-none-eabi/lib/armv7e-m/fpu/libm.a(lib_a-s_fpclassify.o)
 .debug_abbrev  0x00000000000032eb       0x4f /usr/lib/gcc/arm-none-eabi/4.9.3/../../../arm-none-eabi/lib/armv7e-m/fpu/libm.a(lib_a-s_lib_ver.o)
 .debug_abbrev  0x000000000000333a       0x9a /usr/lib/gcc/arm-none-eabi/4.9.3/../../../arm-none-eabi/lib/armv7e-m/fpu/libm.a(lib_a-s_matherr.o)
 .debug_abbrev  0x00000000000033d4      0x138 /usr/lib/gcc/arm-none-eabi/4.9.3/../../../arm-none-eabi/lib/armv7e-m/fpu/libm.a(lib_a-s_scalbn.o)
 .debug_abbrev  0x000000000000350c       0xe6 /usr/lib/gcc/arm-none-eabi/4.9.3/../../../arm-none-eabi/lib/armv7e-m/fpu/libm.a(lib_a-s_copysign.o)
 .debug_abbrev  0x00000000000035f2       0x14 /usr/lib/gcc/arm-none-eabi/4.9.3/armv7e-m/fpu/libgcc.a(_arm_fixdfsi.o)
 .debug_abbrev  0x0000000000003606      0x18f /usr/lib/gcc/arm-none-eabi/4.9.3/../../../arm-none-eabi/lib/armv7e-m/fpu/libc.a(lib_a-errno.o)

.debug_loc      0x0000000000000000     0x691a
 .debug_loc     0x0000000000000000      0x18d HAL.o
 .debug_loc     0x000000000000018d     0x12fd kiss_fft.o
 .debug_loc     0x000000000000148a      0x4d5 mini-printf.o
 .debug_loc     0x000000000000195f       0x4c main.o
 .debug_loc     0x00000000000019ab      0x202 ../../../libopencm3/lib/libopencm3_stm32f4.a(adc.o)
 .debug_loc     0x0000000000001bad      0x343 ../../../libopencm3/lib/libopencm3_stm32f4.a(adc_common_v1.o)
 .debug_loc     0x0000000000001ef0      0x5c0 ../../../libopencm3/lib/libopencm3_stm32f4.a(rcc.o)
 .debug_loc     0x00000000000024b0       0x84 ../../../libopencm3/lib/libopencm3_stm32f4.a(gpio_common_all.o)
 .debug_loc     0x0000000000002534       0xcd ../../../libopencm3/lib/libopencm3_stm32f4.a(gpio_common_f0234.o)
 .debug_loc     0x0000000000002601      0x551 ../../../libopencm3/lib/libopencm3_stm32f4.a(timer_common_all.o)
 .debug_loc     0x0000000000002b52      0x1ca ../../../libopencm3/lib/libopencm3_stm32f4.a(usart_common_all.o)
 .debug_loc     0x0000000000002d1c       0x63 ../../../libopencm3/lib/libopencm3_stm32f4.a(usart_common_f124.o)
 .debug_loc     0x0000000000002d7f       0x3f ../../../libopencm3/lib/libopencm3_stm32f4.a(flash_common_f234.o)
 .debug_loc     0x0000000000002dbe      0x14a ../../../libopencm3/lib/libopencm3_stm32f4.a(rcc_common_all.o)
 .debug_loc     0x0000000000002f08       0xac ../../../libopencm3/lib/libopencm3_stm32f4.a(vector.o)
 .debug_loc     0x0000000000002fb4      0x192 ../../../libopencm3/lib/libopencm3_stm32f4.a(systick.o)
 .debug_loc     0x0000000000003146      0x129 ../../../libopencm3/lib/libopencm3_stm32f4.a(nvic.o)
 .debug_loc     0x000000000000326f       0x58 /usr/lib/gcc/arm-none-eabi/4.9.3/../../../arm-none-eabi/lib/armv7e-m/fpu/libc.a(lib_a-malloc.o)
 .debug_loc     0x00000000000032c7      0xdc4 /usr/lib/gcc/arm-none-eabi/4.9.3/../../../arm-none-eabi/lib/armv7e-m/fpu/libc.a(lib_a-mallocr.o)
 .debug_loc     0x000000000000408b       0x4d /usr/lib/gcc/arm-none-eabi/4.9.3/../../../arm-none-eabi/lib/armv7e-m/fpu/libc.a(lib_a-sbrkr.o)
 .debug_loc     0x00000000000040d8       0x21 /usr/lib/gcc/arm-none-eabi/4.9.3/../../../arm-none-eabi/lib/armv7e-m/fpu/libc.a(lib_a-strlen.o)
 .debug_loc     0x00000000000040f9      0x4fd /usr/lib/gcc/arm-none-eabi/4.9.3/../../../arm-none-eabi/lib/armv7e-m/fpu/libc.a(lib_a-freer.o)
 .debug_loc     0x00000000000045f6      0x11d /usr/lib/gcc/arm-none-eabi/4.9.3/../../../arm-none-eabi/lib/armv7e-m/fpu/libc.a(lib_a-reent.o)
 .debug_loc     0x0000000000004713       0x21 /usr/lib/gcc/arm-none-eabi/4.9.3/../../../arm-none-eabi/lib/armv7e-m/fpu/libnosys.a(sbrk.o)
 .debug_loc     0x0000000000004734       0xd6 /usr/lib/gcc/arm-none-eabi/4.9.3/../../../arm-none-eabi/lib/armv7e-m/fpu/libm.a(lib_a-s_cos.o)
 .debug_loc     0x000000000000480a      0x25e /usr/lib/gcc/arm-none-eabi/4.9.3/../../../arm-none-eabi/lib/armv7e-m/fpu/libm.a(lib_a-s_floor.o)
 .debug_loc     0x0000000000004a68       0xe8 /usr/lib/gcc/arm-none-eabi/4.9.3/../../../arm-none-eabi/lib/armv7e-m/fpu/libm.a(lib_a-s_sin.o)
 .debug_loc     0x0000000000004b50       0xd2 /usr/lib/gcc/arm-none-eabi/4.9.3/../../../arm-none-eabi/lib/armv7e-m/fpu/libm.a(lib_a-w_sqrt.o)
 .debug_loc     0x0000000000004c22      0x660 /usr/lib/gcc/arm-none-eabi/4.9.3/../../../arm-none-eabi/lib/armv7e-m/fpu/libm.a(lib_a-e_rem_pio2.o)
 .debug_loc     0x0000000000005282      0x48f /usr/lib/gcc/arm-none-eabi/4.9.3/../../../arm-none-eabi/lib/armv7e-m/fpu/libm.a(lib_a-e_sqrt.o)
 .debug_loc     0x0000000000005711      0x24a /usr/lib/gcc/arm-none-eabi/4.9.3/../../../arm-none-eabi/lib/armv7e-m/fpu/libm.a(lib_a-k_cos.o)
 .debug_loc     0x000000000000595b      0xb43 /usr/lib/gcc/arm-none-eabi/4.9.3/../../../arm-none-eabi/lib/armv7e-m/fpu/libm.a(lib_a-k_rem_pio2.o)
 .debug_loc     0x000000000000649e      0x1d2 /usr/lib/gcc/arm-none-eabi/4.9.3/../../../arm-none-eabi/lib/armv7e-m/fpu/libm.a(lib_a-k_sin.o)
 .debug_loc     0x0000000000006670       0x3d /usr/lib/gcc/arm-none-eabi/4.9.3/../../../arm-none-eabi/lib/armv7e-m/fpu/libm.a(lib_a-s_fabs.o)
 .debug_loc     0x00000000000066ad       0x21 /usr/lib/gcc/arm-none-eabi/4.9.3/../../../arm-none-eabi/lib/armv7e-m/fpu/libm.a(lib_a-s_matherr.o)
 .debug_loc     0x00000000000066ce      0x20f /usr/lib/gcc/arm-none-eabi/4.9.3/../../../arm-none-eabi/lib/armv7e-m/fpu/libm.a(lib_a-s_scalbn.o)
 .debug_loc     0x00000000000068dd       0x3d /usr/lib/gcc/arm-none-eabi/4.9.3/../../../arm-none-eabi/lib/armv7e-m/fpu/libm.a(lib_a-s_copysign.o)

.debug_aranges  0x0000000000000000      0xdc8
 .debug_aranges
                0x0000000000000000       0x68 HAL.o
 .debug_aranges
                0x0000000000000068       0x48 kiss_fft.o
 .debug_aranges
                0x00000000000000b0       0x40 mini-printf.o
 .debug_aranges
                0x00000000000000f0       0x20 main.o
 .debug_aranges
                0x0000000000000110       0xc0 ../../../libopencm3/lib/libopencm3_stm32f4.a(adc.o)
 .debug_aranges
                0x00000000000001d0      0x148 ../../../libopencm3/lib/libopencm3_stm32f4.a(adc_common_v1.o)
 .debug_aranges
                0x0000000000000318       0xf0 ../../../libopencm3/lib/libopencm3_stm32f4.a(rcc.o)
 .debug_aranges
                0x0000000000000408       0x50 ../../../libopencm3/lib/libopencm3_stm32f4.a(gpio_common_all.o)
 .debug_aranges
                0x0000000000000458       0x30 ../../../libopencm3/lib/libopencm3_stm32f4.a(gpio_common_f0234.o)
 .debug_aranges
                0x0000000000000488      0x278 ../../../libopencm3/lib/libopencm3_stm32f4.a(timer_common_all.o)
 .debug_aranges
                0x0000000000000700       0xb8 ../../../libopencm3/lib/libopencm3_stm32f4.a(usart_common_all.o)
 .debug_aranges
                0x00000000000007b8       0x40 ../../../libopencm3/lib/libopencm3_stm32f4.a(usart_common_f124.o)
 .debug_aranges
                0x00000000000007f8       0x50 ../../../libopencm3/lib/libopencm3_stm32f4.a(flash_common_f234.o)
 .debug_aranges
                0x0000000000000848       0x68 ../../../libopencm3/lib/libopencm3_stm32f4.a(rcc_common_all.o)
 .debug_aranges
                0x00000000000008b0       0x30 ../../../libopencm3/lib/libopencm3_stm32f4.a(vector.o)
 .debug_aranges
                0x00000000000008e0       0x78 ../../../libopencm3/lib/libopencm3_stm32f4.a(systick.o)
 .debug_aranges
                0x0000000000000958       0x60 ../../../libopencm3/lib/libopencm3_stm32f4.a(nvic.o)
 .debug_aranges
                0x00000000000009b8       0x20 ../../../libopencm3/lib/libopencm3_stm32f4.a(pwr.o)
 .debug_aranges
                0x00000000000009d8       0x28 /usr/lib/gcc/arm-none-eabi/4.9.3/../../../arm-none-eabi/lib/armv7e-m/fpu/libc.a(lib_a-malloc.o)
 .debug_aranges
                0x0000000000000a00       0x20 /usr/lib/gcc/arm-none-eabi/4.9.3/../../../arm-none-eabi/lib/armv7e-m/fpu/libc.a(lib_a-mallocr.o)
 .debug_aranges
                0x0000000000000a20       0x20 /usr/lib/gcc/arm-none-eabi/4.9.3/../../../arm-none-eabi/lib/armv7e-m/fpu/libc.a(lib_a-memcpy.o)
 .debug_aranges
                0x0000000000000a40       0x28 /usr/lib/gcc/arm-none-eabi/4.9.3/../../../arm-none-eabi/lib/armv7e-m/fpu/libc.a(lib_a-mlock.o)
 .debug_aranges
                0x0000000000000a68       0x20 /usr/lib/gcc/arm-none-eabi/4.9.3/../../../arm-none-eabi/lib/armv7e-m/fpu/libc.a(lib_a-sbrkr.o)
 .debug_aranges
                0x0000000000000a88       0x20 /usr/lib/gcc/arm-none-eabi/4.9.3/../../../arm-none-eabi/lib/armv7e-m/fpu/libc.a(lib_a-strlen.o)
 .debug_aranges
                0x0000000000000aa8       0x28 /usr/lib/gcc/arm-none-eabi/4.9.3/../../../arm-none-eabi/lib/armv7e-m/fpu/libc.a(lib_a-freer.o)
 .debug_aranges
                0x0000000000000ad0       0x18 /usr/lib/gcc/arm-none-eabi/4.9.3/../../../arm-none-eabi/lib/armv7e-m/fpu/libc.a(lib_a-impure.o)
 .debug_aranges
                0x0000000000000ae8       0x28 /usr/lib/gcc/arm-none-eabi/4.9.3/../../../arm-none-eabi/lib/armv7e-m/fpu/libc.a(lib_a-reent.o)
 .debug_aranges
                0x0000000000000b10       0x20 /usr/lib/gcc/arm-none-eabi/4.9.3/armv7e-m/fpu/libgcc.a(_arm_addsubdf3.o)
 .debug_aranges
                0x0000000000000b30       0x20 /usr/lib/gcc/arm-none-eabi/4.9.3/armv7e-m/fpu/libgcc.a(_arm_muldivdf3.o)
 .debug_aranges
                0x0000000000000b50       0x20 /usr/lib/gcc/arm-none-eabi/4.9.3/armv7e-m/fpu/libgcc.a(_arm_cmpdf2.o)
 .debug_aranges
                0x0000000000000b70       0x20 /usr/lib/gcc/arm-none-eabi/4.9.3/armv7e-m/fpu/libgcc.a(_arm_fixunsdfsi.o)
 .debug_aranges
                0x0000000000000b90       0x20 /usr/lib/gcc/arm-none-eabi/4.9.3/../../../arm-none-eabi/lib/armv7e-m/fpu/libnosys.a(sbrk.o)
 .debug_aranges
                0x0000000000000bb0       0x20 /usr/lib/gcc/arm-none-eabi/4.9.3/../../../arm-none-eabi/lib/armv7e-m/fpu/libm.a(lib_a-s_cos.o)
 .debug_aranges
                0x0000000000000bd0       0x20 /usr/lib/gcc/arm-none-eabi/4.9.3/../../../arm-none-eabi/lib/armv7e-m/fpu/libm.a(lib_a-s_floor.o)
 .debug_aranges
                0x0000000000000bf0       0x20 /usr/lib/gcc/arm-none-eabi/4.9.3/../../../arm-none-eabi/lib/armv7e-m/fpu/libm.a(lib_a-s_sin.o)
 .debug_aranges
                0x0000000000000c10       0x20 /usr/lib/gcc/arm-none-eabi/4.9.3/../../../arm-none-eabi/lib/armv7e-m/fpu/libm.a(lib_a-w_sqrt.o)
 .debug_aranges
                0x0000000000000c30       0x20 /usr/lib/gcc/arm-none-eabi/4.9.3/../../../arm-none-eabi/lib/armv7e-m/fpu/libm.a(lib_a-e_rem_pio2.o)
 .debug_aranges
                0x0000000000000c50       0x20 /usr/lib/gcc/arm-none-eabi/4.9.3/../../../arm-none-eabi/lib/armv7e-m/fpu/libm.a(lib_a-e_sqrt.o)
 .debug_aranges
                0x0000000000000c70       0x20 /usr/lib/gcc/arm-none-eabi/4.9.3/../../../arm-none-eabi/lib/armv7e-m/fpu/libm.a(lib_a-k_cos.o)
 .debug_aranges
                0x0000000000000c90       0x20 /usr/lib/gcc/arm-none-eabi/4.9.3/../../../arm-none-eabi/lib/armv7e-m/fpu/libm.a(lib_a-k_rem_pio2.o)
 .debug_aranges
                0x0000000000000cb0       0x20 /usr/lib/gcc/arm-none-eabi/4.9.3/../../../arm-none-eabi/lib/armv7e-m/fpu/libm.a(lib_a-k_sin.o)
 .debug_aranges
                0x0000000000000cd0       0x20 /usr/lib/gcc/arm-none-eabi/4.9.3/../../../arm-none-eabi/lib/armv7e-m/fpu/libm.a(lib_a-s_fabs.o)
 .debug_aranges
                0x0000000000000cf0       0x20 /usr/lib/gcc/arm-none-eabi/4.9.3/../../../arm-none-eabi/lib/armv7e-m/fpu/libm.a(lib_a-s_fpclassify.o)
 .debug_aranges
                0x0000000000000d10       0x18 /usr/lib/gcc/arm-none-eabi/4.9.3/../../../arm-none-eabi/lib/armv7e-m/fpu/libm.a(lib_a-s_lib_ver.o)
 .debug_aranges
                0x0000000000000d28       0x20 /usr/lib/gcc/arm-none-eabi/4.9.3/../../../arm-none-eabi/lib/armv7e-m/fpu/libm.a(lib_a-s_matherr.o)
 .debug_aranges
                0x0000000000000d48       0x20 /usr/lib/gcc/arm-none-eabi/4.9.3/../../../arm-none-eabi/lib/armv7e-m/fpu/libm.a(lib_a-s_scalbn.o)
 .debug_aranges
                0x0000000000000d68       0x20 /usr/lib/gcc/arm-none-eabi/4.9.3/../../../arm-none-eabi/lib/armv7e-m/fpu/libm.a(lib_a-s_copysign.o)
 .debug_aranges
                0x0000000000000d88       0x20 /usr/lib/gcc/arm-none-eabi/4.9.3/armv7e-m/fpu/libgcc.a(_arm_fixdfsi.o)
 .debug_aranges
                0x0000000000000da8       0x20 /usr/lib/gcc/arm-none-eabi/4.9.3/../../../arm-none-eabi/lib/armv7e-m/fpu/libc.a(lib_a-errno.o)

.debug_ranges   0x0000000000000000      0xbb0
 .debug_ranges  0x0000000000000000       0x58 HAL.o
 .debug_ranges  0x0000000000000058       0xb0 kiss_fft.o
 .debug_ranges  0x0000000000000108       0x90 mini-printf.o
 .debug_ranges  0x0000000000000198       0x10 main.o
 .debug_ranges  0x00000000000001a8       0xb0 ../../../libopencm3/lib/libopencm3_stm32f4.a(adc.o)
 .debug_ranges  0x0000000000000258      0x138 ../../../libopencm3/lib/libopencm3_stm32f4.a(adc_common_v1.o)
 .debug_ranges  0x0000000000000390       0xe0 ../../../libopencm3/lib/libopencm3_stm32f4.a(rcc.o)
 .debug_ranges  0x0000000000000470       0x40 ../../../libopencm3/lib/libopencm3_stm32f4.a(gpio_common_all.o)
 .debug_ranges  0x00000000000004b0       0x20 ../../../libopencm3/lib/libopencm3_stm32f4.a(gpio_common_f0234.o)
 .debug_ranges  0x00000000000004d0      0x268 ../../../libopencm3/lib/libopencm3_stm32f4.a(timer_common_all.o)
 .debug_ranges  0x0000000000000738       0xa8 ../../../libopencm3/lib/libopencm3_stm32f4.a(usart_common_all.o)
 .debug_ranges  0x00000000000007e0       0x30 ../../../libopencm3/lib/libopencm3_stm32f4.a(usart_common_f124.o)
 .debug_ranges  0x0000000000000810       0x40 ../../../libopencm3/lib/libopencm3_stm32f4.a(flash_common_f234.o)
 .debug_ranges  0x0000000000000850       0x58 ../../../libopencm3/lib/libopencm3_stm32f4.a(rcc_common_all.o)
 .debug_ranges  0x00000000000008a8       0x20 ../../../libopencm3/lib/libopencm3_stm32f4.a(vector.o)
 .debug_ranges  0x00000000000008c8       0x68 ../../../libopencm3/lib/libopencm3_stm32f4.a(systick.o)
 .debug_ranges  0x0000000000000930       0x50 ../../../libopencm3/lib/libopencm3_stm32f4.a(nvic.o)
 .debug_ranges  0x0000000000000980       0x10 ../../../libopencm3/lib/libopencm3_stm32f4.a(pwr.o)
 .debug_ranges  0x0000000000000990       0x18 /usr/lib/gcc/arm-none-eabi/4.9.3/../../../arm-none-eabi/lib/armv7e-m/fpu/libc.a(lib_a-malloc.o)
 .debug_ranges  0x00000000000009a8       0x50 /usr/lib/gcc/arm-none-eabi/4.9.3/../../../arm-none-eabi/lib/armv7e-m/fpu/libc.a(lib_a-mallocr.o)
 .debug_ranges  0x00000000000009f8       0x18 /usr/lib/gcc/arm-none-eabi/4.9.3/../../../arm-none-eabi/lib/armv7e-m/fpu/libc.a(lib_a-mlock.o)
 .debug_ranges  0x0000000000000a10       0x10 /usr/lib/gcc/arm-none-eabi/4.9.3/../../../arm-none-eabi/lib/armv7e-m/fpu/libc.a(lib_a-sbrkr.o)
 .debug_ranges  0x0000000000000a20       0x10 /usr/lib/gcc/arm-none-eabi/4.9.3/../../../arm-none-eabi/lib/armv7e-m/fpu/libc.a(lib_a-strlen.o)
 .debug_ranges  0x0000000000000a30       0x18 /usr/lib/gcc/arm-none-eabi/4.9.3/../../../arm-none-eabi/lib/armv7e-m/fpu/libc.a(lib_a-freer.o)
 .debug_ranges  0x0000000000000a48       0x18 /usr/lib/gcc/arm-none-eabi/4.9.3/../../../arm-none-eabi/lib/armv7e-m/fpu/libc.a(lib_a-reent.o)
 .debug_ranges  0x0000000000000a60       0x10 /usr/lib/gcc/arm-none-eabi/4.9.3/../../../arm-none-eabi/lib/armv7e-m/fpu/libnosys.a(sbrk.o)
 .debug_ranges  0x0000000000000a70       0x10 /usr/lib/gcc/arm-none-eabi/4.9.3/../../../arm-none-eabi/lib/armv7e-m/fpu/libm.a(lib_a-s_cos.o)
 .debug_ranges  0x0000000000000a80       0x28 /usr/lib/gcc/arm-none-eabi/4.9.3/../../../arm-none-eabi/lib/armv7e-m/fpu/libm.a(lib_a-s_floor.o)
 .debug_ranges  0x0000000000000aa8       0x10 /usr/lib/gcc/arm-none-eabi/4.9.3/../../../arm-none-eabi/lib/armv7e-m/fpu/libm.a(lib_a-s_sin.o)
 .debug_ranges  0x0000000000000ab8       0x10 /usr/lib/gcc/arm-none-eabi/4.9.3/../../../arm-none-eabi/lib/armv7e-m/fpu/libm.a(lib_a-w_sqrt.o)
 .debug_ranges  0x0000000000000ac8       0x30 /usr/lib/gcc/arm-none-eabi/4.9.3/../../../arm-none-eabi/lib/armv7e-m/fpu/libm.a(lib_a-e_rem_pio2.o)
 .debug_ranges  0x0000000000000af8       0x10 /usr/lib/gcc/arm-none-eabi/4.9.3/../../../arm-none-eabi/lib/armv7e-m/fpu/libm.a(lib_a-e_sqrt.o)
 .debug_ranges  0x0000000000000b08       0x10 /usr/lib/gcc/arm-none-eabi/4.9.3/../../../arm-none-eabi/lib/armv7e-m/fpu/libm.a(lib_a-k_cos.o)
 .debug_ranges  0x0000000000000b18       0x10 /usr/lib/gcc/arm-none-eabi/4.9.3/../../../arm-none-eabi/lib/armv7e-m/fpu/libm.a(lib_a-k_rem_pio2.o)
 .debug_ranges  0x0000000000000b28       0x10 /usr/lib/gcc/arm-none-eabi/4.9.3/../../../arm-none-eabi/lib/armv7e-m/fpu/libm.a(lib_a-k_sin.o)
 .debug_ranges  0x0000000000000b38       0x10 /usr/lib/gcc/arm-none-eabi/4.9.3/../../../arm-none-eabi/lib/armv7e-m/fpu/libm.a(lib_a-s_fabs.o)
 .debug_ranges  0x0000000000000b48       0x10 /usr/lib/gcc/arm-none-eabi/4.9.3/../../../arm-none-eabi/lib/armv7e-m/fpu/libm.a(lib_a-s_fpclassify.o)
 .debug_ranges  0x0000000000000b58       0x10 /usr/lib/gcc/arm-none-eabi/4.9.3/../../../arm-none-eabi/lib/armv7e-m/fpu/libm.a(lib_a-s_matherr.o)
 .debug_ranges  0x0000000000000b68       0x28 /usr/lib/gcc/arm-none-eabi/4.9.3/../../../arm-none-eabi/lib/armv7e-m/fpu/libm.a(lib_a-s_scalbn.o)
 .debug_ranges  0x0000000000000b90       0x10 /usr/lib/gcc/arm-none-eabi/4.9.3/../../../arm-none-eabi/lib/armv7e-m/fpu/libm.a(lib_a-s_copysign.o)
 .debug_ranges  0x0000000000000ba0       0x10 /usr/lib/gcc/arm-none-eabi/4.9.3/../../../arm-none-eabi/lib/armv7e-m/fpu/libc.a(lib_a-errno.o)

.debug_line     0x0000000000000000     0x6333
 .debug_line    0x0000000000000000      0x322 HAL.o
 .debug_line    0x0000000000000322      0x325 kiss_fft.o
 .debug_line    0x0000000000000647      0x132 mini-printf.o
 .debug_line    0x0000000000000779      0x1b0 main.o
 .debug_line    0x0000000000000929      0x38f ../../../libopencm3/lib/libopencm3_stm32f4.a(adc.o)
 .debug_line    0x0000000000000cb8      0x4d0 ../../../libopencm3/lib/libopencm3_stm32f4.a(adc_common_v1.o)
 .debug_line    0x0000000000001188      0x4d0 ../../../libopencm3/lib/libopencm3_stm32f4.a(rcc.o)
 .debug_line    0x0000000000001658      0x2ab ../../../libopencm3/lib/libopencm3_stm32f4.a(gpio_common_all.o)
 .debug_line    0x0000000000001903      0x28c ../../../libopencm3/lib/libopencm3_stm32f4.a(gpio_common_f0234.o)
 .debug_line    0x0000000000001b8f      0x879 ../../../libopencm3/lib/libopencm3_stm32f4.a(timer_common_all.o)
 .debug_line    0x0000000000002408      0x3c5 ../../../libopencm3/lib/libopencm3_stm32f4.a(usart_common_all.o)
 .debug_line    0x00000000000027cd      0x2b7 ../../../libopencm3/lib/libopencm3_stm32f4.a(usart_common_f124.o)
 .debug_line    0x0000000000002a84      0x29b ../../../libopencm3/lib/libopencm3_stm32f4.a(flash_common_f234.o)
 .debug_line    0x0000000000002d1f      0x2a5 ../../../libopencm3/lib/libopencm3_stm32f4.a(rcc_common_all.o)
 .debug_line    0x0000000000002fc4      0x2ae ../../../libopencm3/lib/libopencm3_stm32f4.a(vector.o)
 .debug_line    0x0000000000003272      0x233 ../../../libopencm3/lib/libopencm3_stm32f4.a(systick.o)
 .debug_line    0x00000000000034a5      0x250 ../../../libopencm3/lib/libopencm3_stm32f4.a(nvic.o)
 .debug_line    0x00000000000036f5      0x1f9 ../../../libopencm3/lib/libopencm3_stm32f4.a(pwr.o)
 .debug_line    0x00000000000038ee      0x171 /usr/lib/gcc/arm-none-eabi/4.9.3/../../../arm-none-eabi/lib/armv7e-m/fpu/libc.a(lib_a-malloc.o)
 .debug_line    0x0000000000003a5f      0x38e /usr/lib/gcc/arm-none-eabi/4.9.3/../../../arm-none-eabi/lib/armv7e-m/fpu/libc.a(lib_a-mallocr.o)
 .debug_line    0x0000000000003ded       0xbb /usr/lib/gcc/arm-none-eabi/4.9.3/../../../arm-none-eabi/lib/armv7e-m/fpu/libc.a(lib_a-memcpy.o)
 .debug_line    0x0000000000003ea8      0x112 /usr/lib/gcc/arm-none-eabi/4.9.3/../../../arm-none-eabi/lib/armv7e-m/fpu/libc.a(lib_a-mlock.o)
 .debug_line    0x0000000000003fba      0x164 /usr/lib/gcc/arm-none-eabi/4.9.3/../../../arm-none-eabi/lib/armv7e-m/fpu/libc.a(lib_a-sbrkr.o)
 .debug_line    0x000000000000411e       0xf5 /usr/lib/gcc/arm-none-eabi/4.9.3/../../../arm-none-eabi/lib/armv7e-m/fpu/libc.a(lib_a-strlen.o)
 .debug_line    0x0000000000004213      0x271 /usr/lib/gcc/arm-none-eabi/4.9.3/../../../arm-none-eabi/lib/armv7e-m/fpu/libc.a(lib_a-freer.o)
 .debug_line    0x0000000000004484       0xf4 /usr/lib/gcc/arm-none-eabi/4.9.3/../../../arm-none-eabi/lib/armv7e-m/fpu/libc.a(lib_a-impure.o)
 .debug_line    0x0000000000004578      0x19d /usr/lib/gcc/arm-none-eabi/4.9.3/../../../arm-none-eabi/lib/armv7e-m/fpu/libc.a(lib_a-reent.o)
 .debug_line    0x0000000000004715      0x179 /usr/lib/gcc/arm-none-eabi/4.9.3/armv7e-m/fpu/libgcc.a(_arm_addsubdf3.o)
 .debug_line    0x000000000000488e      0x19d /usr/lib/gcc/arm-none-eabi/4.9.3/armv7e-m/fpu/libgcc.a(_arm_muldivdf3.o)
 .debug_line    0x0000000000004a2b       0xba /usr/lib/gcc/arm-none-eabi/4.9.3/armv7e-m/fpu/libgcc.a(_arm_cmpdf2.o)
 .debug_line    0x0000000000004ae5       0x76 /usr/lib/gcc/arm-none-eabi/4.9.3/armv7e-m/fpu/libgcc.a(_arm_fixunsdfsi.o)
 .debug_line    0x0000000000004b5b       0x5b /usr/lib/gcc/arm-none-eabi/4.9.3/../../../arm-none-eabi/lib/armv7e-m/fpu/libnosys.a(sbrk.o)
 .debug_line    0x0000000000004bb6      0x184 /usr/lib/gcc/arm-none-eabi/4.9.3/../../../arm-none-eabi/lib/armv7e-m/fpu/libm.a(lib_a-s_cos.o)
 .debug_line    0x0000000000004d3a      0x1ca /usr/lib/gcc/arm-none-eabi/4.9.3/../../../arm-none-eabi/lib/armv7e-m/fpu/libm.a(lib_a-s_floor.o)
 .debug_line    0x0000000000004f04      0x183 /usr/lib/gcc/arm-none-eabi/4.9.3/../../../arm-none-eabi/lib/armv7e-m/fpu/libm.a(lib_a-s_sin.o)
 .debug_line    0x0000000000005087      0x173 /usr/lib/gcc/arm-none-eabi/4.9.3/../../../arm-none-eabi/lib/armv7e-m/fpu/libm.a(lib_a-w_sqrt.o)
 .debug_line    0x00000000000051fa      0x203 /usr/lib/gcc/arm-none-eabi/4.9.3/../../../arm-none-eabi/lib/armv7e-m/fpu/libm.a(lib_a-e_rem_pio2.o)
 .debug_line    0x00000000000053fd      0x1a1 /usr/lib/gcc/arm-none-eabi/4.9.3/../../../arm-none-eabi/lib/armv7e-m/fpu/libm.a(lib_a-e_sqrt.o)
 .debug_line    0x000000000000559e      0x12e /usr/lib/gcc/arm-none-eabi/4.9.3/../../../arm-none-eabi/lib/armv7e-m/fpu/libm.a(lib_a-k_cos.o)
 .debug_line    0x00000000000056cc      0x370 /usr/lib/gcc/arm-none-eabi/4.9.3/../../../arm-none-eabi/lib/armv7e-m/fpu/libm.a(lib_a-k_rem_pio2.o)
 .debug_line    0x0000000000005a3c       0xe7 /usr/lib/gcc/arm-none-eabi/4.9.3/../../../arm-none-eabi/lib/armv7e-m/fpu/libm.a(lib_a-k_sin.o)
 .debug_line    0x0000000000005b23      0x158 /usr/lib/gcc/arm-none-eabi/4.9.3/../../../arm-none-eabi/lib/armv7e-m/fpu/libm.a(lib_a-s_fabs.o)
 .debug_line    0x0000000000005c7b      0x14c /usr/lib/gcc/arm-none-eabi/4.9.3/../../../arm-none-eabi/lib/armv7e-m/fpu/libm.a(lib_a-s_fpclassify.o)
 .debug_line    0x0000000000005dc7       0xa8 /usr/lib/gcc/arm-none-eabi/4.9.3/../../../arm-none-eabi/lib/armv7e-m/fpu/libm.a(lib_a-s_lib_ver.o)
 .debug_line    0x0000000000005e6f       0xb9 /usr/lib/gcc/arm-none-eabi/4.9.3/../../../arm-none-eabi/lib/armv7e-m/fpu/libm.a(lib_a-s_matherr.o)
 .debug_line    0x0000000000005f28      0x154 /usr/lib/gcc/arm-none-eabi/4.9.3/../../../arm-none-eabi/lib/armv7e-m/fpu/libm.a(lib_a-s_scalbn.o)
 .debug_line    0x000000000000607c      0x12e /usr/lib/gcc/arm-none-eabi/4.9.3/../../../arm-none-eabi/lib/armv7e-m/fpu/libm.a(lib_a-s_copysign.o)
 .debug_line    0x00000000000061aa       0x7a /usr/lib/gcc/arm-none-eabi/4.9.3/armv7e-m/fpu/libgcc.a(_arm_fixdfsi.o)
 .debug_line    0x0000000000006224      0x10f /usr/lib/gcc/arm-none-eabi/4.9.3/../../../arm-none-eabi/lib/armv7e-m/fpu/libc.a(lib_a-errno.o)

.debug_str      0x0000000000000000    0x1883b
 .debug_str     0x0000000000000000      0xc10 HAL.o
                                        0xd09 (size before relaxing)
 .debug_str     0x0000000000000c10      0x18f kiss_fft.o
                                        0x33b (size before relaxing)
 .debug_str     0x0000000000000d9f       0xac mini-printf.o
                                        0x234 (size before relaxing)
 .debug_str     0x0000000000000e4b       0x68 main.o
                                        0x32f (size before relaxing)
 .debug_str     0x0000000000000eb3     0x75f7 ../../../libopencm3/lib/libopencm3_stm32f4.a(adc.o)
                                       0x77e6 (size before relaxing)
 .debug_str     0x00000000000084aa      0x429 ../../../libopencm3/lib/libopencm3_stm32f4.a(adc_common_v1.o)
                                       0x7a86 (size before relaxing)
 .debug_str     0x00000000000088d3     0x3edb ../../../libopencm3/lib/libopencm3_stm32f4.a(rcc.o)
                                       0x8656 (size before relaxing)
 .debug_str     0x000000000000c7ae     0x140b ../../../libopencm3/lib/libopencm3_stm32f4.a(gpio_common_all.o)
                                       0x5a5d (size before relaxing)
 .debug_str     0x000000000000dbb9       0x61 ../../../libopencm3/lib/libopencm3_stm32f4.a(gpio_common_f0234.o)
                                       0x5a7f (size before relaxing)
 .debug_str     0x000000000000dc1a     0x4eac ../../../libopencm3/lib/libopencm3_stm32f4.a(timer_common_all.o)
                                       0xc761 (size before relaxing)
 .debug_str     0x0000000000012ac6     0x1301 ../../../libopencm3/lib/libopencm3_stm32f4.a(usart_common_all.o)
                                       0x8af0 (size before relaxing)
 .debug_str     0x0000000000013dc7       0x2d ../../../libopencm3/lib/libopencm3_stm32f4.a(usart_common_f124.o)
                                       0x8904 (size before relaxing)
 .debug_str     0x0000000000013df4       0x96 ../../../libopencm3/lib/libopencm3_stm32f4.a(flash_common_f234.o)
                                       0x4db8 (size before relaxing)
 .debug_str     0x0000000000013e8a      0x13b ../../../libopencm3/lib/libopencm3_stm32f4.a(rcc_common_all.o)
                                       0x80f2 (size before relaxing)
 .debug_str     0x0000000000013fc5     0x2a45 ../../../libopencm3/lib/libopencm3_stm32f4.a(vector.o)
                                       0x60c9 (size before relaxing)
 .debug_str     0x0000000000016a0a      0x2f0 ../../../libopencm3/lib/libopencm3_stm32f4.a(systick.o)
                                       0x39df (size before relaxing)
 .debug_str     0x0000000000016cfa      0x9e0 ../../../libopencm3/lib/libopencm3_stm32f4.a(nvic.o)
                                       0x4a72 (size before relaxing)
 .debug_str     0x00000000000176da        0x6 ../../../libopencm3/lib/libopencm3_stm32f4.a(pwr.o)
                                       0x498e (size before relaxing)
 .debug_str     0x00000000000176e0      0x4f8 /usr/lib/gcc/arm-none-eabi/4.9.3/../../../arm-none-eabi/lib/armv7e-m/fpu/libc.a(lib_a-malloc.o)
                                        0x5f0 (size before relaxing)
 .debug_str     0x0000000000017bd8      0x224 /usr/lib/gcc/arm-none-eabi/4.9.3/../../../arm-none-eabi/lib/armv7e-m/fpu/libc.a(lib_a-mallocr.o)
                                        0x7eb (size before relaxing)
 .debug_str     0x0000000000017dfc       0x45 /usr/lib/gcc/arm-none-eabi/4.9.3/../../../arm-none-eabi/lib/armv7e-m/fpu/libc.a(lib_a-mlock.o)
                                        0x5e5 (size before relaxing)
 .debug_str     0x0000000000017e41       0xa3 /usr/lib/gcc/arm-none-eabi/4.9.3/../../../arm-none-eabi/lib/armv7e-m/fpu/libc.a(lib_a-sbrkr.o)
                                        0x5d3 (size before relaxing)
 .debug_str     0x0000000000017ee4       0xa8 /usr/lib/gcc/arm-none-eabi/4.9.3/../../../arm-none-eabi/lib/armv7e-m/fpu/libc.a(lib_a-strlen.o)
                                        0x218 (size before relaxing)
 .debug_str     0x0000000000017f8c       0x34 /usr/lib/gcc/arm-none-eabi/4.9.3/../../../arm-none-eabi/lib/armv7e-m/fpu/libc.a(lib_a-freer.o)
                                        0x735 (size before relaxing)
 .debug_str     0x0000000000017fc0       0x4f /usr/lib/gcc/arm-none-eabi/4.9.3/../../../arm-none-eabi/lib/armv7e-m/fpu/libc.a(lib_a-impure.o)
                                        0x5dc (size before relaxing)
 .debug_str     0x000000000001800f       0x5b /usr/lib/gcc/arm-none-eabi/4.9.3/../../../arm-none-eabi/lib/armv7e-m/fpu/libc.a(lib_a-reent.o)
                                        0x5fb (size before relaxing)
 .debug_str     0x000000000001806a      0x135 /usr/lib/gcc/arm-none-eabi/4.9.3/../../../arm-none-eabi/lib/armv7e-m/fpu/libnosys.a(sbrk.o)
                                        0x14e (size before relaxing)
 .debug_str     0x000000000001819f       0xcd /usr/lib/gcc/arm-none-eabi/4.9.3/../../../arm-none-eabi/lib/armv7e-m/fpu/libm.a(lib_a-s_cos.o)
                                        0x248 (size before relaxing)
 .debug_str     0x000000000001826c       0xd5 /usr/lib/gcc/arm-none-eabi/4.9.3/../../../arm-none-eabi/lib/armv7e-m/fpu/libm.a(lib_a-s_floor.o)
                                        0x271 (size before relaxing)
 .debug_str     0x0000000000018341       0x2e /usr/lib/gcc/arm-none-eabi/4.9.3/../../../arm-none-eabi/lib/armv7e-m/fpu/libm.a(lib_a-s_sin.o)
                                        0x248 (size before relaxing)
 .debug_str     0x000000000001836f       0xd7 /usr/lib/gcc/arm-none-eabi/4.9.3/../../../arm-none-eabi/lib/armv7e-m/fpu/libm.a(lib_a-w_sqrt.o)
                                        0x2c4 (size before relaxing)
 .debug_str     0x0000000000018446       0xae /usr/lib/gcc/arm-none-eabi/4.9.3/../../../arm-none-eabi/lib/armv7e-m/fpu/libm.a(lib_a-e_rem_pio2.o)
                                        0x2e1 (size before relaxing)
 .debug_str     0x00000000000184f4       0x34 /usr/lib/gcc/arm-none-eabi/4.9.3/../../../arm-none-eabi/lib/armv7e-m/fpu/libm.a(lib_a-e_sqrt.o)
                                        0x26d (size before relaxing)
 .debug_str     0x0000000000018528       0x2e /usr/lib/gcc/arm-none-eabi/4.9.3/../../../arm-none-eabi/lib/armv7e-m/fpu/libm.a(lib_a-k_cos.o)
                                        0x25b (size before relaxing)
 .debug_str     0x0000000000018556       0x69 /usr/lib/gcc/arm-none-eabi/4.9.3/../../../arm-none-eabi/lib/armv7e-m/fpu/libm.a(lib_a-k_rem_pio2.o)
                                        0x279 (size before relaxing)
 .debug_str     0x00000000000185bf       0x2e /usr/lib/gcc/arm-none-eabi/4.9.3/../../../arm-none-eabi/lib/armv7e-m/fpu/libm.a(lib_a-k_sin.o)
                                        0x22d (size before relaxing)
 .debug_str     0x00000000000185ed       0x2f /usr/lib/gcc/arm-none-eabi/4.9.3/../../../arm-none-eabi/lib/armv7e-m/fpu/libm.a(lib_a-s_fabs.o)
                                        0x24f (size before relaxing)
 .debug_str     0x000000000001861c       0xa1 /usr/lib/gcc/arm-none-eabi/4.9.3/../../../arm-none-eabi/lib/armv7e-m/fpu/libm.a(lib_a-s_fpclassify.o)
                                        0x235 (size before relaxing)
 .debug_str     0x00000000000186bd       0x34 /usr/lib/gcc/arm-none-eabi/4.9.3/../../../arm-none-eabi/lib/armv7e-m/fpu/libm.a(lib_a-s_lib_ver.o)
                                        0x274 (size before relaxing)
 .debug_str     0x00000000000186f1       0x34 /usr/lib/gcc/arm-none-eabi/4.9.3/../../../arm-none-eabi/lib/armv7e-m/fpu/libm.a(lib_a-s_matherr.o)
                                        0x246 (size before relaxing)
 .debug_str     0x0000000000018725       0x49 /usr/lib/gcc/arm-none-eabi/4.9.3/../../../arm-none-eabi/lib/armv7e-m/fpu/libm.a(lib_a-s_scalbn.o)
                                        0x281 (size before relaxing)
 .debug_str     0x000000000001876e       0x35 /usr/lib/gcc/arm-none-eabi/4.9.3/../../../arm-none-eabi/lib/armv7e-m/fpu/libm.a(lib_a-s_copysign.o)
                                        0x256 (size before relaxing)
 .debug_str     0x00000000000187a3       0x98 /usr/lib/gcc/arm-none-eabi/4.9.3/../../../arm-none-eabi/lib/armv7e-m/fpu/libc.a(lib_a-errno.o)
                                        0x5c4 (size before relaxing)

.comment        0x0000000000000000       0x70
 .comment       0x0000000000000000       0x38 HAL.o
                                         0x39 (size before relaxing)
 .comment       0x0000000000000038       0x39 kiss_fft.o
 .comment       0x0000000000000038       0x39 mini-printf.o
 .comment       0x0000000000000038       0x39 main.o
 .comment       0x0000000000000038       0x39 ../../../libopencm3/lib/libopencm3_stm32f4.a(adc.o)
 .comment       0x0000000000000038       0x39 ../../../libopencm3/lib/libopencm3_stm32f4.a(adc_common_v1.o)
 .comment       0x0000000000000038       0x39 ../../../libopencm3/lib/libopencm3_stm32f4.a(rcc.o)
 .comment       0x0000000000000038       0x39 ../../../libopencm3/lib/libopencm3_stm32f4.a(gpio_common_all.o)
 .comment       0x0000000000000038       0x39 ../../../libopencm3/lib/libopencm3_stm32f4.a(gpio_common_f0234.o)
 .comment       0x0000000000000038       0x39 ../../../libopencm3/lib/libopencm3_stm32f4.a(timer_common_all.o)
 .comment       0x0000000000000038       0x39 ../../../libopencm3/lib/libopencm3_stm32f4.a(usart_common_all.o)
 .comment       0x0000000000000038       0x39 ../../../libopencm3/lib/libopencm3_stm32f4.a(usart_common_f124.o)
 .comment       0x0000000000000038       0x39 ../../../libopencm3/lib/libopencm3_stm32f4.a(flash_common_f234.o)
 .comment       0x0000000000000038       0x39 ../../../libopencm3/lib/libopencm3_stm32f4.a(rcc_common_all.o)
 .comment       0x0000000000000038       0x39 ../../../libopencm3/lib/libopencm3_stm32f4.a(vector.o)
 .comment       0x0000000000000038       0x39 ../../../libopencm3/lib/libopencm3_stm32f4.a(systick.o)
 .comment       0x0000000000000038       0x39 ../../../libopencm3/lib/libopencm3_stm32f4.a(nvic.o)
 .comment       0x0000000000000038       0x39 ../../../libopencm3/lib/libopencm3_stm32f4.a(pwr.o)
 .comment       0x0000000000000038       0x38 /usr/lib/gcc/arm-none-eabi/4.9.3/../../../arm-none-eabi/lib/armv7e-m/fpu/libc.a(lib_a-malloc.o)
                                         0x39 (size before relaxing)
 .comment       0x0000000000000070       0x39 /usr/lib/gcc/arm-none-eabi/4.9.3/../../../arm-none-eabi/lib/armv7e-m/fpu/libc.a(lib_a-mallocr.o)
 .comment       0x0000000000000070       0x39 /usr/lib/gcc/arm-none-eabi/4.9.3/../../../arm-none-eabi/lib/armv7e-m/fpu/libc.a(lib_a-mlock.o)
 .comment       0x0000000000000070       0x39 /usr/lib/gcc/arm-none-eabi/4.9.3/../../../arm-none-eabi/lib/armv7e-m/fpu/libc.a(lib_a-sbrkr.o)
 .comment       0x0000000000000070       0x39 /usr/lib/gcc/arm-none-eabi/4.9.3/../../../arm-none-eabi/lib/armv7e-m/fpu/libc.a(lib_a-strlen.o)
 .comment       0x0000000000000070       0x39 /usr/lib/gcc/arm-none-eabi/4.9.3/../../../arm-none-eabi/lib/armv7e-m/fpu/libc.a(lib_a-freer.o)
 .comment       0x0000000000000070       0x39 /usr/lib/gcc/arm-none-eabi/4.9.3/../../../arm-none-eabi/lib/armv7e-m/fpu/libc.a(lib_a-impure.o)
 .comment       0x0000000000000070       0x39 /usr/lib/gcc/arm-none-eabi/4.9.3/../../../arm-none-eabi/lib/armv7e-m/fpu/libc.a(lib_a-reent.o)
 .comment       0x0000000000000070       0x39 /usr/lib/gcc/arm-none-eabi/4.9.3/../../../arm-none-eabi/lib/armv7e-m/fpu/libnosys.a(sbrk.o)
 .comment       0x0000000000000070       0x39 /usr/lib/gcc/arm-none-eabi/4.9.3/../../../arm-none-eabi/lib/armv7e-m/fpu/libm.a(lib_a-s_cos.o)
 .comment       0x0000000000000070       0x39 /usr/lib/gcc/arm-none-eabi/4.9.3/../../../arm-none-eabi/lib/armv7e-m/fpu/libm.a(lib_a-s_floor.o)
 .comment       0x0000000000000070       0x39 /usr/lib/gcc/arm-none-eabi/4.9.3/../../../arm-none-eabi/lib/armv7e-m/fpu/libm.a(lib_a-s_sin.o)
 .comment       0x0000000000000070       0x39 /usr/lib/gcc/arm-none-eabi/4.9.3/../../../arm-none-eabi/lib/armv7e-m/fpu/libm.a(lib_a-w_sqrt.o)
 .comment       0x0000000000000070       0x39 /usr/lib/gcc/arm-none-eabi/4.9.3/../../../arm-none-eabi/lib/armv7e-m/fpu/libm.a(lib_a-e_rem_pio2.o)
 .comment       0x0000000000000070       0x39 /usr/lib/gcc/arm-none-eabi/4.9.3/../../../arm-none-eabi/lib/armv7e-m/fpu/libm.a(lib_a-e_sqrt.o)
 .comment       0x0000000000000070       0x39 /usr/lib/gcc/arm-none-eabi/4.9.3/../../../arm-none-eabi/lib/armv7e-m/fpu/libm.a(lib_a-k_cos.o)
 .comment       0x0000000000000070       0x39 /usr/lib/gcc/arm-none-eabi/4.9.3/../../../arm-none-eabi/lib/armv7e-m/fpu/libm.a(lib_a-k_rem_pio2.o)
 .comment       0x0000000000000070       0x39 /usr/lib/gcc/arm-none-eabi/4.9.3/../../../arm-none-eabi/lib/armv7e-m/fpu/libm.a(lib_a-k_sin.o)
 .comment       0x0000000000000070       0x39 /usr/lib/gcc/arm-none-eabi/4.9.3/../../../arm-none-eabi/lib/armv7e-m/fpu/libm.a(lib_a-s_fabs.o)
 .comment       0x0000000000000070       0x39 /usr/lib/gcc/arm-none-eabi/4.9.3/../../../arm-none-eabi/lib/armv7e-m/fpu/libm.a(lib_a-s_fpclassify.o)
 .comment       0x0000000000000070       0x39 /usr/lib/gcc/arm-none-eabi/4.9.3/../../../arm-none-eabi/lib/armv7e-m/fpu/libm.a(lib_a-s_lib_ver.o)
 .comment       0x0000000000000070       0x39 /usr/lib/gcc/arm-none-eabi/4.9.3/../../../arm-none-eabi/lib/armv7e-m/fpu/libm.a(lib_a-s_matherr.o)
 .comment       0x0000000000000070       0x39 /usr/lib/gcc/arm-none-eabi/4.9.3/../../../arm-none-eabi/lib/armv7e-m/fpu/libm.a(lib_a-s_scalbn.o)
 .comment       0x0000000000000070       0x39 /usr/lib/gcc/arm-none-eabi/4.9.3/../../../arm-none-eabi/lib/armv7e-m/fpu/libm.a(lib_a-s_copysign.o)
 .comment       0x0000000000000070       0x39 /usr/lib/gcc/arm-none-eabi/4.9.3/../../../arm-none-eabi/lib/armv7e-m/fpu/libc.a(lib_a-errno.o)

.ARM.attributes
                0x0000000000000000       0x37
 .ARM.attributes
                0x0000000000000000       0x39 HAL.o
 .ARM.attributes
                0x0000000000000039       0x39 kiss_fft.o
 .ARM.attributes
                0x0000000000000072       0x39 mini-printf.o
 .ARM.attributes
                0x00000000000000ab       0x39 main.o
 .ARM.attributes
                0x00000000000000e4       0x39 ../../../libopencm3/lib/libopencm3_stm32f4.a(adc.o)
 .ARM.attributes
                0x000000000000011d       0x39 ../../../libopencm3/lib/libopencm3_stm32f4.a(adc_common_v1.o)
 .ARM.attributes
                0x0000000000000156       0x39 ../../../libopencm3/lib/libopencm3_stm32f4.a(rcc.o)
 .ARM.attributes
                0x000000000000018f       0x39 ../../../libopencm3/lib/libopencm3_stm32f4.a(gpio_common_all.o)
 .ARM.attributes
                0x00000000000001c8       0x39 ../../../libopencm3/lib/libopencm3_stm32f4.a(gpio_common_f0234.o)
 .ARM.attributes
                0x0000000000000201       0x39 ../../../libopencm3/lib/libopencm3_stm32f4.a(timer_common_all.o)
 .ARM.attributes
                0x000000000000023a       0x39 ../../../libopencm3/lib/libopencm3_stm32f4.a(usart_common_all.o)
 .ARM.attributes
                0x0000000000000273       0x39 ../../../libopencm3/lib/libopencm3_stm32f4.a(usart_common_f124.o)
 .ARM.attributes
                0x00000000000002ac       0x39 ../../../libopencm3/lib/libopencm3_stm32f4.a(flash_common_f234.o)
 .ARM.attributes
                0x00000000000002e5       0x39 ../../../libopencm3/lib/libopencm3_stm32f4.a(rcc_common_all.o)
 .ARM.attributes
                0x000000000000031e       0x39 ../../../libopencm3/lib/libopencm3_stm32f4.a(vector.o)
 .ARM.attributes
                0x0000000000000357       0x39 ../../../libopencm3/lib/libopencm3_stm32f4.a(systick.o)
 .ARM.attributes
                0x0000000000000390       0x39 ../../../libopencm3/lib/libopencm3_stm32f4.a(nvic.o)
 .ARM.attributes
                0x00000000000003c9       0x39 ../../../libopencm3/lib/libopencm3_stm32f4.a(pwr.o)
 .ARM.attributes
                0x0000000000000402       0x34 /usr/lib/gcc/arm-none-eabi/4.9.3/../../../arm-none-eabi/lib/armv7e-m/fpu/libc.a(lib_a-malloc.o)
 .ARM.attributes
                0x0000000000000436       0x34 /usr/lib/gcc/arm-none-eabi/4.9.3/../../../arm-none-eabi/lib/armv7e-m/fpu/libc.a(lib_a-mallocr.o)
 .ARM.attributes
                0x000000000000046a       0x20 /usr/lib/gcc/arm-none-eabi/4.9.3/../../../arm-none-eabi/lib/armv7e-m/fpu/libc.a(lib_a-memcpy.o)
 .ARM.attributes
                0x000000000000048a       0x34 /usr/lib/gcc/arm-none-eabi/4.9.3/../../../arm-none-eabi/lib/armv7e-m/fpu/libc.a(lib_a-mlock.o)
 .ARM.attributes
                0x00000000000004be       0x34 /usr/lib/gcc/arm-none-eabi/4.9.3/../../../arm-none-eabi/lib/armv7e-m/fpu/libc.a(lib_a-sbrkr.o)
 .ARM.attributes
                0x00000000000004f2       0x34 /usr/lib/gcc/arm-none-eabi/4.9.3/../../../arm-none-eabi/lib/armv7e-m/fpu/libc.a(lib_a-strlen.o)
 .ARM.attributes
                0x0000000000000526       0x34 /usr/lib/gcc/arm-none-eabi/4.9.3/../../../arm-none-eabi/lib/armv7e-m/fpu/libc.a(lib_a-freer.o)
 .ARM.attributes
                0x000000000000055a       0x34 /usr/lib/gcc/arm-none-eabi/4.9.3/../../../arm-none-eabi/lib/armv7e-m/fpu/libc.a(lib_a-impure.o)
 .ARM.attributes
                0x000000000000058e       0x34 /usr/lib/gcc/arm-none-eabi/4.9.3/../../../arm-none-eabi/lib/armv7e-m/fpu/libc.a(lib_a-reent.o)
 .ARM.attributes
                0x00000000000005c2       0x22 /usr/lib/gcc/arm-none-eabi/4.9.3/armv7e-m/fpu/libgcc.a(_arm_addsubdf3.o)
 .ARM.attributes
                0x00000000000005e4       0x22 /usr/lib/gcc/arm-none-eabi/4.9.3/armv7e-m/fpu/libgcc.a(_arm_muldivdf3.o)
 .ARM.attributes
                0x0000000000000606       0x22 /usr/lib/gcc/arm-none-eabi/4.9.3/armv7e-m/fpu/libgcc.a(_arm_cmpdf2.o)
 .ARM.attributes
                0x0000000000000628       0x22 /usr/lib/gcc/arm-none-eabi/4.9.3/armv7e-m/fpu/libgcc.a(_arm_fixunsdfsi.o)
 .ARM.attributes
                0x000000000000064a       0x34 /usr/lib/gcc/arm-none-eabi/4.9.3/../../../arm-none-eabi/lib/armv7e-m/fpu/libnosys.a(sbrk.o)
 .ARM.attributes
                0x000000000000067e       0x34 /usr/lib/gcc/arm-none-eabi/4.9.3/../../../arm-none-eabi/lib/armv7e-m/fpu/libm.a(lib_a-s_cos.o)
 .ARM.attributes
                0x00000000000006b2       0x34 /usr/lib/gcc/arm-none-eabi/4.9.3/../../../arm-none-eabi/lib/armv7e-m/fpu/libm.a(lib_a-s_floor.o)
 .ARM.attributes
                0x00000000000006e6       0x34 /usr/lib/gcc/arm-none-eabi/4.9.3/../../../arm-none-eabi/lib/armv7e-m/fpu/libm.a(lib_a-s_sin.o)
 .ARM.attributes
                0x000000000000071a       0x34 /usr/lib/gcc/arm-none-eabi/4.9.3/../../../arm-none-eabi/lib/armv7e-m/fpu/libm.a(lib_a-w_sqrt.o)
 .ARM.attributes
                0x000000000000074e       0x34 /usr/lib/gcc/arm-none-eabi/4.9.3/../../../arm-none-eabi/lib/armv7e-m/fpu/libm.a(lib_a-e_rem_pio2.o)
 .ARM.attributes
                0x0000000000000782       0x34 /usr/lib/gcc/arm-none-eabi/4.9.3/../../../arm-none-eabi/lib/armv7e-m/fpu/libm.a(lib_a-e_sqrt.o)
 .ARM.attributes
                0x00000000000007b6       0x34 /usr/lib/gcc/arm-none-eabi/4.9.3/../../../arm-none-eabi/lib/armv7e-m/fpu/libm.a(lib_a-k_cos.o)
 .ARM.attributes
                0x00000000000007ea       0x34 /usr/lib/gcc/arm-none-eabi/4.9.3/../../../arm-none-eabi/lib/armv7e-m/fpu/libm.a(lib_a-k_rem_pio2.o)
 .ARM.attributes
                0x000000000000081e       0x34 /usr/lib/gcc/arm-none-eabi/4.9.3/../../../arm-none-eabi/lib/armv7e-m/fpu/libm.a(lib_a-k_sin.o)
 .ARM.attributes
                0x0000000000000852       0x34 /usr/lib/gcc/arm-none-eabi/4.9.3/../../../arm-none-eabi/lib/armv7e-m/fpu/libm.a(lib_a-s_fabs.o)
 .ARM.attributes
                0x0000000000000886       0x34 /usr/lib/gcc/arm-none-eabi/4.9.3/../../../arm-none-eabi/lib/armv7e-m/fpu/libm.a(lib_a-s_fpclassify.o)
 .ARM.attributes
                0x00000000000008ba       0x34 /usr/lib/gcc/arm-none-eabi/4.9.3/../../../arm-none-eabi/lib/armv7e-m/fpu/libm.a(lib_a-s_lib_ver.o)
 .ARM.attributes
                0x00000000000008ee       0x34 /usr/lib/gcc/arm-none-eabi/4.9.3/../../../arm-none-eabi/lib/armv7e-m/fpu/libm.a(lib_a-s_matherr.o)
 .ARM.attributes
                0x0000000000000922       0x34 /usr/lib/gcc/arm-none-eabi/4.9.3/../../../arm-none-eabi/lib/armv7e-m/fpu/libm.a(lib_a-s_scalbn.o)
 .ARM.attributes
                0x0000000000000956       0x34 /usr/lib/gcc/arm-none-eabi/4.9.3/../../../arm-none-eabi/lib/armv7e-m/fpu/libm.a(lib_a-s_copysign.o)
 .ARM.attributes
                0x000000000000098a       0x22 /usr/lib/gcc/arm-none-eabi/4.9.3/armv7e-m/fpu/libgcc.a(_arm_fixdfsi.o)
 .ARM.attributes
                0x00000000000009ac       0x34 /usr/lib/gcc/arm-none-eabi/4.9.3/../../../arm-none-eabi/lib/armv7e-m/fpu/libc.a(lib_a-errno.o)

.debug_frame    0x0000000000000000     0x1904
 .debug_frame   0x0000000000000000      0x14c HAL.o
 .debug_frame   0x000000000000014c       0xd0 kiss_fft.o
 .debug_frame   0x000000000000021c       0xa4 mini-printf.o
 .debug_frame   0x00000000000002c0       0x38 main.o
 .debug_frame   0x00000000000002f8      0x170 ../../../libopencm3/lib/libopencm3_stm32f4.a(adc.o)
 .debug_frame   0x0000000000000468      0x294 ../../../libopencm3/lib/libopencm3_stm32f4.a(adc_common_v1.o)
 .debug_frame   0x00000000000006fc      0x1ec ../../../libopencm3/lib/libopencm3_stm32f4.a(rcc.o)
 .debug_frame   0x00000000000008e8       0x80 ../../../libopencm3/lib/libopencm3_stm32f4.a(gpio_common_all.o)
 .debug_frame   0x0000000000000968       0x6c ../../../libopencm3/lib/libopencm3_stm32f4.a(gpio_common_f0234.o)
 .debug_frame   0x00000000000009d4      0x4d8 ../../../libopencm3/lib/libopencm3_stm32f4.a(timer_common_all.o)
 .debug_frame   0x0000000000000eac      0x178 ../../../libopencm3/lib/libopencm3_stm32f4.a(usart_common_all.o)
 .debug_frame   0x0000000000001024       0x60 ../../../libopencm3/lib/libopencm3_stm32f4.a(usart_common_f124.o)
 .debug_frame   0x0000000000001084       0x80 ../../../libopencm3/lib/libopencm3_stm32f4.a(flash_common_f234.o)
 .debug_frame   0x0000000000001104       0xb0 ../../../libopencm3/lib/libopencm3_stm32f4.a(rcc_common_all.o)
 .debug_frame   0x00000000000011b4       0x40 ../../../libopencm3/lib/libopencm3_stm32f4.a(vector.o)
 .debug_frame   0x00000000000011f4       0xd8 ../../../libopencm3/lib/libopencm3_stm32f4.a(systick.o)
 .debug_frame   0x00000000000012cc       0xa0 ../../../libopencm3/lib/libopencm3_stm32f4.a(nvic.o)
 .debug_frame   0x000000000000136c       0x20 ../../../libopencm3/lib/libopencm3_stm32f4.a(pwr.o)
 .debug_frame   0x000000000000138c       0x30 /usr/lib/gcc/arm-none-eabi/4.9.3/../../../arm-none-eabi/lib/armv7e-m/fpu/libc.a(lib_a-malloc.o)
 .debug_frame   0x00000000000013bc       0x58 /usr/lib/gcc/arm-none-eabi/4.9.3/../../../arm-none-eabi/lib/armv7e-m/fpu/libc.a(lib_a-mallocr.o)
 .debug_frame   0x0000000000001414       0x30 /usr/lib/gcc/arm-none-eabi/4.9.3/../../../arm-none-eabi/lib/armv7e-m/fpu/libc.a(lib_a-mlock.o)
 .debug_frame   0x0000000000001444       0x2c /usr/lib/gcc/arm-none-eabi/4.9.3/../../../arm-none-eabi/lib/armv7e-m/fpu/libc.a(lib_a-sbrkr.o)
 .debug_frame   0x0000000000001470       0x20 /usr/lib/gcc/arm-none-eabi/4.9.3/../../../arm-none-eabi/lib/armv7e-m/fpu/libc.a(lib_a-strlen.o)
 .debug_frame   0x0000000000001490       0x74 /usr/lib/gcc/arm-none-eabi/4.9.3/../../../arm-none-eabi/lib/armv7e-m/fpu/libc.a(lib_a-freer.o)
 .debug_frame   0x0000000000001504       0x58 /usr/lib/gcc/arm-none-eabi/4.9.3/../../../arm-none-eabi/lib/armv7e-m/fpu/libc.a(lib_a-reent.o)
 .debug_frame   0x000000000000155c       0x20 /usr/lib/gcc/arm-none-eabi/4.9.3/../../../arm-none-eabi/lib/armv7e-m/fpu/libnosys.a(sbrk.o)